Component: ARM Compiler 5.06 update 7 (build 960) Tool: armlink [4d3601]

==============================================================================

Section Cross References

    main.o(i.gpio_config) refers to gd32f1x0_gpio.o(i.gpio_mode_set) for gpio_mode_set
    main.o(i.gpio_config) refers to gd32f1x0_gpio.o(i.gpio_output_options_set) for gpio_output_options_set
    main.o(i.main) refers to main.o(i.rcu_config) for rcu_config
    main.o(i.main) refers to main.o(i.gpio_config) for gpio_config
    main.o(i.main) refers to usbd_core.o(i.usbd_core_init) for usbd_core_init
    main.o(i.main) refers to main.o(i.nvic_config) for nvic_config
    main.o(i.main) refers to gd32f1x0_gpio.o(i.gpio_bit_set) for gpio_bit_set
    main.o(i.main) refers to main.o(.data) for usb_device_dev
    main.o(i.nvic_config) refers to gd32f1x0_misc.o(i.nvic_priority_group_set) for nvic_priority_group_set
    main.o(i.nvic_config) refers to gd32f1x0_misc.o(i.nvic_irq_enable) for nvic_irq_enable
    main.o(i.rcu_config) refers to gd32f1x0_rcu.o(i.rcu_periph_clock_enable) for rcu_periph_clock_enable
    main.o(i.rcu_config) refers to gd32f1x0_rcu.o(i.rcu_usbd_clock_config) for rcu_usbd_clock_config
    main.o(.data) refers to msc_core.o(.constdata) for device_descripter
    main.o(.data) refers to msc_core.o(i.msc_init) for msc_init
    main.o(.data) refers to msc_core.o(i.msc_deinit) for msc_deinit
    main.o(.data) refers to msc_core.o(i.msc_req_handler) for msc_req_handler
    main.o(.data) refers to msc_core.o(i.msc_data_handler) for msc_data_handler
    gd32f1x0_it.o(i.USBDWakeUp_IRQHandler) refers to gd32f1x0_exti.o(i.exti_interrupt_flag_clear) for exti_interrupt_flag_clear
    gd32f1x0_it.o(i.USBD_LP_IRQHandler) refers to usbd_int.o(i.usbd_isr) for usbd_isr
    msc_core.o(i.msc_data_handler) refers to bbb_scsi_driver.o(i.process_scsi_command) for process_scsi_command
    msc_core.o(i.msc_data_handler) refers to bbb_scsi_driver.o(i.scsi_command_parse) for scsi_command_parse
    msc_core.o(i.msc_data_handler) refers to bbb_scsi_driver.o(.data) for g_bbb_transport_stage
    msc_core.o(i.msc_deinit) refers to usbd_core.o(i.usbd_ep_deinit) for usbd_ep_deinit
    msc_core.o(i.msc_deinit) refers to usbd_core.o(i.usbd_ep_rx) for usbd_ep_rx
    msc_core.o(i.msc_deinit) refers to bbb_scsi_driver.o(.data) for g_bbb_transport_stage
    msc_core.o(i.msc_deinit) refers to bbb_scsi_driver.o(.bss) for bbb_cbw
    msc_core.o(i.msc_init) refers to usbd_core.o(i.usbd_ep_init) for usbd_ep_init
    msc_core.o(i.msc_init) refers to flash_access.o(i.flash_init) for flash_init
    msc_core.o(i.msc_init) refers to usbd_core.o(i.usbd_ep_rx) for usbd_ep_rx
    msc_core.o(i.msc_init) refers to msc_core.o(.constdata) for configuration_descriptor
    msc_core.o(i.msc_init) refers to bbb_scsi_driver.o(.data) for g_bbb_transport_stage
    msc_core.o(i.msc_init) refers to bbb_scsi_driver.o(.bss) for bbb_cbw
    msc_core.o(i.msc_req_handler) refers to usbd_core.o(i.usbd_ep_tx) for usbd_ep_tx
    msc_core.o(i.msc_req_handler) refers to usbd_core.o(i.usbd_ep_rx) for usbd_ep_rx
    msc_core.o(i.msc_req_handler) refers to usbd_std.o(i.usbd_enum_error) for usbd_enum_error
    msc_core.o(i.msc_req_handler) refers to usbd_core.o(i.usbd_ep_stall) for usbd_ep_stall
    msc_core.o(i.msc_req_handler) refers to msc_core.o(.data) for usbd_msc_maxlun
    msc_core.o(i.msc_req_handler) refers to bbb_scsi_driver.o(.data) for g_bbb_transport_stage
    msc_core.o(i.msc_req_handler) refers to bbb_scsi_driver.o(.bss) for bbb_cbw
    flash_access.o(i.flash_init) refers to gd32f1x0_fmc.o(i.fmc_unlock) for fmc_unlock
    flash_access.o(i.flash_write_multi_blocks) refers to gd32f1x0_fmc.o(i.fmc_page_erase) for fmc_page_erase
    flash_access.o(i.flash_write_multi_blocks) refers to gd32f1x0_fmc.o(i.fmc_word_program) for fmc_word_program
    bbb_scsi_driver.o(i.bbb_report_array_to_host) refers to usbd_core.o(i.usbd_ep_tx) for usbd_ep_tx
    bbb_scsi_driver.o(i.bbb_report_array_to_host) refers to bbb_scsi_driver.o(i.bbb_set_csw) for bbb_set_csw
    bbb_scsi_driver.o(i.bbb_report_array_to_host) refers to usbd_core.o(i.usbd_ep_rx) for usbd_ep_rx
    bbb_scsi_driver.o(i.bbb_report_array_to_host) refers to bbb_scsi_driver.o(.data) for g_bbb_transport_stage
    bbb_scsi_driver.o(i.bbb_report_array_to_host) refers to bbb_scsi_driver.o(.bss) for bbb_cbw
    bbb_scsi_driver.o(i.bbb_set_csw) refers to bbb_scsi_driver.o(.bss) for bbb_csw
    bbb_scsi_driver.o(i.process_scsi_command) refers to bbb_scsi_driver.o(i.bbb_report_array_to_host) for bbb_report_array_to_host
    bbb_scsi_driver.o(i.process_scsi_command) refers to flash_access.o(i.flash_read_multi_blocks) for flash_read_multi_blocks
    bbb_scsi_driver.o(i.process_scsi_command) refers to usbd_core.o(i.usbd_ep_tx) for usbd_ep_tx
    bbb_scsi_driver.o(i.process_scsi_command) refers to bbb_scsi_driver.o(i.bbb_set_csw) for bbb_set_csw
    bbb_scsi_driver.o(i.process_scsi_command) refers to usbd_core.o(i.usbd_ep_rx) for usbd_ep_rx
    bbb_scsi_driver.o(i.process_scsi_command) refers to flash_access.o(i.flash_write_multi_blocks) for flash_write_multi_blocks
    bbb_scsi_driver.o(i.process_scsi_command) refers to bbb_scsi_driver.o(.bss) for scsi_cmd
    bbb_scsi_driver.o(i.process_scsi_command) refers to bbb_scsi_driver.o(.data) for disk_inquiry_data
    bbb_scsi_driver.o(i.scsi_command_parse) refers to bbb_scsi_driver.o(.bss) for bbb_cbw
    system_gd32f1x0.o(i.SystemCoreClockUpdate) refers to system_gd32f1x0.o(.data) for SystemCoreClock
    system_gd32f1x0.o(i.SystemInit) refers to system_gd32f1x0.o(i.system_clock_config) for system_clock_config
    system_gd32f1x0.o(i.system_clock_config) refers to system_gd32f1x0.o(i.system_clock_8m_irc8m) for system_clock_8m_irc8m
    gd32f1x0_pmu.o(i.pmu_deinit) refers to gd32f1x0_rcu.o(i.rcu_periph_reset_enable) for rcu_periph_reset_enable
    gd32f1x0_pmu.o(i.pmu_deinit) refers to gd32f1x0_rcu.o(i.rcu_periph_reset_disable) for rcu_periph_reset_disable
    gd32f1x0_pmu.o(i.pmu_to_deepsleepmode) refers to gd32f1x0_pmu.o(.bss) for reg_snap
    gd32f1x0_usart.o(i.usart_baudrate_set) refers to gd32f1x0_rcu.o(i.rcu_clock_freq_get) for rcu_clock_freq_get
    gd32f1x0_usart.o(i.usart_deinit) refers to gd32f1x0_rcu.o(i.rcu_periph_reset_enable) for rcu_periph_reset_enable
    gd32f1x0_usart.o(i.usart_deinit) refers to gd32f1x0_rcu.o(i.rcu_periph_reset_disable) for rcu_periph_reset_disable
    gd32f1x0_syscfg.o(i.syscfg_deinit) refers to gd32f1x0_rcu.o(i.rcu_periph_reset_enable) for rcu_periph_reset_enable
    gd32f1x0_syscfg.o(i.syscfg_deinit) refers to gd32f1x0_rcu.o(i.rcu_periph_reset_disable) for rcu_periph_reset_disable
    gd32f1x0_rcu.o(i.rcu_osci_stab_wait) refers to gd32f1x0_rcu.o(i.rcu_flag_get) for rcu_flag_get
    gd32f1x0_gpio.o(i.gpio_deinit) refers to gd32f1x0_rcu.o(i.rcu_periph_reset_enable) for rcu_periph_reset_enable
    gd32f1x0_gpio.o(i.gpio_deinit) refers to gd32f1x0_rcu.o(i.rcu_periph_reset_disable) for rcu_periph_reset_disable
    gd32f1x0_fmc.o(i.fmc_halfword_program) refers to gd32f1x0_fmc.o(i.fmc_ready_wait) for fmc_ready_wait
    gd32f1x0_fmc.o(i.fmc_mass_erase) refers to gd32f1x0_fmc.o(i.fmc_ready_wait) for fmc_ready_wait
    gd32f1x0_fmc.o(i.fmc_page_erase) refers to gd32f1x0_fmc.o(i.fmc_ready_wait) for fmc_ready_wait
    gd32f1x0_fmc.o(i.fmc_ready_wait) refers to gd32f1x0_fmc.o(i.fmc_state_get) for fmc_state_get
    gd32f1x0_fmc.o(i.fmc_wait_state_disable) refers to gd32f1x0_fmc.o(i.fmc_unlock) for fmc_unlock
    gd32f1x0_fmc.o(i.fmc_wait_state_disable) refers to gd32f1x0_fmc.o(i.fmc_lock) for fmc_lock
    gd32f1x0_fmc.o(i.fmc_wait_state_enable) refers to gd32f1x0_fmc.o(i.fmc_unlock) for fmc_unlock
    gd32f1x0_fmc.o(i.fmc_wait_state_enable) refers to gd32f1x0_fmc.o(i.fmc_lock) for fmc_lock
    gd32f1x0_fmc.o(i.fmc_word_program) refers to gd32f1x0_fmc.o(i.fmc_ready_wait) for fmc_ready_wait
    gd32f1x0_fmc.o(i.ob_data_program) refers to gd32f1x0_fmc.o(i.fmc_ready_wait) for fmc_ready_wait
    gd32f1x0_fmc.o(i.ob_erase) refers to gd32f1x0_fmc.o(i.ob_obstat_plevel_get) for ob_obstat_plevel_get
    gd32f1x0_fmc.o(i.ob_erase) refers to gd32f1x0_fmc.o(i.fmc_ready_wait) for fmc_ready_wait
    gd32f1x0_fmc.o(i.ob_security_protection_config) refers to gd32f1x0_fmc.o(i.fmc_ready_wait) for fmc_ready_wait
    gd32f1x0_fmc.o(i.ob_security_protection_config) refers to gd32f1x0_fmc.o(i.ob_obstat_plevel_get) for ob_obstat_plevel_get
    gd32f1x0_fmc.o(i.ob_user_write) refers to gd32f1x0_fmc.o(i.fmc_ready_wait) for fmc_ready_wait
    gd32f1x0_fmc.o(i.ob_write_protection_enable) refers to gd32f1x0_fmc.o(i.fmc_ready_wait) for fmc_ready_wait
    gd32f1x0_eval.o(i.gd_eval_com_init) refers to gd32f1x0_rcu.o(i.rcu_periph_clock_enable) for rcu_periph_clock_enable
    gd32f1x0_eval.o(i.gd_eval_com_init) refers to gd32f1x0_gpio.o(i.gpio_af_set) for gpio_af_set
    gd32f1x0_eval.o(i.gd_eval_com_init) refers to gd32f1x0_gpio.o(i.gpio_mode_set) for gpio_mode_set
    gd32f1x0_eval.o(i.gd_eval_com_init) refers to gd32f1x0_gpio.o(i.gpio_output_options_set) for gpio_output_options_set
    gd32f1x0_eval.o(i.gd_eval_com_init) refers to gd32f1x0_usart.o(i.usart_deinit) for usart_deinit
    gd32f1x0_eval.o(i.gd_eval_com_init) refers to gd32f1x0_usart.o(i.usart_baudrate_set) for usart_baudrate_set
    gd32f1x0_eval.o(i.gd_eval_com_init) refers to gd32f1x0_usart.o(i.usart_transmit_config) for usart_transmit_config
    gd32f1x0_eval.o(i.gd_eval_com_init) refers to gd32f1x0_usart.o(i.usart_receive_config) for usart_receive_config
    gd32f1x0_eval.o(i.gd_eval_com_init) refers to gd32f1x0_usart.o(i.usart_enable) for usart_enable
    gd32f1x0_eval.o(i.gd_eval_com_init) refers to gd32f1x0_eval.o(.data) for COM_CLK
    gd32f1x0_eval.o(i.gd_eval_key_init) refers to gd32f1x0_rcu.o(i.rcu_periph_clock_enable) for rcu_periph_clock_enable
    gd32f1x0_eval.o(i.gd_eval_key_init) refers to gd32f1x0_gpio.o(i.gpio_mode_set) for gpio_mode_set
    gd32f1x0_eval.o(i.gd_eval_key_init) refers to gd32f1x0_misc.o(i.nvic_irq_enable) for nvic_irq_enable
    gd32f1x0_eval.o(i.gd_eval_key_init) refers to gd32f1x0_syscfg.o(i.syscfg_exti_line_config) for syscfg_exti_line_config
    gd32f1x0_eval.o(i.gd_eval_key_init) refers to gd32f1x0_exti.o(i.exti_init) for exti_init
    gd32f1x0_eval.o(i.gd_eval_key_init) refers to gd32f1x0_exti.o(i.exti_interrupt_flag_clear) for exti_interrupt_flag_clear
    gd32f1x0_eval.o(i.gd_eval_key_init) refers to gd32f1x0_eval.o(.data) for KEY_CLK
    gd32f1x0_eval.o(i.gd_eval_key_state_get) refers to gd32f1x0_gpio.o(i.gpio_input_bit_get) for gpio_input_bit_get
    gd32f1x0_eval.o(i.gd_eval_key_state_get) refers to gd32f1x0_eval.o(.data) for KEY_PIN
    gd32f1x0_eval.o(i.gd_eval_led_init) refers to gd32f1x0_rcu.o(i.rcu_periph_clock_enable) for rcu_periph_clock_enable
    gd32f1x0_eval.o(i.gd_eval_led_init) refers to gd32f1x0_gpio.o(i.gpio_mode_set) for gpio_mode_set
    gd32f1x0_eval.o(i.gd_eval_led_init) refers to gd32f1x0_gpio.o(i.gpio_output_options_set) for gpio_output_options_set
    gd32f1x0_eval.o(i.gd_eval_led_init) refers to gd32f1x0_eval.o(.data) for GPIO_CLK
    gd32f1x0_eval.o(i.gd_eval_led_off) refers to gd32f1x0_eval.o(.data) for GPIO_PIN
    gd32f1x0_eval.o(i.gd_eval_led_on) refers to gd32f1x0_eval.o(.data) for GPIO_PIN
    gd32f1x0_eval.o(i.gd_eval_led_toggle) refers to gd32f1x0_eval.o(.data) for GPIO_PORT
    usbd_core.o(i.usbd_core_init) refers to usbd_core.o(.data) for g_interrupt_mask
    usbd_core.o(i.usbd_ep_init) refers to usbd_core.o(.data) for g_free_buf_addr
    usbd_core.o(i.usbd_ep_tx) refers to usbd_core.o(i.usbd_ep_data_write) for usbd_ep_data_write
    usbd_core.o(i.usbd_ep_tx) refers to usbd_core.o(.data) for pbuf_reg
    usbd_int.o(i.usbd_intf_esof) refers to usbd_pwr.o(.data) for g_ESOF_count
    usbd_int.o(i.usbd_intf_hpst) refers to usbd_std.o(i.usbd_in_transaction) for usbd_in_transaction
    usbd_int.o(i.usbd_intf_hpst) refers to usbd_core.o(i.usbd_ep_data_read) for usbd_ep_data_read
    usbd_int.o(i.usbd_intf_hpst) refers to usbd_core.o(i.user_buffer_free) for user_buffer_free
    usbd_int.o(i.usbd_intf_hpst) refers to usbd_std.o(i.usbd_out_transaction) for usbd_out_transaction
    usbd_int.o(i.usbd_intf_hpst) refers to usbd_core.o(.data) for pbuf_reg
    usbd_int.o(i.usbd_intf_lpst) refers to usbd_std.o(i.usbd_in_transaction) for usbd_in_transaction
    usbd_int.o(i.usbd_intf_lpst) refers to usbd_core.o(i.usbd_ep_data_read) for usbd_ep_data_read
    usbd_int.o(i.usbd_intf_lpst) refers to usbd_std.o(i.usbd_setup_transaction) for usbd_setup_transaction
    usbd_int.o(i.usbd_intf_lpst) refers to usbd_std.o(i.usbd_out_transaction) for usbd_out_transaction
    usbd_int.o(i.usbd_intf_lpst) refers to usbd_core.o(i.usbd_ep_rx) for usbd_ep_rx
    usbd_int.o(i.usbd_intf_lpst) refers to usbd_core.o(.data) for pbuf_reg
    usbd_int.o(i.usbd_intf_reset) refers to usbd_core.o(.data) for g_free_buf_addr
    usbd_int.o(i.usbd_intf_sof) refers to msc_core.o(.data) for usbd_int_fops
    usbd_int.o(i.usbd_intf_suspend) refers to usbd_pwr.o(i.usbd_suspend) for usbd_suspend
    usbd_int.o(i.usbd_intf_suspend) refers to usbd_pwr.o(.data) for g_suspend_enabled
    usbd_int.o(i.usbd_intf_wakeup) refers to usbd_pwr.o(i.resume_mcu) for resume_mcu
    usbd_int.o(i.usbd_intf_wakeup) refers to usbd_pwr.o(.data) for g_remote_wakeup_on
    usbd_int.o(i.usbd_isr) refers to usbd_int.o(i.usbd_intf_lpst) for usbd_intf_lpst
    usbd_int.o(i.usbd_isr) refers to usbd_int.o(i.usbd_intf_wakeup) for usbd_intf_wakeup
    usbd_int.o(i.usbd_isr) refers to usbd_int.o(i.usbd_intf_suspend) for usbd_intf_suspend
    usbd_int.o(i.usbd_isr) refers to usbd_int.o(i.usbd_intf_sof) for usbd_intf_sof
    usbd_int.o(i.usbd_isr) refers to usbd_int.o(i.usbd_intf_esof) for usbd_intf_esof
    usbd_int.o(i.usbd_isr) refers to usbd_int.o(i.usbd_intf_reset) for usbd_intf_reset
    usbd_int.o(i.usbd_isr) refers to usbd_core.o(.data) for g_interrupt_mask
    usbd_int.o(i.usbd_isr) refers to main.o(.data) for usb_device_dev
    usbd_pwr.o(i.usbd_remote_wakeup_active) refers to usbd_pwr.o(i.resume_mcu) for resume_mcu
    usbd_pwr.o(i.usbd_remote_wakeup_active) refers to usbd_pwr.o(.data) for g_remote_wakeup_on
    usbd_std.o(i.usbd_clearfeature) refers to usbd_std.o(i.usbd_enum_error) for usbd_enum_error
    usbd_std.o(i.usbd_clearfeature) refers to usbd_core.o(i.usbd_ep_clear_stall) for usbd_ep_clear_stall
    usbd_std.o(i.usbd_clearfeature) refers to usbd_core.o(.data) for pbuf_reg
    usbd_std.o(i.usbd_device_class_request) refers to usbd_std.o(i.usbd_enum_error) for usbd_enum_error
    usbd_std.o(i.usbd_device_class_request) refers to usbd_core.o(.data) for pbuf_reg
    usbd_std.o(i.usbd_enum_error) refers to usbd_core.o(i.usbd_ep_stall) for usbd_ep_stall
    usbd_std.o(i.usbd_getconfiguration) refers to usbd_std.o(i.usbd_enum_error) for usbd_enum_error
    usbd_std.o(i.usbd_getconfiguration) refers to usbd_core.o(i.usbd_ep_tx) for usbd_ep_tx
    usbd_std.o(i.usbd_getdescriptor) refers to usbd_core.o(i.usbd_ep_tx) for usbd_ep_tx
    usbd_std.o(i.usbd_getdescriptor) refers to usbd_std.o(i.usbd_enum_error) for usbd_enum_error
    usbd_std.o(i.usbd_getdescriptor) refers to usbd_std.o(.data) for standard_descriptor_get
    usbd_std.o(i.usbd_getinterface) refers to usbd_std.o(i.usbd_enum_error) for usbd_enum_error
    usbd_std.o(i.usbd_getstatus) refers to usbd_core.o(i.usbd_ep_tx) for usbd_ep_tx
    usbd_std.o(i.usbd_getstatus) refers to usbd_std.o(i.usbd_enum_error) for usbd_enum_error
    usbd_std.o(i.usbd_in_transaction) refers to usbd_core.o(i.usbd_ep_tx) for usbd_ep_tx
    usbd_std.o(i.usbd_in_transaction) refers to usbd_core.o(i.usbd_ep_rx) for usbd_ep_rx
    usbd_std.o(i.usbd_in_transaction) refers to usbd_std.o(.data) for g_device_address
    usbd_std.o(i.usbd_out_transaction) refers to usbd_core.o(i.usbd_ep_rx) for usbd_ep_rx
    usbd_std.o(i.usbd_out_transaction) refers to usbd_core.o(.data) for pbuf_reg
    usbd_std.o(i.usbd_setaddress) refers to usbd_std.o(i.usbd_enum_error) for usbd_enum_error
    usbd_std.o(i.usbd_setaddress) refers to usbd_std.o(.data) for g_device_address
    usbd_std.o(i.usbd_setaddress) refers to usbd_core.o(.data) for pbuf_reg
    usbd_std.o(i.usbd_setconfiguration) refers to usbd_std.o(i.usbd_enum_error) for usbd_enum_error
    usbd_std.o(i.usbd_setconfiguration) refers to usbd_std.o(.data) for cfgidx
    usbd_std.o(i.usbd_setconfiguration) refers to usbd_core.o(.data) for pbuf_reg
    usbd_std.o(i.usbd_setfeature) refers to usbd_std.o(i.usbd_enum_error) for usbd_enum_error
    usbd_std.o(i.usbd_setfeature) refers to usbd_core.o(i.usbd_ep_stall) for usbd_ep_stall
    usbd_std.o(i.usbd_setfeature) refers to usbd_core.o(.data) for pbuf_reg
    usbd_std.o(i.usbd_setinterface) refers to usbd_std.o(i.usbd_enum_error) for usbd_enum_error
    usbd_std.o(i.usbd_setinterface) refers to usbd_core.o(.data) for pbuf_reg
    usbd_std.o(i.usbd_setup_transaction) refers to usbd_std.o(i.usbd_setup_request_parse) for usbd_setup_request_parse
    usbd_std.o(i.usbd_setup_transaction) refers to usbd_std.o(i.usbd_standard_request) for usbd_standard_request
    usbd_std.o(i.usbd_setup_transaction) refers to usbd_std.o(i.usbd_device_class_request) for usbd_device_class_request
    usbd_std.o(i.usbd_setup_transaction) refers to usbd_std.o(i.usbd_vendor_request) for usbd_vendor_request
    usbd_std.o(i.usbd_setup_transaction) refers to usbd_core.o(i.usbd_ep_stall) for usbd_ep_stall
    usbd_std.o(i.usbd_standard_request) refers to usbd_std.o(.data) for standard_device_request
    usbd_std.o(.data) refers to usbd_std.o(i.usbd_getstatus) for usbd_getstatus
    usbd_std.o(.data) refers to usbd_std.o(i.usbd_clearfeature) for usbd_clearfeature
    usbd_std.o(.data) refers to usbd_std.o(i.usbd_reserved) for usbd_reserved
    usbd_std.o(.data) refers to usbd_std.o(i.usbd_setfeature) for usbd_setfeature
    usbd_std.o(.data) refers to usbd_std.o(i.usbd_setaddress) for usbd_setaddress
    usbd_std.o(.data) refers to usbd_std.o(i.usbd_getdescriptor) for usbd_getdescriptor
    usbd_std.o(.data) refers to usbd_std.o(i.usbd_setdescriptor) for usbd_setdescriptor
    usbd_std.o(.data) refers to usbd_std.o(i.usbd_getconfiguration) for usbd_getconfiguration
    usbd_std.o(.data) refers to usbd_std.o(i.usbd_setconfiguration) for usbd_setconfiguration
    usbd_std.o(.data) refers to usbd_std.o(i.usbd_getinterface) for usbd_getinterface
    usbd_std.o(.data) refers to usbd_std.o(i.usbd_setinterface) for usbd_setinterface
    usbd_std.o(.data) refers to usbd_std.o(i.usbd_synchframe) for usbd_synchframe
    usbd_std.o(.data) refers to usbd_std.o(i.usbd_device_descriptor_get) for usbd_device_descriptor_get
    usbd_std.o(.data) refers to usbd_std.o(i.usbd_configuration_descriptor_get) for usbd_configuration_descriptor_get
    usbd_std.o(.data) refers to usbd_std.o(i.usbd_string_descriptor_get) for usbd_string_descriptor_get
    startup_gd32f1x0.o(RESET) refers to startup_gd32f1x0.o(STACK) for __initial_sp
    startup_gd32f1x0.o(RESET) refers to startup_gd32f1x0.o(.text) for Reset_Handler
    startup_gd32f1x0.o(RESET) refers to gd32f1x0_it.o(i.NMI_Handler) for NMI_Handler
    startup_gd32f1x0.o(RESET) refers to gd32f1x0_it.o(i.HardFault_Handler) for HardFault_Handler
    startup_gd32f1x0.o(RESET) refers to gd32f1x0_it.o(i.MemManage_Handler) for MemManage_Handler
    startup_gd32f1x0.o(RESET) refers to gd32f1x0_it.o(i.BusFault_Handler) for BusFault_Handler
    startup_gd32f1x0.o(RESET) refers to gd32f1x0_it.o(i.UsageFault_Handler) for UsageFault_Handler
    startup_gd32f1x0.o(RESET) refers to gd32f1x0_it.o(i.SVC_Handler) for SVC_Handler
    startup_gd32f1x0.o(RESET) refers to gd32f1x0_it.o(i.DebugMon_Handler) for DebugMon_Handler
    startup_gd32f1x0.o(RESET) refers to gd32f1x0_it.o(i.PendSV_Handler) for PendSV_Handler
    startup_gd32f1x0.o(RESET) refers to gd32f1x0_it.o(i.SysTick_Handler) for SysTick_Handler
    startup_gd32f1x0.o(RESET) refers to gd32f1x0_it.o(i.USBD_LP_IRQHandler) for USBD_LP_IRQHandler
    startup_gd32f1x0.o(RESET) refers to gd32f1x0_it.o(i.USBDWakeUp_IRQHandler) for USBDWakeUp_IRQHandler
    startup_gd32f1x0.o(.text) refers to system_gd32f1x0.o(i.SystemInit) for SystemInit
    startup_gd32f1x0.o(.text) refers to entry.o(.ARM.Collect$$$$00000000) for __main
    entry.o(.ARM.Collect$$$$00000000) refers (Special) to entry10a.o(.ARM.Collect$$$$0000000F) for __rt_final_cpp
    entry.o(.ARM.Collect$$$$00000000) refers (Special) to entry11a.o(.ARM.Collect$$$$00000011) for __rt_final_exit
    entry.o(.ARM.Collect$$$$00000000) refers (Special) to entry12b.o(.ARM.Collect$$$$0000000E) for __rt_lib_shutdown_fini
    entry.o(.ARM.Collect$$$$00000000) refers (Special) to entry7b.o(.ARM.Collect$$$$00000008) for _main_clock
    entry.o(.ARM.Collect$$$$00000000) refers (Special) to entry8b.o(.ARM.Collect$$$$0000000A) for _main_cpp_init
    entry.o(.ARM.Collect$$$$00000000) refers (Special) to entry9a.o(.ARM.Collect$$$$0000000B) for _main_init
    entry.o(.ARM.Collect$$$$00000000) refers (Special) to entry5.o(.ARM.Collect$$$$00000004) for _main_scatterload
    entry.o(.ARM.Collect$$$$00000000) refers (Special) to entry2.o(.ARM.Collect$$$$00000001) for _main_stk
    entry2.o(.ARM.Collect$$$$00000001) refers to entry2.o(.ARM.Collect$$$$00002712) for __lit__00000000
    entry2.o(.ARM.Collect$$$$00002712) refers to startup_gd32f1x0.o(STACK) for __initial_sp
    entry2.o(__vectab_stack_and_reset_area) refers to startup_gd32f1x0.o(STACK) for __initial_sp
    entry2.o(__vectab_stack_and_reset_area) refers to entry.o(.ARM.Collect$$$$00000000) for __main
    entry5.o(.ARM.Collect$$$$00000004) refers to init.o(.text) for __scatterload
    entry9a.o(.ARM.Collect$$$$0000000B) refers to main.o(i.main) for main
    entry9b.o(.ARM.Collect$$$$0000000C) refers to main.o(i.main) for main
    init.o(.text) refers to entry5.o(.ARM.Collect$$$$00000004) for __main_after_scatterload


==============================================================================

Removing Unused input sections from the image.

    Removing main.o(.rev16_text), (4 bytes).
    Removing main.o(.revsh_text), (4 bytes).
    Removing gd32f1x0_it.o(.rev16_text), (4 bytes).
    Removing gd32f1x0_it.o(.revsh_text), (4 bytes).
    Removing msc_core.o(.rev16_text), (4 bytes).
    Removing msc_core.o(.revsh_text), (4 bytes).
    Removing flash_access.o(.rev16_text), (4 bytes).
    Removing flash_access.o(.revsh_text), (4 bytes).
    Removing flash_access.o(.bss), (512 bytes).
    Removing bbb_scsi_driver.o(.rev16_text), (4 bytes).
    Removing bbb_scsi_driver.o(.revsh_text), (4 bytes).
    Removing system_gd32f1x0.o(.rev16_text), (4 bytes).
    Removing system_gd32f1x0.o(.revsh_text), (4 bytes).
    Removing system_gd32f1x0.o(i.SystemCoreClockUpdate), (240 bytes).
    Removing system_gd32f1x0.o(.data), (4 bytes).
    Removing gd32f1x0_exti.o(.rev16_text), (4 bytes).
    Removing gd32f1x0_exti.o(.revsh_text), (4 bytes).
    Removing gd32f1x0_exti.o(i.exti_deinit), (32 bytes).
    Removing gd32f1x0_exti.o(i.exti_event_disable), (16 bytes).
    Removing gd32f1x0_exti.o(i.exti_event_enable), (16 bytes).
    Removing gd32f1x0_exti.o(i.exti_flag_clear), (12 bytes).
    Removing gd32f1x0_exti.o(i.exti_flag_get), (24 bytes).
    Removing gd32f1x0_exti.o(i.exti_init), (184 bytes).
    Removing gd32f1x0_exti.o(i.exti_interrupt_disable), (16 bytes).
    Removing gd32f1x0_exti.o(i.exti_interrupt_enable), (16 bytes).
    Removing gd32f1x0_exti.o(i.exti_interrupt_flag_get), (36 bytes).
    Removing gd32f1x0_exti.o(i.exti_software_interrupt_disable), (16 bytes).
    Removing gd32f1x0_exti.o(i.exti_software_interrupt_enable), (16 bytes).
    Removing gd32f1x0_misc.o(.rev16_text), (4 bytes).
    Removing gd32f1x0_misc.o(.revsh_text), (4 bytes).
    Removing gd32f1x0_misc.o(i.nvic_irq_disable), (24 bytes).
    Removing gd32f1x0_misc.o(i.nvic_vector_table_set), (20 bytes).
    Removing gd32f1x0_misc.o(i.system_lowpower_reset), (16 bytes).
    Removing gd32f1x0_misc.o(i.system_lowpower_set), (16 bytes).
    Removing gd32f1x0_misc.o(i.systick_clksource_set), (40 bytes).
    Removing gd32f1x0_pmu.o(.rev16_text), (4 bytes).
    Removing gd32f1x0_pmu.o(.revsh_text), (4 bytes).
    Removing gd32f1x0_pmu.o(i.pmu_backup_write_disable), (20 bytes).
    Removing gd32f1x0_pmu.o(i.pmu_backup_write_enable), (20 bytes).
    Removing gd32f1x0_pmu.o(i.pmu_deinit), (20 bytes).
    Removing gd32f1x0_pmu.o(i.pmu_flag_clear), (48 bytes).
    Removing gd32f1x0_pmu.o(i.pmu_flag_get), (24 bytes).
    Removing gd32f1x0_pmu.o(i.pmu_lvd_disable), (20 bytes).
    Removing gd32f1x0_pmu.o(i.pmu_lvd_select), (48 bytes).
    Removing gd32f1x0_pmu.o(i.pmu_to_deepsleepmode), (196 bytes).
    Removing gd32f1x0_pmu.o(i.pmu_to_sleepmode), (28 bytes).
    Removing gd32f1x0_pmu.o(i.pmu_to_standbymode), (52 bytes).
    Removing gd32f1x0_pmu.o(i.pmu_wakeup_pin_disable), (16 bytes).
    Removing gd32f1x0_pmu.o(i.pmu_wakeup_pin_enable), (16 bytes).
    Removing gd32f1x0_pmu.o(.bss), (16 bytes).
    Removing gd32f1x0_usart.o(.rev16_text), (4 bytes).
    Removing gd32f1x0_usart.o(.revsh_text), (4 bytes).
    Removing gd32f1x0_usart.o(i.usart_address_config), (32 bytes).
    Removing gd32f1x0_usart.o(i.usart_address_detection_mode_config), (28 bytes).
    Removing gd32f1x0_usart.o(i.usart_autobaud_detection_disable), (10 bytes).
    Removing gd32f1x0_usart.o(i.usart_autobaud_detection_enable), (10 bytes).
    Removing gd32f1x0_usart.o(i.usart_autobaud_detection_mode_config), (16 bytes).
    Removing gd32f1x0_usart.o(i.usart_baudrate_set), (124 bytes).
    Removing gd32f1x0_usart.o(i.usart_block_length_config), (24 bytes).
    Removing gd32f1x0_usart.o(i.usart_clock_disable), (18 bytes).
    Removing gd32f1x0_usart.o(i.usart_clock_enable), (18 bytes).
    Removing gd32f1x0_usart.o(i.usart_command_enable), (8 bytes).
    Removing gd32f1x0_usart.o(i.usart_data_first_config), (28 bytes).
    Removing gd32f1x0_usart.o(i.usart_data_receive), (10 bytes).
    Removing gd32f1x0_usart.o(i.usart_data_transmit), (8 bytes).
    Removing gd32f1x0_usart.o(i.usart_deinit), (64 bytes).
    Removing gd32f1x0_usart.o(i.usart_depolarity_config), (28 bytes).
    Removing gd32f1x0_usart.o(i.usart_disable), (10 bytes).
    Removing gd32f1x0_usart.o(i.usart_dma_receive_config), (16 bytes).
    Removing gd32f1x0_usart.o(i.usart_dma_transmit_config), (16 bytes).
    Removing gd32f1x0_usart.o(i.usart_driver_assertime_config), (32 bytes).
    Removing gd32f1x0_usart.o(i.usart_driver_deassertime_config), (32 bytes).
    Removing gd32f1x0_usart.o(i.usart_enable), (10 bytes).
    Removing gd32f1x0_usart.o(i.usart_flag_clear), (18 bytes).
    Removing gd32f1x0_usart.o(i.usart_flag_get), (30 bytes).
    Removing gd32f1x0_usart.o(i.usart_guard_time_config), (32 bytes).
    Removing gd32f1x0_usart.o(i.usart_halfduplex_disable), (18 bytes).
    Removing gd32f1x0_usart.o(i.usart_halfduplex_enable), (18 bytes).
    Removing gd32f1x0_usart.o(i.usart_hardware_flow_cts_config), (24 bytes).
    Removing gd32f1x0_usart.o(i.usart_hardware_flow_rts_config), (24 bytes).
    Removing gd32f1x0_usart.o(i.usart_interrupt_disable), (26 bytes).
    Removing gd32f1x0_usart.o(i.usart_interrupt_enable), (26 bytes).
    Removing gd32f1x0_usart.o(i.usart_interrupt_flag_clear), (18 bytes).
    Removing gd32f1x0_usart.o(i.usart_interrupt_flag_get), (56 bytes).
    Removing gd32f1x0_usart.o(i.usart_invert_config), (110 bytes).
    Removing gd32f1x0_usart.o(i.usart_irda_lowpower_config), (20 bytes).
    Removing gd32f1x0_usart.o(i.usart_irda_mode_disable), (18 bytes).
    Removing gd32f1x0_usart.o(i.usart_irda_mode_enable), (18 bytes).
    Removing gd32f1x0_usart.o(i.usart_lin_break_dection_length_config), (20 bytes).
    Removing gd32f1x0_usart.o(i.usart_lin_mode_disable), (18 bytes).
    Removing gd32f1x0_usart.o(i.usart_lin_mode_enable), (18 bytes).
    Removing gd32f1x0_usart.o(i.usart_mute_mode_disable), (10 bytes).
    Removing gd32f1x0_usart.o(i.usart_mute_mode_enable), (10 bytes).
    Removing gd32f1x0_usart.o(i.usart_mute_mode_wakeup_config), (24 bytes).
    Removing gd32f1x0_usart.o(i.usart_overrun_disable), (18 bytes).
    Removing gd32f1x0_usart.o(i.usart_overrun_enable), (18 bytes).
    Removing gd32f1x0_usart.o(i.usart_oversample_config), (24 bytes).
    Removing gd32f1x0_usart.o(i.usart_parity_config), (24 bytes).
    Removing gd32f1x0_usart.o(i.usart_prescaler_config), (24 bytes).
    Removing gd32f1x0_usart.o(i.usart_receive_config), (16 bytes).
    Removing gd32f1x0_usart.o(i.usart_receiver_timeout_config), (16 bytes).
    Removing gd32f1x0_usart.o(i.usart_receiver_timeout_disable), (10 bytes).
    Removing gd32f1x0_usart.o(i.usart_receiver_timeout_enable), (10 bytes).
    Removing gd32f1x0_usart.o(i.usart_reception_error_dma_disable), (18 bytes).
    Removing gd32f1x0_usart.o(i.usart_reception_error_dma_enable), (18 bytes).
    Removing gd32f1x0_usart.o(i.usart_rs485_driver_disable), (18 bytes).
    Removing gd32f1x0_usart.o(i.usart_rs485_driver_enable), (18 bytes).
    Removing gd32f1x0_usart.o(i.usart_sample_bit_config), (24 bytes).
    Removing gd32f1x0_usart.o(i.usart_smartcard_autoretry_config), (32 bytes).
    Removing gd32f1x0_usart.o(i.usart_smartcard_mode_disable), (18 bytes).
    Removing gd32f1x0_usart.o(i.usart_smartcard_mode_enable), (18 bytes).
    Removing gd32f1x0_usart.o(i.usart_smartcard_mode_nack_disable), (18 bytes).
    Removing gd32f1x0_usart.o(i.usart_smartcard_mode_nack_enable), (18 bytes).
    Removing gd32f1x0_usart.o(i.usart_stop_bit_set), (24 bytes).
    Removing gd32f1x0_usart.o(i.usart_synchronous_clock_config), (50 bytes).
    Removing gd32f1x0_usart.o(i.usart_transmit_config), (16 bytes).
    Removing gd32f1x0_usart.o(i.usart_wakeup_disable), (10 bytes).
    Removing gd32f1x0_usart.o(i.usart_wakeup_enable), (10 bytes).
    Removing gd32f1x0_usart.o(i.usart_wakeup_mode_config), (28 bytes).
    Removing gd32f1x0_usart.o(i.usart_word_length_set), (24 bytes).
    Removing gd32f1x0_syscfg.o(.rev16_text), (4 bytes).
    Removing gd32f1x0_syscfg.o(.revsh_text), (4 bytes).
    Removing gd32f1x0_syscfg.o(i.syscfg_deinit), (20 bytes).
    Removing gd32f1x0_syscfg.o(i.syscfg_dma_remap_disable), (16 bytes).
    Removing gd32f1x0_syscfg.o(i.syscfg_dma_remap_enable), (16 bytes).
    Removing gd32f1x0_syscfg.o(i.syscfg_exti_line_config), (160 bytes).
    Removing gd32f1x0_syscfg.o(i.syscfg_flag_clear), (16 bytes).
    Removing gd32f1x0_syscfg.o(i.syscfg_flag_get), (24 bytes).
    Removing gd32f1x0_syscfg.o(i.syscfg_high_current_disable), (20 bytes).
    Removing gd32f1x0_syscfg.o(i.syscfg_high_current_enable), (20 bytes).
    Removing gd32f1x0_syscfg.o(i.syscfg_lock_config), (16 bytes).
    Removing gd32f1x0_rcu.o(.rev16_text), (4 bytes).
    Removing gd32f1x0_rcu.o(.revsh_text), (4 bytes).
    Removing gd32f1x0_rcu.o(i.rcu_adc_clock_config), (152 bytes).
    Removing gd32f1x0_rcu.o(i.rcu_ahb_clock_config), (28 bytes).
    Removing gd32f1x0_rcu.o(i.rcu_all_reset_flag_clear), (20 bytes).
    Removing gd32f1x0_rcu.o(i.rcu_apb1_clock_config), (28 bytes).
    Removing gd32f1x0_rcu.o(i.rcu_apb2_clock_config), (28 bytes).
    Removing gd32f1x0_rcu.o(i.rcu_bkp_reset_disable), (20 bytes).
    Removing gd32f1x0_rcu.o(i.rcu_bkp_reset_enable), (20 bytes).
    Removing gd32f1x0_rcu.o(i.rcu_cec_clock_config), (28 bytes).
    Removing gd32f1x0_rcu.o(i.rcu_ckout_config), (28 bytes).
    Removing gd32f1x0_rcu.o(i.rcu_clock_freq_get), (680 bytes).
    Removing gd32f1x0_rcu.o(i.rcu_deepsleep_voltage_set), (36 bytes).
    Removing gd32f1x0_rcu.o(i.rcu_deinit), (128 bytes).
    Removing gd32f1x0_rcu.o(i.rcu_flag_get), (36 bytes).
    Removing gd32f1x0_rcu.o(i.rcu_hxtal_clock_monitor_disable), (20 bytes).
    Removing gd32f1x0_rcu.o(i.rcu_hxtal_clock_monitor_enable), (20 bytes).
    Removing gd32f1x0_rcu.o(i.rcu_hxtal_prediv_config), (24 bytes).
    Removing gd32f1x0_rcu.o(i.rcu_interrupt_disable), (16 bytes).
    Removing gd32f1x0_rcu.o(i.rcu_interrupt_enable), (16 bytes).
    Removing gd32f1x0_rcu.o(i.rcu_interrupt_flag_clear), (16 bytes).
    Removing gd32f1x0_rcu.o(i.rcu_interrupt_flag_get), (24 bytes).
    Removing gd32f1x0_rcu.o(i.rcu_irc14m_adjust_value_set), (24 bytes).
    Removing gd32f1x0_rcu.o(i.rcu_irc8m_adjust_value_set), (24 bytes).
    Removing gd32f1x0_rcu.o(i.rcu_lxtal_drive_capability_config), (28 bytes).
    Removing gd32f1x0_rcu.o(i.rcu_osci_bypass_mode_disable), (100 bytes).
    Removing gd32f1x0_rcu.o(i.rcu_osci_bypass_mode_enable), (100 bytes).
    Removing gd32f1x0_rcu.o(i.rcu_osci_off), (32 bytes).
    Removing gd32f1x0_rcu.o(i.rcu_osci_on), (32 bytes).
    Removing gd32f1x0_rcu.o(i.rcu_osci_stab_wait), (268 bytes).
    Removing gd32f1x0_rcu.o(i.rcu_periph_clock_disable), (32 bytes).
    Removing gd32f1x0_rcu.o(i.rcu_periph_clock_sleep_disable), (32 bytes).
    Removing gd32f1x0_rcu.o(i.rcu_periph_clock_sleep_enable), (32 bytes).
    Removing gd32f1x0_rcu.o(i.rcu_periph_reset_disable), (32 bytes).
    Removing gd32f1x0_rcu.o(i.rcu_periph_reset_enable), (32 bytes).
    Removing gd32f1x0_rcu.o(i.rcu_pll_config), (36 bytes).
    Removing gd32f1x0_rcu.o(i.rcu_power_down_voltage_set), (36 bytes).
    Removing gd32f1x0_rcu.o(i.rcu_rtc_clock_config), (28 bytes).
    Removing gd32f1x0_rcu.o(i.rcu_system_clock_source_config), (28 bytes).
    Removing gd32f1x0_rcu.o(i.rcu_system_clock_source_get), (16 bytes).
    Removing gd32f1x0_rcu.o(i.rcu_usart_clock_config), (28 bytes).
    Removing gd32f1x0_rcu.o(i.rcu_voltage_key_unlock), (40 bytes).
    Removing gd32f1x0_gpio.o(.rev16_text), (4 bytes).
    Removing gd32f1x0_gpio.o(.revsh_text), (4 bytes).
    Removing gd32f1x0_gpio.o(i.gpio_af_set), (94 bytes).
    Removing gd32f1x0_gpio.o(i.gpio_bit_reset), (4 bytes).
    Removing gd32f1x0_gpio.o(i.gpio_bit_write), (10 bytes).
    Removing gd32f1x0_gpio.o(i.gpio_deinit), (148 bytes).
    Removing gd32f1x0_gpio.o(i.gpio_input_bit_get), (16 bytes).
    Removing gd32f1x0_gpio.o(i.gpio_input_port_get), (8 bytes).
    Removing gd32f1x0_gpio.o(i.gpio_output_bit_get), (16 bytes).
    Removing gd32f1x0_gpio.o(i.gpio_output_port_get), (8 bytes).
    Removing gd32f1x0_gpio.o(i.gpio_pin_lock), (18 bytes).
    Removing gd32f1x0_gpio.o(i.gpio_port_write), (4 bytes).
    Removing gd32f1x0_fmc.o(.rev16_text), (4 bytes).
    Removing gd32f1x0_fmc.o(.revsh_text), (4 bytes).
    Removing gd32f1x0_fmc.o(i.fmc_flag_clear), (12 bytes).
    Removing gd32f1x0_fmc.o(i.fmc_flag_get), (20 bytes).
    Removing gd32f1x0_fmc.o(i.fmc_halfword_program), (64 bytes).
    Removing gd32f1x0_fmc.o(i.fmc_interrupt_disable), (16 bytes).
    Removing gd32f1x0_fmc.o(i.fmc_interrupt_enable), (16 bytes).
    Removing gd32f1x0_fmc.o(i.fmc_lock), (20 bytes).
    Removing gd32f1x0_fmc.o(i.fmc_mass_erase), (68 bytes).
    Removing gd32f1x0_fmc.o(i.fmc_wait_state_disable), (32 bytes).
    Removing gd32f1x0_fmc.o(i.fmc_wait_state_enable), (32 bytes).
    Removing gd32f1x0_fmc.o(i.fmc_wscnt_set), (24 bytes).
    Removing gd32f1x0_fmc.o(i.ob_data_get), (12 bytes).
    Removing gd32f1x0_fmc.o(i.ob_data_program), (68 bytes).
    Removing gd32f1x0_fmc.o(i.ob_erase), (156 bytes).
    Removing gd32f1x0_fmc.o(i.ob_lock), (20 bytes).
    Removing gd32f1x0_fmc.o(i.ob_obstat_plevel_get), (16 bytes).
    Removing gd32f1x0_fmc.o(i.ob_reset), (20 bytes).
    Removing gd32f1x0_fmc.o(i.ob_security_protection_config), (144 bytes).
    Removing gd32f1x0_fmc.o(i.ob_unlock), (36 bytes).
    Removing gd32f1x0_fmc.o(i.ob_user_get), (16 bytes).
    Removing gd32f1x0_fmc.o(i.ob_user_write), (76 bytes).
    Removing gd32f1x0_fmc.o(i.ob_write_protection_enable), (104 bytes).
    Removing gd32f1x0_fmc.o(i.ob_write_protection_get), (12 bytes).
    Removing gd32f1x0_eval.o(.rev16_text), (4 bytes).
    Removing gd32f1x0_eval.o(.revsh_text), (4 bytes).
    Removing gd32f1x0_eval.o(i.gd_eval_com_init), (184 bytes).
    Removing gd32f1x0_eval.o(i.gd_eval_key_init), (128 bytes).
    Removing gd32f1x0_eval.o(i.gd_eval_key_state_get), (32 bytes).
    Removing gd32f1x0_eval.o(i.gd_eval_led_init), (84 bytes).
    Removing gd32f1x0_eval.o(i.gd_eval_led_off), (24 bytes).
    Removing gd32f1x0_eval.o(i.gd_eval_led_on), (24 bytes).
    Removing gd32f1x0_eval.o(i.gd_eval_led_toggle), (36 bytes).
    Removing gd32f1x0_eval.o(.data), (105 bytes).
    Removing usbd_core.o(.rev16_text), (4 bytes).
    Removing usbd_core.o(.revsh_text), (4 bytes).
    Removing usbd_core.o(i.usbd_core_deinit), (24 bytes).
    Removing usbd_core.o(i.usbd_ep_status_get), (44 bytes).
    Removing usbd_core.o(i.usbd_rx_count_get), (20 bytes).
    Removing usbd_core.o(i.user_buffer_free), (76 bytes).
    Removing usbd_int.o(.rev16_text), (4 bytes).
    Removing usbd_int.o(.revsh_text), (4 bytes).
    Removing usbd_int.o(i.usbd_intf_hpst), (400 bytes).
    Removing usbd_pwr.o(.rev16_text), (4 bytes).
    Removing usbd_pwr.o(.revsh_text), (4 bytes).
    Removing usbd_pwr.o(i.usbd_remote_wakeup_active), (48 bytes).
    Removing usbd_std.o(.rev16_text), (4 bytes).
    Removing usbd_std.o(.revsh_text), (4 bytes).
    Removing startup_gd32f1x0.o(HEAP), (1024 bytes).

234 unused section(s) (total 9771 bytes) removed from the image.

==============================================================================

Image Symbol Table

    Local Symbols

    Symbol Name                              Value     Ov Type        Size  Object(Section)

    ../clib/../cmprslib/zerorunl2.c          0x00000000   Number         0  __dczerorl2.o ABSOLUTE
    ../clib/microlib/init/entry.s            0x00000000   Number         0  entry2.o ABSOLUTE
    ../clib/microlib/init/entry.s            0x00000000   Number         0  entry7a.o ABSOLUTE
    ../clib/microlib/init/entry.s            0x00000000   Number         0  entry8a.o ABSOLUTE
    ../clib/microlib/init/entry.s            0x00000000   Number         0  entry8b.o ABSOLUTE
    ../clib/microlib/init/entry.s            0x00000000   Number         0  entry12b.o ABSOLUTE
    ../clib/microlib/init/entry.s            0x00000000   Number         0  entry12a.o ABSOLUTE
    ../clib/microlib/init/entry.s            0x00000000   Number         0  entry11b.o ABSOLUTE
    ../clib/microlib/init/entry.s            0x00000000   Number         0  entry7b.o ABSOLUTE
    ../clib/microlib/init/entry.s            0x00000000   Number         0  entry9a.o ABSOLUTE
    ../clib/microlib/init/entry.s            0x00000000   Number         0  entry.o ABSOLUTE
    ../clib/microlib/init/entry.s            0x00000000   Number         0  entry9b.o ABSOLUTE
    ../clib/microlib/init/entry.s            0x00000000   Number         0  entry10a.o ABSOLUTE
    ../clib/microlib/init/entry.s            0x00000000   Number         0  entry10b.o ABSOLUTE
    ../clib/microlib/init/entry.s            0x00000000   Number         0  entry11a.o ABSOLUTE
    ../clib/microlib/init/entry.s            0x00000000   Number         0  entry5.o ABSOLUTE
    ..\..\..\..\Firmware\CMSIS\GD\GD32F1x0\Source\ARM\startup_gd32f1x0.s 0x00000000   Number         0  startup_gd32f1x0.o ABSOLUTE
    ..\..\..\..\Firmware\CMSIS\GD\GD32F1x0\Source\system_gd32f1x0.c 0x00000000   Number         0  system_gd32f1x0.o ABSOLUTE
    ..\..\..\..\Firmware\GD32F1x0_standard_peripheral\Source\gd32f1x0_exti.c 0x00000000   Number         0  gd32f1x0_exti.o ABSOLUTE
    ..\..\..\..\Firmware\GD32F1x0_standard_peripheral\Source\gd32f1x0_fmc.c 0x00000000   Number         0  gd32f1x0_fmc.o ABSOLUTE
    ..\..\..\..\Firmware\GD32F1x0_standard_peripheral\Source\gd32f1x0_gpio.c 0x00000000   Number         0  gd32f1x0_gpio.o ABSOLUTE
    ..\..\..\..\Firmware\GD32F1x0_standard_peripheral\Source\gd32f1x0_misc.c 0x00000000   Number         0  gd32f1x0_misc.o ABSOLUTE
    ..\..\..\..\Firmware\GD32F1x0_standard_peripheral\Source\gd32f1x0_pmu.c 0x00000000   Number         0  gd32f1x0_pmu.o ABSOLUTE
    ..\..\..\..\Firmware\GD32F1x0_standard_peripheral\Source\gd32f1x0_rcu.c 0x00000000   Number         0  gd32f1x0_rcu.o ABSOLUTE
    ..\..\..\..\Firmware\GD32F1x0_standard_peripheral\Source\gd32f1x0_syscfg.c 0x00000000   Number         0  gd32f1x0_syscfg.o ABSOLUTE
    ..\..\..\..\Firmware\GD32F1x0_standard_peripheral\Source\gd32f1x0_usart.c 0x00000000   Number         0  gd32f1x0_usart.o ABSOLUTE
    ..\..\..\..\Firmware\GD32F1x0_usbd_driver\Source\usbd_core.c 0x00000000   Number         0  usbd_core.o ABSOLUTE
    ..\..\..\..\Firmware\GD32F1x0_usbd_driver\Source\usbd_int.c 0x00000000   Number         0  usbd_int.o ABSOLUTE
    ..\..\..\..\Firmware\GD32F1x0_usbd_driver\Source\usbd_pwr.c 0x00000000   Number         0  usbd_pwr.o ABSOLUTE
    ..\..\..\..\Firmware\GD32F1x0_usbd_driver\Source\usbd_std.c 0x00000000   Number         0  usbd_std.o ABSOLUTE
    ..\..\..\..\Utilities\gd32f1x0_eval.c    0x00000000   Number         0  gd32f1x0_eval.o ABSOLUTE
    ..\\..\\..\\..\\Firmware\\CMSIS\\GD\\GD32F1x0\\Source\\system_gd32f1x0.c 0x00000000   Number         0  system_gd32f1x0.o ABSOLUTE
    ..\\..\\..\\..\\Firmware\\GD32F1x0_standard_peripheral\\Source\\gd32f1x0_exti.c 0x00000000   Number         0  gd32f1x0_exti.o ABSOLUTE
    ..\\..\\..\\..\\Firmware\\GD32F1x0_standard_peripheral\\Source\\gd32f1x0_fmc.c 0x00000000   Number         0  gd32f1x0_fmc.o ABSOLUTE
    ..\\..\\..\\..\\Firmware\\GD32F1x0_standard_peripheral\\Source\\gd32f1x0_gpio.c 0x00000000   Number         0  gd32f1x0_gpio.o ABSOLUTE
    ..\\..\\..\\..\\Firmware\\GD32F1x0_standard_peripheral\\Source\\gd32f1x0_misc.c 0x00000000   Number         0  gd32f1x0_misc.o ABSOLUTE
    ..\\..\\..\\..\\Firmware\\GD32F1x0_standard_peripheral\\Source\\gd32f1x0_pmu.c 0x00000000   Number         0  gd32f1x0_pmu.o ABSOLUTE
    ..\\..\\..\\..\\Firmware\\GD32F1x0_standard_peripheral\\Source\\gd32f1x0_rcu.c 0x00000000   Number         0  gd32f1x0_rcu.o ABSOLUTE
    ..\\..\\..\\..\\Firmware\\GD32F1x0_standard_peripheral\\Source\\gd32f1x0_syscfg.c 0x00000000   Number         0  gd32f1x0_syscfg.o ABSOLUTE
    ..\\..\\..\\..\\Firmware\\GD32F1x0_standard_peripheral\\Source\\gd32f1x0_usart.c 0x00000000   Number         0  gd32f1x0_usart.o ABSOLUTE
    ..\\..\\..\\..\\Firmware\\GD32F1x0_usbd_driver\\Source\\usbd_core.c 0x00000000   Number         0  usbd_core.o ABSOLUTE
    ..\\..\\..\\..\\Firmware\\GD32F1x0_usbd_driver\\Source\\usbd_int.c 0x00000000   Number         0  usbd_int.o ABSOLUTE
    ..\\..\\..\\..\\Firmware\\GD32F1x0_usbd_driver\\Source\\usbd_pwr.c 0x00000000   Number         0  usbd_pwr.o ABSOLUTE
    ..\\..\\..\\..\\Firmware\\GD32F1x0_usbd_driver\\Source\\usbd_std.c 0x00000000   Number         0  usbd_std.o ABSOLUTE
    ..\\..\\..\\..\\Utilities\\gd32f1x0_eval.c 0x00000000   Number         0  gd32f1x0_eval.o ABSOLUTE
    ..\\src\\bbb_scsi_driver.c               0x00000000   Number         0  bbb_scsi_driver.o ABSOLUTE
    ..\\src\\flash_access.c                  0x00000000   Number         0  flash_access.o ABSOLUTE
    ..\\src\\gd32f1x0_it.c                   0x00000000   Number         0  gd32f1x0_it.o ABSOLUTE
    ..\\src\\main.c                          0x00000000   Number         0  main.o ABSOLUTE
    ..\\src\\msc_core.c                      0x00000000   Number         0  msc_core.o ABSOLUTE
    ..\src\bbb_scsi_driver.c                 0x00000000   Number         0  bbb_scsi_driver.o ABSOLUTE
    ..\src\flash_access.c                    0x00000000   Number         0  flash_access.o ABSOLUTE
    ..\src\gd32f1x0_it.c                     0x00000000   Number         0  gd32f1x0_it.o ABSOLUTE
    ..\src\main.c                            0x00000000   Number         0  main.o ABSOLUTE
    ..\src\msc_core.c                        0x00000000   Number         0  msc_core.o ABSOLUTE
    dc.s                                     0x00000000   Number         0  dc.o ABSOLUTE
    handlers.s                               0x00000000   Number         0  handlers.o ABSOLUTE
    init.s                                   0x00000000   Number         0  init.o ABSOLUTE
    RESET                                    0x08000000   Section      360  startup_gd32f1x0.o(RESET)
    .ARM.Collect$$$$00000000                 0x08000168   Section        0  entry.o(.ARM.Collect$$$$00000000)
    .ARM.Collect$$$$00000001                 0x08000168   Section        4  entry2.o(.ARM.Collect$$$$00000001)
    .ARM.Collect$$$$00000004                 0x0800016c   Section        4  entry5.o(.ARM.Collect$$$$00000004)
    .ARM.Collect$$$$00000008                 0x08000170   Section        0  entry7b.o(.ARM.Collect$$$$00000008)
    .ARM.Collect$$$$0000000A                 0x08000170   Section        0  entry8b.o(.ARM.Collect$$$$0000000A)
    .ARM.Collect$$$$0000000B                 0x08000170   Section        8  entry9a.o(.ARM.Collect$$$$0000000B)
    .ARM.Collect$$$$0000000E                 0x08000178   Section        4  entry12b.o(.ARM.Collect$$$$0000000E)
    .ARM.Collect$$$$0000000F                 0x0800017c   Section        0  entry10a.o(.ARM.Collect$$$$0000000F)
    .ARM.Collect$$$$00000011                 0x0800017c   Section        0  entry11a.o(.ARM.Collect$$$$00000011)
    .ARM.Collect$$$$00002712                 0x0800017c   Section        4  entry2.o(.ARM.Collect$$$$00002712)
    __lit__00000000                          0x0800017c   Data           4  entry2.o(.ARM.Collect$$$$00002712)
    .text                                    0x08000180   Section       36  startup_gd32f1x0.o(.text)
    .text                                    0x080001a4   Section       36  init.o(.text)
    .text                                    0x080001c8   Section        0  __dczerorl2.o(.text)
    i.BusFault_Handler                       0x0800021e   Section        0  gd32f1x0_it.o(i.BusFault_Handler)
    i.DebugMon_Handler                       0x08000222   Section        0  gd32f1x0_it.o(i.DebugMon_Handler)
    i.HardFault_Handler                      0x08000224   Section        0  gd32f1x0_it.o(i.HardFault_Handler)
    i.MemManage_Handler                      0x08000228   Section        0  gd32f1x0_it.o(i.MemManage_Handler)
    i.NMI_Handler                            0x0800022c   Section        0  gd32f1x0_it.o(i.NMI_Handler)
    i.PendSV_Handler                         0x0800022e   Section        0  gd32f1x0_it.o(i.PendSV_Handler)
    i.SVC_Handler                            0x08000230   Section        0  gd32f1x0_it.o(i.SVC_Handler)
    i.SysTick_Handler                        0x08000232   Section        0  gd32f1x0_it.o(i.SysTick_Handler)
    i.SystemInit                             0x08000234   Section        0  system_gd32f1x0.o(i.SystemInit)
    i.USBDWakeUp_IRQHandler                  0x080002bc   Section        0  gd32f1x0_it.o(i.USBDWakeUp_IRQHandler)
    i.USBD_LP_IRQHandler                     0x080002c8   Section        0  gd32f1x0_it.o(i.USBD_LP_IRQHandler)
    i.UsageFault_Handler                     0x080002d0   Section        0  gd32f1x0_it.o(i.UsageFault_Handler)
    i.__scatterload_copy                     0x080002d4   Section       14  handlers.o(i.__scatterload_copy)
    i.__scatterload_null                     0x080002e2   Section        2  handlers.o(i.__scatterload_null)
    i.__scatterload_zeroinit                 0x080002e4   Section       14  handlers.o(i.__scatterload_zeroinit)
    i.bbb_report_array_to_host               0x080002f4   Section        0  bbb_scsi_driver.o(i.bbb_report_array_to_host)
    i.bbb_set_csw                            0x080003b4   Section        0  bbb_scsi_driver.o(i.bbb_set_csw)
    i.exti_interrupt_flag_clear              0x080003d0   Section        0  gd32f1x0_exti.o(i.exti_interrupt_flag_clear)
    i.flash_init                             0x080003dc   Section        0  flash_access.o(i.flash_init)
    i.flash_read_multi_blocks                0x080003e8   Section        0  flash_access.o(i.flash_read_multi_blocks)
    i.flash_write_multi_blocks               0x08000414   Section        0  flash_access.o(i.flash_write_multi_blocks)
    i.fmc_page_erase                         0x08000464   Section        0  gd32f1x0_fmc.o(i.fmc_page_erase)
    i.fmc_ready_wait                         0x080004ac   Section        0  gd32f1x0_fmc.o(i.fmc_ready_wait)
    i.fmc_state_get                          0x080004d0   Section        0  gd32f1x0_fmc.o(i.fmc_state_get)
    i.fmc_unlock                             0x08000500   Section        0  gd32f1x0_fmc.o(i.fmc_unlock)
    i.fmc_word_program                       0x08000524   Section        0  gd32f1x0_fmc.o(i.fmc_word_program)
    i.gpio_bit_set                           0x08000564   Section        0  gd32f1x0_gpio.o(i.gpio_bit_set)
    i.gpio_config                            0x08000568   Section        0  main.o(i.gpio_config)
    i.gpio_mode_set                          0x08000588   Section        0  gd32f1x0_gpio.o(i.gpio_mode_set)
    i.gpio_output_options_set                0x080005d6   Section        0  gd32f1x0_gpio.o(i.gpio_output_options_set)
    i.main                                   0x08000618   Section        0  main.o(i.main)
    i.msc_data_handler                       0x08000650   Section        0  msc_core.o(i.msc_data_handler)
    i.msc_deinit                             0x080006a4   Section        0  msc_core.o(i.msc_deinit)
    i.msc_init                               0x080006d8   Section        0  msc_core.o(i.msc_init)
    i.msc_req_handler                        0x0800071c   Section        0  msc_core.o(i.msc_req_handler)
    i.nvic_config                            0x080007c4   Section        0  main.o(i.nvic_config)
    i.nvic_irq_enable                        0x080007dc   Section        0  gd32f1x0_misc.o(i.nvic_irq_enable)
    i.nvic_priority_group_set                0x08000880   Section        0  gd32f1x0_misc.o(i.nvic_priority_group_set)
    i.process_scsi_command                   0x08000894   Section        0  bbb_scsi_driver.o(i.process_scsi_command)
    i.rcu_config                             0x08000c54   Section        0  main.o(i.rcu_config)
    i.rcu_periph_clock_enable                0x08000c78   Section        0  gd32f1x0_rcu.o(i.rcu_periph_clock_enable)
    i.rcu_usbd_clock_config                  0x08000c98   Section        0  gd32f1x0_rcu.o(i.rcu_usbd_clock_config)
    i.resume_mcu                             0x08000cb4   Section        0  usbd_pwr.o(i.resume_mcu)
    i.scsi_command_parse                     0x08000cd4   Section        0  bbb_scsi_driver.o(i.scsi_command_parse)
    i.system_clock_8m_irc8m                  0x08000cf4   Section        0  system_gd32f1x0.o(i.system_clock_8m_irc8m)
    system_clock_8m_irc8m                    0x08000cf5   Thumb Code    50  system_gd32f1x0.o(i.system_clock_8m_irc8m)
    i.system_clock_config                    0x08000d2c   Section        0  system_gd32f1x0.o(i.system_clock_config)
    system_clock_config                      0x08000d2d   Thumb Code     8  system_gd32f1x0.o(i.system_clock_config)
    i.usbd_clearfeature                      0x08000d34   Section        0  usbd_std.o(i.usbd_clearfeature)
    usbd_clearfeature                        0x08000d35   Thumb Code   280  usbd_std.o(i.usbd_clearfeature)
    i.usbd_configuration_descriptor_get      0x08000e54   Section        0  usbd_std.o(i.usbd_configuration_descriptor_get)
    usbd_configuration_descriptor_get        0x08000e55   Thumb Code    16  usbd_std.o(i.usbd_configuration_descriptor_get)
    i.usbd_core_init                         0x08000e64   Section        0  usbd_core.o(i.usbd_core_init)
    i.usbd_device_class_request              0x08000e98   Section        0  usbd_std.o(i.usbd_device_class_request)
    i.usbd_device_descriptor_get             0x08000f04   Section        0  usbd_std.o(i.usbd_device_descriptor_get)
    usbd_device_descriptor_get               0x08000f05   Thumb Code    16  usbd_std.o(i.usbd_device_descriptor_get)
    i.usbd_enum_error                        0x08000f14   Section        0  usbd_std.o(i.usbd_enum_error)
    i.usbd_ep_clear_stall                    0x08000f24   Section        0  usbd_core.o(i.usbd_ep_clear_stall)
    i.usbd_ep_data_read                      0x08000ffc   Section        0  usbd_core.o(i.usbd_ep_data_read)
    i.usbd_ep_data_write                     0x08001020   Section        0  usbd_core.o(i.usbd_ep_data_write)
    i.usbd_ep_deinit                         0x08001044   Section        0  usbd_core.o(i.usbd_ep_deinit)
    i.usbd_ep_init                           0x080010f8   Section        0  usbd_core.o(i.usbd_ep_init)
    i.usbd_ep_rx                             0x080013ec   Section        0  usbd_core.o(i.usbd_ep_rx)
    i.usbd_ep_stall                          0x08001438   Section        0  usbd_core.o(i.usbd_ep_stall)
    i.usbd_ep_tx                             0x080014d8   Section        0  usbd_core.o(i.usbd_ep_tx)
    i.usbd_getconfiguration                  0x08001568   Section        0  usbd_std.o(i.usbd_getconfiguration)
    usbd_getconfiguration                    0x08001569   Thumb Code    80  usbd_std.o(i.usbd_getconfiguration)
    i.usbd_getdescriptor                     0x080015b8   Section        0  usbd_std.o(i.usbd_getdescriptor)
    usbd_getdescriptor                       0x080015b9   Thumb Code   144  usbd_std.o(i.usbd_getdescriptor)
    i.usbd_getinterface                      0x0800164c   Section        0  usbd_std.o(i.usbd_getinterface)
    usbd_getinterface                        0x0800164d   Thumb Code    68  usbd_std.o(i.usbd_getinterface)
    i.usbd_getstatus                         0x08001690   Section        0  usbd_std.o(i.usbd_getstatus)
    usbd_getstatus                           0x08001691   Thumb Code   250  usbd_std.o(i.usbd_getstatus)
    i.usbd_in_transaction                    0x0800178c   Section        0  usbd_std.o(i.usbd_in_transaction)
    i.usbd_intf_esof                         0x080018a8   Section        0  usbd_int.o(i.usbd_intf_esof)
    usbd_intf_esof                           0x080018a9   Thumb Code    84  usbd_int.o(i.usbd_intf_esof)
    i.usbd_intf_lpst                         0x08001908   Section        0  usbd_int.o(i.usbd_intf_lpst)
    usbd_intf_lpst                           0x08001909   Thumb Code   340  usbd_int.o(i.usbd_intf_lpst)
    i.usbd_intf_reset                        0x08001a68   Section        0  usbd_int.o(i.usbd_intf_reset)
    usbd_intf_reset                          0x08001a69   Thumb Code   130  usbd_int.o(i.usbd_intf_reset)
    i.usbd_intf_sof                          0x08001afc   Section        0  usbd_int.o(i.usbd_intf_sof)
    usbd_intf_sof                            0x08001afd   Thumb Code    24  usbd_int.o(i.usbd_intf_sof)
    i.usbd_intf_suspend                      0x08001b18   Section        0  usbd_int.o(i.usbd_intf_suspend)
    usbd_intf_suspend                        0x08001b19   Thumb Code    34  usbd_int.o(i.usbd_intf_suspend)
    i.usbd_intf_wakeup                       0x08001b44   Section        0  usbd_int.o(i.usbd_intf_wakeup)
    usbd_intf_wakeup                         0x08001b45   Thumb Code    22  usbd_int.o(i.usbd_intf_wakeup)
    i.usbd_isr                               0x08001b60   Section        0  usbd_int.o(i.usbd_isr)
    i.usbd_out_transaction                   0x08001c38   Section        0  usbd_std.o(i.usbd_out_transaction)
    i.usbd_reserved                          0x08001ce0   Section        0  usbd_std.o(i.usbd_reserved)
    usbd_reserved                            0x08001ce1   Thumb Code     2  usbd_std.o(i.usbd_reserved)
    i.usbd_setaddress                        0x08001ce4   Section        0  usbd_std.o(i.usbd_setaddress)
    usbd_setaddress                          0x08001ce5   Thumb Code   104  usbd_std.o(i.usbd_setaddress)
    i.usbd_setconfiguration                  0x08001d58   Section        0  usbd_std.o(i.usbd_setconfiguration)
    usbd_setconfiguration                    0x08001d59   Thumb Code   328  usbd_std.o(i.usbd_setconfiguration)
    i.usbd_setdescriptor                     0x08001eac   Section        0  usbd_std.o(i.usbd_setdescriptor)
    usbd_setdescriptor                       0x08001ead   Thumb Code     2  usbd_std.o(i.usbd_setdescriptor)
    i.usbd_setfeature                        0x08001eb0   Section        0  usbd_std.o(i.usbd_setfeature)
    usbd_setfeature                          0x08001eb1   Thumb Code   242  usbd_std.o(i.usbd_setfeature)
    i.usbd_setinterface                      0x08001fac   Section        0  usbd_std.o(i.usbd_setinterface)
    usbd_setinterface                        0x08001fad   Thumb Code   102  usbd_std.o(i.usbd_setinterface)
    i.usbd_setup_request_parse               0x0800201c   Section        0  usbd_std.o(i.usbd_setup_request_parse)
    i.usbd_setup_transaction                 0x0800204e   Section        0  usbd_std.o(i.usbd_setup_transaction)
    i.usbd_standard_request                  0x0800209c   Section        0  usbd_std.o(i.usbd_standard_request)
    i.usbd_string_descriptor_get             0x080020b8   Section        0  usbd_std.o(i.usbd_string_descriptor_get)
    usbd_string_descriptor_get               0x080020b9   Thumb Code    18  usbd_std.o(i.usbd_string_descriptor_get)
    i.usbd_suspend                           0x080020cc   Section        0  usbd_pwr.o(i.usbd_suspend)
    i.usbd_synchframe                        0x080020e0   Section        0  usbd_std.o(i.usbd_synchframe)
    usbd_synchframe                          0x080020e1   Thumb Code     2  usbd_std.o(i.usbd_synchframe)
    i.usbd_vendor_request                    0x080020e2   Section        0  usbd_std.o(i.usbd_vendor_request)
    .constdata                               0x080020e8   Section      196  msc_core.o(.constdata)
    <Data1>                                  0x080020e8   Data          24  msc_core.o(.constdata)
    <Data2>                                  0x08002100   Data          50  msc_core.o(.constdata)
    <Data3>                                  0x08002132   Data          50  msc_core.o(.constdata)
    .data                                    0x20000000   Section      164  main.o(.data)
    .data                                    0x200000a4   Section        8  msc_core.o(.data)
    usbd_msc_maxlun                          0x200000a4   Data           1  msc_core.o(.data)
    usbd_msc_altset                          0x200000a5   Data           1  msc_core.o(.data)
    .data                                    0x200000ac   Section      100  bbb_scsi_driver.o(.data)
    .data                                    0x20000110   Section       12  usbd_core.o(.data)
    .data                                    0x2000011c   Section        3  usbd_pwr.o(.data)
    .data                                    0x20000120   Section       69  usbd_std.o(.data)
    standard_device_request                  0x20000124   Data          52  usbd_std.o(.data)
    standard_descriptor_get                  0x20000158   Data          12  usbd_std.o(.data)
    cfgidx                                   0x20000164   Data           1  usbd_std.o(.data)
    .bss                                     0x20000168   Section     1088  bbb_scsi_driver.o(.bss)
    STACK                                    0x200005a8   Section     1024  startup_gd32f1x0.o(STACK)

    Global Symbols

    Symbol Name                              Value     Ov Type        Size  Object(Section)

    BuildAttributes$$THM_ISAv4$P$D$K$B$S$PE$A:L22UL41UL21$X:L11$S22US41US21$IEEE1$IW$USESV6$~STKCKD$USESV7$~SHL$OSPACE$EBA8$MICROLIB$REQ8$PRES8$EABIv2 0x00000000   Number         0  anon$$obj.o ABSOLUTE
    __ARM_use_no_argv                        0x00000000   Number         0  main.o ABSOLUTE
    __arm_fini_                               - Undefined Weak Reference
    __cpp_initialize__aeabi_                  - Undefined Weak Reference
    __cxa_finalize                            - Undefined Weak Reference
    _clock_init                               - Undefined Weak Reference
    _microlib_exit                            - Undefined Weak Reference
    __Vectors_Size                           0x00000168   Number         0  startup_gd32f1x0.o ABSOLUTE
    __Vectors                                0x08000000   Data           4  startup_gd32f1x0.o(RESET)
    __Vectors_End                            0x08000168   Data           0  startup_gd32f1x0.o(RESET)
    __main                                   0x08000169   Thumb Code     0  entry.o(.ARM.Collect$$$$00000000)
    _main_stk                                0x08000169   Thumb Code     0  entry2.o(.ARM.Collect$$$$00000001)
    _main_scatterload                        0x0800016d   Thumb Code     0  entry5.o(.ARM.Collect$$$$00000004)
    __main_after_scatterload                 0x08000171   Thumb Code     0  entry5.o(.ARM.Collect$$$$00000004)
    _main_clock                              0x08000171   Thumb Code     0  entry7b.o(.ARM.Collect$$$$00000008)
    _main_cpp_init                           0x08000171   Thumb Code     0  entry8b.o(.ARM.Collect$$$$0000000A)
    _main_init                               0x08000171   Thumb Code     0  entry9a.o(.ARM.Collect$$$$0000000B)
    __rt_lib_shutdown_fini                   0x08000179   Thumb Code     0  entry12b.o(.ARM.Collect$$$$0000000E)
    __rt_final_cpp                           0x0800017d   Thumb Code     0  entry10a.o(.ARM.Collect$$$$0000000F)
    __rt_final_exit                          0x0800017d   Thumb Code     0  entry11a.o(.ARM.Collect$$$$00000011)
    Reset_Handler                            0x08000181   Thumb Code     8  startup_gd32f1x0.o(.text)
    ADC_CMP_IRQHandler                       0x0800019b   Thumb Code     0  startup_gd32f1x0.o(.text)
    CAN0_RX0_IRQHandler                      0x0800019b   Thumb Code     0  startup_gd32f1x0.o(.text)
    CAN0_RX1_IRQHandler                      0x0800019b   Thumb Code     0  startup_gd32f1x0.o(.text)
    CAN0_SCE_IRQHandler                      0x0800019b   Thumb Code     0  startup_gd32f1x0.o(.text)
    CAN0_TX_IRQHandler                       0x0800019b   Thumb Code     0  startup_gd32f1x0.o(.text)
    CAN1_RX0_IRQHandler                      0x0800019b   Thumb Code     0  startup_gd32f1x0.o(.text)
    CAN1_RX1_IRQHandler                      0x0800019b   Thumb Code     0  startup_gd32f1x0.o(.text)
    CAN1_SCE_IRQHandler                      0x0800019b   Thumb Code     0  startup_gd32f1x0.o(.text)
    CAN1_TX_IRQHandler                       0x0800019b   Thumb Code     0  startup_gd32f1x0.o(.text)
    CEC_IRQHandler                           0x0800019b   Thumb Code     0  startup_gd32f1x0.o(.text)
    DMA_Channel0_IRQHandler                  0x0800019b   Thumb Code     0  startup_gd32f1x0.o(.text)
    DMA_Channel1_2_IRQHandler                0x0800019b   Thumb Code     0  startup_gd32f1x0.o(.text)
    DMA_Channel3_4_IRQHandler                0x0800019b   Thumb Code     0  startup_gd32f1x0.o(.text)
    DMA_Channel5_6_IRQHandler                0x0800019b   Thumb Code     0  startup_gd32f1x0.o(.text)
    EXTI0_1_IRQHandler                       0x0800019b   Thumb Code     0  startup_gd32f1x0.o(.text)
    EXTI2_3_IRQHandler                       0x0800019b   Thumb Code     0  startup_gd32f1x0.o(.text)
    EXTI4_15_IRQHandler                      0x0800019b   Thumb Code     0  startup_gd32f1x0.o(.text)
    FMC_IRQHandler                           0x0800019b   Thumb Code     0  startup_gd32f1x0.o(.text)
    I2C0_ER_IRQHandler                       0x0800019b   Thumb Code     0  startup_gd32f1x0.o(.text)
    I2C0_EV_IRQHandler                       0x0800019b   Thumb Code     0  startup_gd32f1x0.o(.text)
    I2C1_ER_IRQHandler                       0x0800019b   Thumb Code     0  startup_gd32f1x0.o(.text)
    I2C1_EV_IRQHandler                       0x0800019b   Thumb Code     0  startup_gd32f1x0.o(.text)
    I2C2_ER_IRQHandler                       0x0800019b   Thumb Code     0  startup_gd32f1x0.o(.text)
    I2C2_EV_IRQHandler                       0x0800019b   Thumb Code     0  startup_gd32f1x0.o(.text)
    LVD_IRQHandler                           0x0800019b   Thumb Code     0  startup_gd32f1x0.o(.text)
    RCU_IRQHandler                           0x0800019b   Thumb Code     0  startup_gd32f1x0.o(.text)
    RTC_IRQHandler                           0x0800019b   Thumb Code     0  startup_gd32f1x0.o(.text)
    SLCD_IRQHandler                          0x0800019b   Thumb Code     0  startup_gd32f1x0.o(.text)
    SPI0_IRQHandler                          0x0800019b   Thumb Code     0  startup_gd32f1x0.o(.text)
    SPI1_IRQHandler                          0x0800019b   Thumb Code     0  startup_gd32f1x0.o(.text)
    SPI2_IRQHandler                          0x0800019b   Thumb Code     0  startup_gd32f1x0.o(.text)
    TIMER0_BRK_UP_TRG_COM_IRQHandler         0x0800019b   Thumb Code     0  startup_gd32f1x0.o(.text)
    TIMER0_Channel_IRQHandler                0x0800019b   Thumb Code     0  startup_gd32f1x0.o(.text)
    TIMER13_IRQHandler                       0x0800019b   Thumb Code     0  startup_gd32f1x0.o(.text)
    TIMER14_IRQHandler                       0x0800019b   Thumb Code     0  startup_gd32f1x0.o(.text)
    TIMER15_IRQHandler                       0x0800019b   Thumb Code     0  startup_gd32f1x0.o(.text)
    TIMER16_IRQHandler                       0x0800019b   Thumb Code     0  startup_gd32f1x0.o(.text)
    TIMER1_IRQHandler                        0x0800019b   Thumb Code     0  startup_gd32f1x0.o(.text)
    TIMER2_IRQHandler                        0x0800019b   Thumb Code     0  startup_gd32f1x0.o(.text)
    TIMER5_DAC_IRQHandler                    0x0800019b   Thumb Code     0  startup_gd32f1x0.o(.text)
    TSI_IRQHandler                           0x0800019b   Thumb Code     0  startup_gd32f1x0.o(.text)
    USART0_IRQHandler                        0x0800019b   Thumb Code     0  startup_gd32f1x0.o(.text)
    USART1_IRQHandler                        0x0800019b   Thumb Code     0  startup_gd32f1x0.o(.text)
    USBD_HP_IRQHandler                       0x0800019b   Thumb Code     0  startup_gd32f1x0.o(.text)
    WWDGT_IRQHandler                         0x0800019b   Thumb Code     0  startup_gd32f1x0.o(.text)
    __scatterload                            0x080001a5   Thumb Code    28  init.o(.text)
    __scatterload_rt2                        0x080001a5   Thumb Code     0  init.o(.text)
    __decompress                             0x080001c9   Thumb Code     0  __dczerorl2.o(.text)
    __decompress1                            0x080001c9   Thumb Code    86  __dczerorl2.o(.text)
    BusFault_Handler                         0x0800021f   Thumb Code     4  gd32f1x0_it.o(i.BusFault_Handler)
    DebugMon_Handler                         0x08000223   Thumb Code     2  gd32f1x0_it.o(i.DebugMon_Handler)
    HardFault_Handler                        0x08000225   Thumb Code     4  gd32f1x0_it.o(i.HardFault_Handler)
    MemManage_Handler                        0x08000229   Thumb Code     4  gd32f1x0_it.o(i.MemManage_Handler)
    NMI_Handler                              0x0800022d   Thumb Code     2  gd32f1x0_it.o(i.NMI_Handler)
    PendSV_Handler                           0x0800022f   Thumb Code     2  gd32f1x0_it.o(i.PendSV_Handler)
    SVC_Handler                              0x08000231   Thumb Code     2  gd32f1x0_it.o(i.SVC_Handler)
    SysTick_Handler                          0x08000233   Thumb Code     2  gd32f1x0_it.o(i.SysTick_Handler)
    SystemInit                               0x08000235   Thumb Code   118  system_gd32f1x0.o(i.SystemInit)
    USBDWakeUp_IRQHandler                    0x080002bd   Thumb Code    12  gd32f1x0_it.o(i.USBDWakeUp_IRQHandler)
    USBD_LP_IRQHandler                       0x080002c9   Thumb Code     8  gd32f1x0_it.o(i.USBD_LP_IRQHandler)
    UsageFault_Handler                       0x080002d1   Thumb Code     4  gd32f1x0_it.o(i.UsageFault_Handler)
    __scatterload_copy                       0x080002d5   Thumb Code    14  handlers.o(i.__scatterload_copy)
    __scatterload_null                       0x080002e3   Thumb Code     2  handlers.o(i.__scatterload_null)
    __scatterload_zeroinit                   0x080002e5   Thumb Code    14  handlers.o(i.__scatterload_zeroinit)
    bbb_report_array_to_host                 0x080002f5   Thumb Code   172  bbb_scsi_driver.o(i.bbb_report_array_to_host)
    bbb_set_csw                              0x080003b5   Thumb Code    18  bbb_scsi_driver.o(i.bbb_set_csw)
    exti_interrupt_flag_clear                0x080003d1   Thumb Code     6  gd32f1x0_exti.o(i.exti_interrupt_flag_clear)
    flash_init                               0x080003dd   Thumb Code    10  flash_access.o(i.flash_init)
    flash_read_multi_blocks                  0x080003e9   Thumb Code    38  flash_access.o(i.flash_read_multi_blocks)
    flash_write_multi_blocks                 0x08000415   Thumb Code    74  flash_access.o(i.flash_write_multi_blocks)
    fmc_page_erase                           0x08000465   Thumb Code    66  gd32f1x0_fmc.o(i.fmc_page_erase)
    fmc_ready_wait                           0x080004ad   Thumb Code    34  gd32f1x0_fmc.o(i.fmc_ready_wait)
    fmc_state_get                            0x080004d1   Thumb Code    44  gd32f1x0_fmc.o(i.fmc_state_get)
    fmc_unlock                               0x08000501   Thumb Code    22  gd32f1x0_fmc.o(i.fmc_unlock)
    fmc_word_program                         0x08000525   Thumb Code    58  gd32f1x0_fmc.o(i.fmc_word_program)
    gpio_bit_set                             0x08000565   Thumb Code     4  gd32f1x0_gpio.o(i.gpio_bit_set)
    gpio_config                              0x08000569   Thumb Code    28  main.o(i.gpio_config)
    gpio_mode_set                            0x08000589   Thumb Code    78  gd32f1x0_gpio.o(i.gpio_mode_set)
    gpio_output_options_set                  0x080005d7   Thumb Code    66  gd32f1x0_gpio.o(i.gpio_output_options_set)
    main                                     0x08000619   Thumb Code    46  main.o(i.main)
    msc_data_handler                         0x08000651   Thumb Code    78  msc_core.o(i.msc_data_handler)
    msc_deinit                               0x080006a5   Thumb Code    44  msc_core.o(i.msc_deinit)
    msc_init                                 0x080006d9   Thumb Code    54  msc_core.o(i.msc_init)
    msc_req_handler                          0x0800071d   Thumb Code   152  msc_core.o(i.msc_req_handler)
    nvic_config                              0x080007c5   Thumb Code    22  main.o(i.nvic_config)
    nvic_irq_enable                          0x080007dd   Thumb Code   156  gd32f1x0_misc.o(i.nvic_irq_enable)
    nvic_priority_group_set                  0x08000881   Thumb Code    10  gd32f1x0_misc.o(i.nvic_priority_group_set)
    process_scsi_command                     0x08000895   Thumb Code   904  bbb_scsi_driver.o(i.process_scsi_command)
    rcu_config                               0x08000c55   Thumb Code    34  main.o(i.rcu_config)
    rcu_periph_clock_enable                  0x08000c79   Thumb Code    28  gd32f1x0_rcu.o(i.rcu_periph_clock_enable)
    rcu_usbd_clock_config                    0x08000c99   Thumb Code    22  gd32f1x0_rcu.o(i.rcu_usbd_clock_config)
    resume_mcu                               0x08000cb5   Thumb Code    28  usbd_pwr.o(i.resume_mcu)
    scsi_command_parse                       0x08000cd5   Thumb Code    22  bbb_scsi_driver.o(i.scsi_command_parse)
    usbd_core_init                           0x08000e65   Thumb Code    44  usbd_core.o(i.usbd_core_init)
    usbd_device_class_request                0x08000e99   Thumb Code    98  usbd_std.o(i.usbd_device_class_request)
    usbd_enum_error                          0x08000f15   Thumb Code    16  usbd_std.o(i.usbd_enum_error)
    usbd_ep_clear_stall                      0x08000f25   Thumb Code   212  usbd_core.o(i.usbd_ep_clear_stall)
    usbd_ep_data_read                        0x08000ffd   Thumb Code    32  usbd_core.o(i.usbd_ep_data_read)
    usbd_ep_data_write                       0x08001021   Thumb Code    30  usbd_core.o(i.usbd_ep_data_write)
    usbd_ep_deinit                           0x08001045   Thumb Code   174  usbd_core.o(i.usbd_ep_deinit)
    usbd_ep_init                             0x080010f9   Thumb Code   742  usbd_core.o(i.usbd_ep_init)
    usbd_ep_rx                               0x080013ed   Thumb Code    70  usbd_core.o(i.usbd_ep_rx)
    usbd_ep_stall                            0x08001439   Thumb Code   156  usbd_core.o(i.usbd_ep_stall)
    usbd_ep_tx                               0x080014d9   Thumb Code   134  usbd_core.o(i.usbd_ep_tx)
    usbd_in_transaction                      0x0800178d   Thumb Code   274  usbd_std.o(i.usbd_in_transaction)
    usbd_isr                                 0x08001b61   Thumb Code   202  usbd_int.o(i.usbd_isr)
    usbd_out_transaction                     0x08001c39   Thumb Code   158  usbd_std.o(i.usbd_out_transaction)
    usbd_setup_request_parse                 0x0800201d   Thumb Code    50  usbd_std.o(i.usbd_setup_request_parse)
    usbd_setup_transaction                   0x0800204f   Thumb Code    78  usbd_std.o(i.usbd_setup_transaction)
    usbd_standard_request                    0x0800209d   Thumb Code    24  usbd_std.o(i.usbd_standard_request)
    usbd_suspend                             0x080020cd   Thumb Code    16  usbd_pwr.o(i.usbd_suspend)
    usbd_vendor_request                      0x080020e3   Thumb Code     6  usbd_std.o(i.usbd_vendor_request)
    device_descripter                        0x08002164   Data          18  msc_core.o(.constdata)
    configuration_descriptor                 0x08002176   Data          32  msc_core.o(.constdata)
    usbd_language_id_desc                    0x08002196   Data           4  msc_core.o(.constdata)
    usbd_strings                             0x0800219c   Data          16  msc_core.o(.constdata)
    Region$$Table$$Base                      0x080021ac   Number         0  anon$$obj.o(Region$$Table)
    Region$$Table$$Limit                     0x080021cc   Number         0  anon$$obj.o(Region$$Table)
    usb_device_dev                           0x20000000   Data         164  main.o(.data)
    usbd_int_fops                            0x200000a8   Data           4  msc_core.o(.data)
    disk_inquiry_data                        0x200000ac   Data          36  bbb_scsi_driver.o(.data)
    format_capacities_data                   0x200000d0   Data          12  bbb_scsi_driver.o(.data)
    read_capacities_data                     0x200000dc   Data           8  bbb_scsi_driver.o(.data)
    request_sense_data                       0x200000e4   Data          18  bbb_scsi_driver.o(.data)
    sense6_data                              0x200000f6   Data           8  bbb_scsi_driver.o(.data)
    g_bbb_transport_stage                    0x200000fe   Data           1  bbb_scsi_driver.o(.data)
    error_data                               0x200000ff   Data           1  bbb_scsi_driver.o(.data)
    p_bbb_return_data                        0x20000100   Data           4  bbb_scsi_driver.o(.data)
    g_return_data_length                     0x20000104   Data           4  bbb_scsi_driver.o(.data)
    g_block_address                          0x20000108   Data           4  bbb_scsi_driver.o(.data)
    g_block_len                              0x2000010c   Data           4  bbb_scsi_driver.o(.data)
    g_interrupt_mask                         0x20000110   Data           4  usbd_core.o(.data)
    g_free_buf_addr                          0x20000114   Data           4  usbd_core.o(.data)
    pbuf_reg                                 0x20000118   Data           4  usbd_core.o(.data)
    g_ESOF_count                             0x2000011c   Data           1  usbd_pwr.o(.data)
    g_suspend_enabled                        0x2000011d   Data           1  usbd_pwr.o(.data)
    g_remote_wakeup_on                       0x2000011e   Data           1  usbd_pwr.o(.data)
    g_device_address                         0x20000120   Data           1  usbd_std.o(.data)
    scsi_cmd                                 0x20000168   Data          16  bbb_scsi_driver.o(.bss)
    bbb_data                                 0x20000178   Data        1024  bbb_scsi_driver.o(.bss)
    bbb_cbw                                  0x20000578   Data          32  bbb_scsi_driver.o(.bss)
    bbb_csw                                  0x20000598   Data          16  bbb_scsi_driver.o(.bss)
    __initial_sp                             0x200009a8   Data           0  startup_gd32f1x0.o(STACK)



==============================================================================

Memory Map of the image

  Image Entry point : 0x08000169

  Load Region LR_IROM1 (Base: 0x08000000, Size: 0x00002334, Max: 0x00010000, ABSOLUTE, COMPRESSED[0x0000225c])

    Execution Region ER_IROM1 (Exec base: 0x08000000, Load base: 0x08000000, Size: 0x000021cc, Max: 0x00010000, ABSOLUTE)

    Exec Addr    Load Addr    Size         Type   Attr      Idx    E Section Name        Object

    0x08000000   0x08000000   0x00000168   Data   RO         2065    RESET               startup_gd32f1x0.o
    0x08000168   0x08000168   0x00000000   Code   RO         2070  * .ARM.Collect$$$$00000000  mc_w.l(entry.o)
    0x08000168   0x08000168   0x00000004   Code   RO         2073    .ARM.Collect$$$$00000001  mc_w.l(entry2.o)
    0x0800016c   0x0800016c   0x00000004   Code   RO         2076    .ARM.Collect$$$$00000004  mc_w.l(entry5.o)
    0x08000170   0x08000170   0x00000000   Code   RO         2078    .ARM.Collect$$$$00000008  mc_w.l(entry7b.o)
    0x08000170   0x08000170   0x00000000   Code   RO         2080    .ARM.Collect$$$$0000000A  mc_w.l(entry8b.o)
    0x08000170   0x08000170   0x00000008   Code   RO         2081    .ARM.Collect$$$$0000000B  mc_w.l(entry9a.o)
    0x08000178   0x08000178   0x00000004   Code   RO         2088    .ARM.Collect$$$$0000000E  mc_w.l(entry12b.o)
    0x0800017c   0x0800017c   0x00000000   Code   RO         2083    .ARM.Collect$$$$0000000F  mc_w.l(entry10a.o)
    0x0800017c   0x0800017c   0x00000000   Code   RO         2085    .ARM.Collect$$$$00000011  mc_w.l(entry11a.o)
    0x0800017c   0x0800017c   0x00000004   Code   RO         2074    .ARM.Collect$$$$00002712  mc_w.l(entry2.o)
    0x08000180   0x08000180   0x00000024   Code   RO         2066    .text               startup_gd32f1x0.o
    0x080001a4   0x080001a4   0x00000024   Code   RO         2089    .text               mc_w.l(init.o)
    0x080001c8   0x080001c8   0x00000056   Code   RO         2099    .text               mc_w.l(__dczerorl2.o)
    0x0800021e   0x0800021e   0x00000004   Code   RO          159    i.BusFault_Handler  gd32f1x0_it.o
    0x08000222   0x08000222   0x00000002   Code   RO          160    i.DebugMon_Handler  gd32f1x0_it.o
    0x08000224   0x08000224   0x00000004   Code   RO          161    i.HardFault_Handler  gd32f1x0_it.o
    0x08000228   0x08000228   0x00000004   Code   RO          162    i.MemManage_Handler  gd32f1x0_it.o
    0x0800022c   0x0800022c   0x00000002   Code   RO          163    i.NMI_Handler       gd32f1x0_it.o
    0x0800022e   0x0800022e   0x00000002   Code   RO          164    i.PendSV_Handler    gd32f1x0_it.o
    0x08000230   0x08000230   0x00000002   Code   RO          165    i.SVC_Handler       gd32f1x0_it.o
    0x08000232   0x08000232   0x00000002   Code   RO          166    i.SysTick_Handler   gd32f1x0_it.o
    0x08000234   0x08000234   0x00000088   Code   RO          383    i.SystemInit        system_gd32f1x0.o
    0x080002bc   0x080002bc   0x0000000c   Code   RO          167    i.USBDWakeUp_IRQHandler  gd32f1x0_it.o
    0x080002c8   0x080002c8   0x00000008   Code   RO          168    i.USBD_LP_IRQHandler  gd32f1x0_it.o
    0x080002d0   0x080002d0   0x00000004   Code   RO          169    i.UsageFault_Handler  gd32f1x0_it.o
    0x080002d4   0x080002d4   0x0000000e   Code   RO         2093    i.__scatterload_copy  mc_w.l(handlers.o)
    0x080002e2   0x080002e2   0x00000002   Code   RO         2094    i.__scatterload_null  mc_w.l(handlers.o)
    0x080002e4   0x080002e4   0x0000000e   Code   RO         2095    i.__scatterload_zeroinit  mc_w.l(handlers.o)
    0x080002f2   0x080002f2   0x00000002   PAD
    0x080002f4   0x080002f4   0x000000c0   Code   RO          340    i.bbb_report_array_to_host  bbb_scsi_driver.o
    0x080003b4   0x080003b4   0x0000001c   Code   RO          341    i.bbb_set_csw       bbb_scsi_driver.o
    0x080003d0   0x080003d0   0x0000000c   Code   RO          432    i.exti_interrupt_flag_clear  gd32f1x0_exti.o
    0x080003dc   0x080003dc   0x0000000a   Code   RO          305    i.flash_init        flash_access.o
    0x080003e6   0x080003e6   0x00000002   PAD
    0x080003e8   0x080003e8   0x0000002c   Code   RO          306    i.flash_read_multi_blocks  flash_access.o
    0x08000414   0x08000414   0x00000050   Code   RO          307    i.flash_write_multi_blocks  flash_access.o
    0x08000464   0x08000464   0x00000048   Code   RO         1508    i.fmc_page_erase    gd32f1x0_fmc.o
    0x080004ac   0x080004ac   0x00000022   Code   RO         1509    i.fmc_ready_wait    gd32f1x0_fmc.o
    0x080004ce   0x080004ce   0x00000002   PAD
    0x080004d0   0x080004d0   0x00000030   Code   RO         1510    i.fmc_state_get     gd32f1x0_fmc.o
    0x08000500   0x08000500   0x00000024   Code   RO         1511    i.fmc_unlock        gd32f1x0_fmc.o
    0x08000524   0x08000524   0x00000040   Code   RO         1514    i.fmc_word_program  gd32f1x0_fmc.o
    0x08000564   0x08000564   0x00000004   Code   RO         1411    i.gpio_bit_set      gd32f1x0_gpio.o
    0x08000568   0x08000568   0x00000020   Code   RO            3    i.gpio_config       main.o
    0x08000588   0x08000588   0x0000004e   Code   RO         1416    i.gpio_mode_set     gd32f1x0_gpio.o
    0x080005d6   0x080005d6   0x00000042   Code   RO         1418    i.gpio_output_options_set  gd32f1x0_gpio.o
    0x08000618   0x08000618   0x00000038   Code   RO            4    i.main              main.o
    0x08000650   0x08000650   0x00000054   Code   RO          249    i.msc_data_handler  msc_core.o
    0x080006a4   0x080006a4   0x00000034   Code   RO          250    i.msc_deinit        msc_core.o
    0x080006d8   0x080006d8   0x00000044   Code   RO          251    i.msc_init          msc_core.o
    0x0800071c   0x0800071c   0x000000a8   Code   RO          252    i.msc_req_handler   msc_core.o
    0x080007c4   0x080007c4   0x00000016   Code   RO            5    i.nvic_config       main.o
    0x080007da   0x080007da   0x00000002   PAD
    0x080007dc   0x080007dc   0x000000a4   Code   RO          511    i.nvic_irq_enable   gd32f1x0_misc.o
    0x08000880   0x08000880   0x00000014   Code   RO          512    i.nvic_priority_group_set  gd32f1x0_misc.o
    0x08000894   0x08000894   0x000003c0   Code   RO          342    i.process_scsi_command  bbb_scsi_driver.o
    0x08000c54   0x08000c54   0x00000022   Code   RO            6    i.rcu_config        main.o
    0x08000c76   0x08000c76   0x00000002   PAD
    0x08000c78   0x08000c78   0x00000020   Code   RO         1172    i.rcu_periph_clock_enable  gd32f1x0_rcu.o
    0x08000c98   0x08000c98   0x0000001c   Code   RO         1183    i.rcu_usbd_clock_config  gd32f1x0_rcu.o
    0x08000cb4   0x08000cb4   0x00000020   Code   RO         1890    i.resume_mcu        usbd_pwr.o
    0x08000cd4   0x08000cd4   0x00000020   Code   RO          343    i.scsi_command_parse  bbb_scsi_driver.o
    0x08000cf4   0x08000cf4   0x00000038   Code   RO          384    i.system_clock_8m_irc8m  system_gd32f1x0.o
    0x08000d2c   0x08000d2c   0x00000008   Code   RO          385    i.system_clock_config  system_gd32f1x0.o
    0x08000d34   0x08000d34   0x00000120   Code   RO         1925    i.usbd_clearfeature  usbd_std.o
    0x08000e54   0x08000e54   0x00000010   Code   RO         1926    i.usbd_configuration_descriptor_get  usbd_std.o
    0x08000e64   0x08000e64   0x00000034   Code   RO         1736    i.usbd_core_init    usbd_core.o
    0x08000e98   0x08000e98   0x0000006c   Code   RO         1927    i.usbd_device_class_request  usbd_std.o
    0x08000f04   0x08000f04   0x00000010   Code   RO         1928    i.usbd_device_descriptor_get  usbd_std.o
    0x08000f14   0x08000f14   0x00000010   Code   RO         1929    i.usbd_enum_error   usbd_std.o
    0x08000f24   0x08000f24   0x000000d8   Code   RO         1737    i.usbd_ep_clear_stall  usbd_core.o
    0x08000ffc   0x08000ffc   0x00000024   Code   RO         1738    i.usbd_ep_data_read  usbd_core.o
    0x08001020   0x08001020   0x00000024   Code   RO         1739    i.usbd_ep_data_write  usbd_core.o
    0x08001044   0x08001044   0x000000b4   Code   RO         1740    i.usbd_ep_deinit    usbd_core.o
    0x080010f8   0x080010f8   0x000002f4   Code   RO         1741    i.usbd_ep_init      usbd_core.o
    0x080013ec   0x080013ec   0x0000004c   Code   RO         1742    i.usbd_ep_rx        usbd_core.o
    0x08001438   0x08001438   0x000000a0   Code   RO         1743    i.usbd_ep_stall     usbd_core.o
    0x080014d8   0x080014d8   0x00000090   Code   RO         1745    i.usbd_ep_tx        usbd_core.o
    0x08001568   0x08001568   0x00000050   Code   RO         1930    i.usbd_getconfiguration  usbd_std.o
    0x080015b8   0x080015b8   0x00000094   Code   RO         1931    i.usbd_getdescriptor  usbd_std.o
    0x0800164c   0x0800164c   0x00000044   Code   RO         1932    i.usbd_getinterface  usbd_std.o
    0x08001690   0x08001690   0x000000fa   Code   RO         1933    i.usbd_getstatus    usbd_std.o
    0x0800178a   0x0800178a   0x00000002   PAD
    0x0800178c   0x0800178c   0x0000011c   Code   RO         1934    i.usbd_in_transaction  usbd_std.o
    0x080018a8   0x080018a8   0x00000060   Code   RO         1833    i.usbd_intf_esof    usbd_int.o
    0x08001908   0x08001908   0x00000160   Code   RO         1835    i.usbd_intf_lpst    usbd_int.o
    0x08001a68   0x08001a68   0x00000094   Code   RO         1836    i.usbd_intf_reset   usbd_int.o
    0x08001afc   0x08001afc   0x0000001c   Code   RO         1837    i.usbd_intf_sof     usbd_int.o
    0x08001b18   0x08001b18   0x0000002c   Code   RO         1838    i.usbd_intf_suspend  usbd_int.o
    0x08001b44   0x08001b44   0x0000001c   Code   RO         1839    i.usbd_intf_wakeup  usbd_int.o
    0x08001b60   0x08001b60   0x000000d8   Code   RO         1840    i.usbd_isr          usbd_int.o
    0x08001c38   0x08001c38   0x000000a8   Code   RO         1935    i.usbd_out_transaction  usbd_std.o
    0x08001ce0   0x08001ce0   0x00000002   Code   RO         1936    i.usbd_reserved     usbd_std.o
    0x08001ce2   0x08001ce2   0x00000002   PAD
    0x08001ce4   0x08001ce4   0x00000074   Code   RO         1937    i.usbd_setaddress   usbd_std.o
    0x08001d58   0x08001d58   0x00000154   Code   RO         1938    i.usbd_setconfiguration  usbd_std.o
    0x08001eac   0x08001eac   0x00000002   Code   RO         1939    i.usbd_setdescriptor  usbd_std.o
    0x08001eae   0x08001eae   0x00000002   PAD
    0x08001eb0   0x08001eb0   0x000000fc   Code   RO         1940    i.usbd_setfeature   usbd_std.o
    0x08001fac   0x08001fac   0x00000070   Code   RO         1941    i.usbd_setinterface  usbd_std.o
    0x0800201c   0x0800201c   0x00000032   Code   RO         1942    i.usbd_setup_request_parse  usbd_std.o
    0x0800204e   0x0800204e   0x0000004e   Code   RO         1943    i.usbd_setup_transaction  usbd_std.o
    0x0800209c   0x0800209c   0x0000001c   Code   RO         1944    i.usbd_standard_request  usbd_std.o
    0x080020b8   0x080020b8   0x00000012   Code   RO         1945    i.usbd_string_descriptor_get  usbd_std.o
    0x080020ca   0x080020ca   0x00000002   PAD
    0x080020cc   0x080020cc   0x00000014   Code   RO         1892    i.usbd_suspend      usbd_pwr.o
    0x080020e0   0x080020e0   0x00000002   Code   RO         1946    i.usbd_synchframe   usbd_std.o
    0x080020e2   0x080020e2   0x00000006   Code   RO         1947    i.usbd_vendor_request  usbd_std.o
    0x080020e8   0x080020e8   0x000000c4   Data   RO          253    .constdata          msc_core.o
    0x080021ac   0x080021ac   0x00000020   Data   RO         2091    Region$$Table       anon$$obj.o


    Execution Region RW_IRAM1 (Exec base: 0x20000000, Load base: 0x080021cc, Size: 0x000009a8, Max: 0x00002000, ABSOLUTE, COMPRESSED[0x00000090])

    Exec Addr    Load Addr    Size         Type   Attr      Idx    E Section Name        Object

    0x20000000   COMPRESSED   0x000000a4   Data   RW            7    .data               main.o
    0x200000a4   COMPRESSED   0x00000008   Data   RW          254    .data               msc_core.o
    0x200000ac   COMPRESSED   0x00000064   Data   RW          345    .data               bbb_scsi_driver.o
    0x20000110   COMPRESSED   0x0000000c   Data   RW         1748    .data               usbd_core.o
    0x2000011c   COMPRESSED   0x00000003   Data   RW         1893    .data               usbd_pwr.o
    0x2000011f   COMPRESSED   0x00000001   PAD
    0x20000120   COMPRESSED   0x00000045   Data   RW         1948    .data               usbd_std.o
    0x20000165   COMPRESSED   0x00000003   PAD
    0x20000168        -       0x00000440   Zero   RW          344    .bss                bbb_scsi_driver.o
    0x200005a8        -       0x00000400   Zero   RW         2063    STACK               startup_gd32f1x0.o


==============================================================================

Image component sizes


      Code (inc. data)   RO Data    RW Data    ZI Data      Debug   Object Name

      1212         96          0        100       1088       4570   bbb_scsi_driver.o
       134         12          0          0          0       2582   flash_access.o
        12          6          0          0          0        648   gd32f1x0_exti.o
       254         30          0          0          0       3514   gd32f1x0_fmc.o
       148          0          0          0          0       2445   gd32f1x0_gpio.o
        46          0          0          0          0       5383   gd32f1x0_it.o
       184         18          0          0          0       1572   gd32f1x0_misc.o
        60         10          0          0          0       1294   gd32f1x0_rcu.o
       144         14          0        164          0      35224   main.o
       372         44        196          8          0       6824   msc_core.o
        36          8        360          0       1024        932   startup_gd32f1x0.o
       200         24          0          0          0       1765   system_gd32f1x0.o
      1656         62          0         12          0      11234   usbd_core.o
       912         76          0          0          0       5636   usbd_int.o
        52          8          0          3          0       2028   usbd_pwr.o
      2448         90          0         69          0      18600   usbd_std.o

    ----------------------------------------------------------------------
      7886        498        588        360       2112     104251   Object Totals
         0          0         32          0          0          0   (incl. Generated)
        16          0          0          4          0          0   (incl. Padding)

    ----------------------------------------------------------------------

      Code (inc. data)   RO Data    RW Data    ZI Data      Debug   Library Member Name

        86          0          0          0          0          0   __dczerorl2.o
         0          0          0          0          0          0   entry.o
         0          0          0          0          0          0   entry10a.o
         0          0          0          0          0          0   entry11a.o
         4          0          0          0          0          0   entry12b.o
         8          4          0          0          0          0   entry2.o
         4          0          0          0          0          0   entry5.o
         0          0          0          0          0          0   entry7b.o
         0          0          0          0          0          0   entry8b.o
         8          4          0          0          0          0   entry9a.o
        30          0          0          0          0          0   handlers.o
        36          8          0          0          0         68   init.o

    ----------------------------------------------------------------------
       178         16          0          0          0         68   Library Totals
         2          0          0          0          0          0   (incl. Padding)

    ----------------------------------------------------------------------

      Code (inc. data)   RO Data    RW Data    ZI Data      Debug   Library Name

       176         16          0          0          0         68   mc_w.l

    ----------------------------------------------------------------------
       178         16          0          0          0         68   Library Totals

    ----------------------------------------------------------------------

==============================================================================


      Code (inc. data)   RO Data    RW Data    ZI Data      Debug   

      8064        514        588        360       2112     100443   Grand Totals
      8064        514        588        144       2112     100443   ELF Image Totals (compressed)
      8064        514        588        144          0          0   ROM Totals

==============================================================================

    Total RO  Size (Code + RO Data)                 8652 (   8.45kB)
    Total RW  Size (RW Data + ZI Data)              2472 (   2.41kB)
    Total ROM Size (Code + RO Data + RW Data)       8796 (   8.59kB)

==============================================================================

