Component: ARM Compiler 5.06 update 6 (build 750) Tool: armlink [4d35ed]

==============================================================================

Section Cross References

    main.o(i.gpio_config) refers to gd32f1x0_gpio.o(i.gpio_mode_set) for gpio_mode_set
    main.o(i.gpio_config) refers to gd32f1x0_gpio.o(i.gpio_output_options_set) for gpio_output_options_set
    main.o(i.main) refers to main.o(i.rcu_config) for rcu_config
    main.o(i.main) refers to main.o(i.gpio_config) for gpio_config
    main.o(i.main) refers to usbd_core.o(i.usbd_core_init) for usbd_core_init
    main.o(i.main) refers to main.o(i.nvic_config) for nvic_config
    main.o(i.main) refers to gd32f1x0_gpio.o(i.gpio_bit_set) for gpio_bit_set
    main.o(i.main) refers to cdc_acm_core.o(i.cdc_acm_data_receive) for cdc_acm_data_receive
    main.o(i.main) refers to cdc_acm_core.o(i.cdc_acm_data_send) for cdc_acm_data_send
    main.o(i.main) refers to main.o(.data) for usb_device_dev
    main.o(i.main) refers to cdc_acm_core.o(.data) for packet_receive
    main.o(i.nvic_config) refers to gd32f1x0_misc.o(i.nvic_priority_group_set) for nvic_priority_group_set
    main.o(i.nvic_config) refers to gd32f1x0_misc.o(i.nvic_irq_enable) for nvic_irq_enable
    main.o(i.rcu_config) refers to gd32f1x0_rcu.o(i.rcu_periph_clock_enable) for rcu_periph_clock_enable
    main.o(i.rcu_config) refers to gd32f1x0_rcu.o(i.rcu_usbd_clock_config) for rcu_usbd_clock_config
    main.o(.data) refers to cdc_acm_core.o(.constdata) for device_descriptor
    main.o(.data) refers to cdc_acm_core.o(i.cdc_acm_init) for cdc_acm_init
    main.o(.data) refers to cdc_acm_core.o(i.cdc_acm_deinit) for cdc_acm_deinit
    main.o(.data) refers to cdc_acm_core.o(i.cdc_acm_req_handler) for cdc_acm_req_handler
    main.o(.data) refers to cdc_acm_core.o(i.cdc_acm_data_handler) for cdc_acm_data_handler
    gd32f1x0_it.o(i.USBD_LP_IRQHandler) refers to usbd_int.o(i.usbd_isr) for usbd_isr
    cdc_acm_core.o(i.cdc_acm_EP0_RxReady) refers to cdc_acm_core.o(.data) for cdc_cmd
    cdc_acm_core.o(i.cdc_acm_data_handler) refers to usbd_core.o(i.usbd_ep_tx) for usbd_ep_tx
    cdc_acm_core.o(i.cdc_acm_data_handler) refers to cdc_acm_core.o(i.cdc_acm_EP0_RxReady) for cdc_acm_EP0_RxReady
    cdc_acm_core.o(i.cdc_acm_data_handler) refers to usbd_core.o(i.usbd_rx_count_get) for usbd_rx_count_get
    cdc_acm_core.o(i.cdc_acm_data_handler) refers to cdc_acm_core.o(.data) for packet_sent
    cdc_acm_core.o(i.cdc_acm_data_handler) refers to main.o(.data) for pre_packet_send
    cdc_acm_core.o(i.cdc_acm_data_receive) refers to usbd_core.o(i.usbd_ep_rx) for usbd_ep_rx
    cdc_acm_core.o(i.cdc_acm_data_receive) refers to cdc_acm_core.o(.data) for packet_receive
    cdc_acm_core.o(i.cdc_acm_data_receive) refers to main.o(.data) for pre_packet_send
    cdc_acm_core.o(i.cdc_acm_data_receive) refers to cdc_acm_core.o(.bss) for usb_data_buffer
    cdc_acm_core.o(i.cdc_acm_data_send) refers to usbd_core.o(i.usbd_ep_tx) for usbd_ep_tx
    cdc_acm_core.o(i.cdc_acm_data_send) refers to cdc_acm_core.o(.data) for packet_sent
    cdc_acm_core.o(i.cdc_acm_data_send) refers to cdc_acm_core.o(.bss) for usb_data_buffer
    cdc_acm_core.o(i.cdc_acm_deinit) refers to usbd_core.o(i.usbd_ep_deinit) for usbd_ep_deinit
    cdc_acm_core.o(i.cdc_acm_init) refers to usbd_core.o(i.usbd_ep_init) for usbd_ep_init
    cdc_acm_core.o(i.cdc_acm_init) refers to cdc_acm_core.o(.constdata) for configuration_descriptor
    cdc_acm_core.o(i.cdc_acm_req_handler) refers to usbd_core.o(i.usbd_ep_rx) for usbd_ep_rx
    cdc_acm_core.o(i.cdc_acm_req_handler) refers to usbd_core.o(i.usbd_ep_tx) for usbd_ep_tx
    cdc_acm_core.o(i.cdc_acm_req_handler) refers to usbd_std.o(i.usbd_enum_error) for usbd_enum_error
    cdc_acm_core.o(i.cdc_acm_req_handler) refers to cdc_acm_core.o(.constdata) for configuration_descriptor
    cdc_acm_core.o(i.cdc_acm_req_handler) refers to cdc_acm_core.o(.data) for cdc_cmd
    system_gd32f1x0.o(i.SystemCoreClockUpdate) refers to system_gd32f1x0.o(.data) for SystemCoreClock
    system_gd32f1x0.o(i.SystemInit) refers to system_gd32f1x0.o(i.system_clock_config) for system_clock_config
    system_gd32f1x0.o(i.system_clock_config) refers to system_gd32f1x0.o(i.system_clock_8m_irc8m) for system_clock_8m_irc8m
    gd32f1x0_fmc.o(i.fmc_halfword_program) refers to gd32f1x0_fmc.o(i.fmc_ready_wait) for fmc_ready_wait
    gd32f1x0_fmc.o(i.fmc_mass_erase) refers to gd32f1x0_fmc.o(i.fmc_ready_wait) for fmc_ready_wait
    gd32f1x0_fmc.o(i.fmc_page_erase) refers to gd32f1x0_fmc.o(i.fmc_ready_wait) for fmc_ready_wait
    gd32f1x0_fmc.o(i.fmc_ready_wait) refers to gd32f1x0_fmc.o(i.fmc_state_get) for fmc_state_get
    gd32f1x0_fmc.o(i.fmc_wait_state_disable) refers to gd32f1x0_fmc.o(i.fmc_unlock) for fmc_unlock
    gd32f1x0_fmc.o(i.fmc_wait_state_disable) refers to gd32f1x0_fmc.o(i.fmc_lock) for fmc_lock
    gd32f1x0_fmc.o(i.fmc_wait_state_enable) refers to gd32f1x0_fmc.o(i.fmc_unlock) for fmc_unlock
    gd32f1x0_fmc.o(i.fmc_wait_state_enable) refers to gd32f1x0_fmc.o(i.fmc_lock) for fmc_lock
    gd32f1x0_fmc.o(i.fmc_word_program) refers to gd32f1x0_fmc.o(i.fmc_ready_wait) for fmc_ready_wait
    gd32f1x0_fmc.o(i.ob_data_program) refers to gd32f1x0_fmc.o(i.fmc_ready_wait) for fmc_ready_wait
    gd32f1x0_fmc.o(i.ob_erase) refers to gd32f1x0_fmc.o(i.ob_obstat_plevel_get) for ob_obstat_plevel_get
    gd32f1x0_fmc.o(i.ob_erase) refers to gd32f1x0_fmc.o(i.fmc_ready_wait) for fmc_ready_wait
    gd32f1x0_fmc.o(i.ob_security_protection_config) refers to gd32f1x0_fmc.o(i.fmc_ready_wait) for fmc_ready_wait
    gd32f1x0_fmc.o(i.ob_security_protection_config) refers to gd32f1x0_fmc.o(i.ob_obstat_plevel_get) for ob_obstat_plevel_get
    gd32f1x0_fmc.o(i.ob_user_write) refers to gd32f1x0_fmc.o(i.fmc_ready_wait) for fmc_ready_wait
    gd32f1x0_fmc.o(i.ob_write_protection_enable) refers to gd32f1x0_fmc.o(i.fmc_ready_wait) for fmc_ready_wait
    gd32f1x0_gpio.o(i.gpio_deinit) refers to gd32f1x0_rcu.o(i.rcu_periph_reset_enable) for rcu_periph_reset_enable
    gd32f1x0_gpio.o(i.gpio_deinit) refers to gd32f1x0_rcu.o(i.rcu_periph_reset_disable) for rcu_periph_reset_disable
    gd32f1x0_pmu.o(i.pmu_deinit) refers to gd32f1x0_rcu.o(i.rcu_periph_reset_enable) for rcu_periph_reset_enable
    gd32f1x0_pmu.o(i.pmu_deinit) refers to gd32f1x0_rcu.o(i.rcu_periph_reset_disable) for rcu_periph_reset_disable
    gd32f1x0_pmu.o(i.pmu_to_deepsleepmode) refers to gd32f1x0_pmu.o(.bss) for reg_snap
    gd32f1x0_rcu.o(i.rcu_osci_stab_wait) refers to gd32f1x0_rcu.o(i.rcu_flag_get) for rcu_flag_get
    gd32f1x0_syscfg.o(i.syscfg_deinit) refers to gd32f1x0_rcu.o(i.rcu_periph_reset_enable) for rcu_periph_reset_enable
    gd32f1x0_syscfg.o(i.syscfg_deinit) refers to gd32f1x0_rcu.o(i.rcu_periph_reset_disable) for rcu_periph_reset_disable
    gd32f1x0_usart.o(i.usart_baudrate_set) refers to gd32f1x0_rcu.o(i.rcu_clock_freq_get) for rcu_clock_freq_get
    gd32f1x0_usart.o(i.usart_deinit) refers to gd32f1x0_rcu.o(i.rcu_periph_reset_enable) for rcu_periph_reset_enable
    gd32f1x0_usart.o(i.usart_deinit) refers to gd32f1x0_rcu.o(i.rcu_periph_reset_disable) for rcu_periph_reset_disable
    gd32f1x0_spi.o(i.i2s_psc_config) refers to gd32f1x0_rcu.o(i.rcu_clock_freq_get) for rcu_clock_freq_get
    gd32f1x0_spi.o(i.spi_i2s_deinit) refers to gd32f1x0_rcu.o(i.rcu_periph_reset_enable) for rcu_periph_reset_enable
    gd32f1x0_spi.o(i.spi_i2s_deinit) refers to gd32f1x0_rcu.o(i.rcu_periph_reset_disable) for rcu_periph_reset_disable
    gd32f1x0_eval.o(i.gd_eval_com_init) refers to gd32f1x0_rcu.o(i.rcu_periph_clock_enable) for rcu_periph_clock_enable
    gd32f1x0_eval.o(i.gd_eval_com_init) refers to gd32f1x0_gpio.o(i.gpio_af_set) for gpio_af_set
    gd32f1x0_eval.o(i.gd_eval_com_init) refers to gd32f1x0_gpio.o(i.gpio_mode_set) for gpio_mode_set
    gd32f1x0_eval.o(i.gd_eval_com_init) refers to gd32f1x0_gpio.o(i.gpio_output_options_set) for gpio_output_options_set
    gd32f1x0_eval.o(i.gd_eval_com_init) refers to gd32f1x0_usart.o(i.usart_deinit) for usart_deinit
    gd32f1x0_eval.o(i.gd_eval_com_init) refers to gd32f1x0_usart.o(i.usart_baudrate_set) for usart_baudrate_set
    gd32f1x0_eval.o(i.gd_eval_com_init) refers to gd32f1x0_usart.o(i.usart_transmit_config) for usart_transmit_config
    gd32f1x0_eval.o(i.gd_eval_com_init) refers to gd32f1x0_usart.o(i.usart_receive_config) for usart_receive_config
    gd32f1x0_eval.o(i.gd_eval_com_init) refers to gd32f1x0_usart.o(i.usart_enable) for usart_enable
    gd32f1x0_eval.o(i.gd_eval_com_init) refers to gd32f1x0_eval.o(.data) for COM_CLK
    gd32f1x0_eval.o(i.gd_eval_key_init) refers to gd32f1x0_rcu.o(i.rcu_periph_clock_enable) for rcu_periph_clock_enable
    gd32f1x0_eval.o(i.gd_eval_key_init) refers to gd32f1x0_gpio.o(i.gpio_mode_set) for gpio_mode_set
    gd32f1x0_eval.o(i.gd_eval_key_init) refers to gd32f1x0_misc.o(i.nvic_irq_enable) for nvic_irq_enable
    gd32f1x0_eval.o(i.gd_eval_key_init) refers to gd32f1x0_syscfg.o(i.syscfg_exti_line_config) for syscfg_exti_line_config
    gd32f1x0_eval.o(i.gd_eval_key_init) refers to gd32f1x0_exti.o(i.exti_init) for exti_init
    gd32f1x0_eval.o(i.gd_eval_key_init) refers to gd32f1x0_exti.o(i.exti_interrupt_flag_clear) for exti_interrupt_flag_clear
    gd32f1x0_eval.o(i.gd_eval_key_init) refers to gd32f1x0_eval.o(.data) for KEY_CLK
    gd32f1x0_eval.o(i.gd_eval_key_state_get) refers to gd32f1x0_gpio.o(i.gpio_input_bit_get) for gpio_input_bit_get
    gd32f1x0_eval.o(i.gd_eval_key_state_get) refers to gd32f1x0_eval.o(.data) for KEY_PIN
    gd32f1x0_eval.o(i.gd_eval_led_init) refers to gd32f1x0_rcu.o(i.rcu_periph_clock_enable) for rcu_periph_clock_enable
    gd32f1x0_eval.o(i.gd_eval_led_init) refers to gd32f1x0_gpio.o(i.gpio_mode_set) for gpio_mode_set
    gd32f1x0_eval.o(i.gd_eval_led_init) refers to gd32f1x0_gpio.o(i.gpio_output_options_set) for gpio_output_options_set
    gd32f1x0_eval.o(i.gd_eval_led_init) refers to gd32f1x0_eval.o(.data) for GPIO_CLK
    gd32f1x0_eval.o(i.gd_eval_led_off) refers to gd32f1x0_eval.o(.data) for GPIO_PIN
    gd32f1x0_eval.o(i.gd_eval_led_on) refers to gd32f1x0_eval.o(.data) for GPIO_PIN
    gd32f1x0_eval.o(i.gd_eval_led_toggle) refers to gd32f1x0_eval.o(.data) for GPIO_PORT
    startup_gd32f1x0.o(RESET) refers to startup_gd32f1x0.o(STACK) for __initial_sp
    startup_gd32f1x0.o(RESET) refers to startup_gd32f1x0.o(.text) for Reset_Handler
    startup_gd32f1x0.o(RESET) refers to gd32f1x0_it.o(i.NMI_Handler) for NMI_Handler
    startup_gd32f1x0.o(RESET) refers to gd32f1x0_it.o(i.HardFault_Handler) for HardFault_Handler
    startup_gd32f1x0.o(RESET) refers to gd32f1x0_it.o(i.MemManage_Handler) for MemManage_Handler
    startup_gd32f1x0.o(RESET) refers to gd32f1x0_it.o(i.BusFault_Handler) for BusFault_Handler
    startup_gd32f1x0.o(RESET) refers to gd32f1x0_it.o(i.UsageFault_Handler) for UsageFault_Handler
    startup_gd32f1x0.o(RESET) refers to gd32f1x0_it.o(i.SVC_Handler) for SVC_Handler
    startup_gd32f1x0.o(RESET) refers to gd32f1x0_it.o(i.DebugMon_Handler) for DebugMon_Handler
    startup_gd32f1x0.o(RESET) refers to gd32f1x0_it.o(i.PendSV_Handler) for PendSV_Handler
    startup_gd32f1x0.o(RESET) refers to gd32f1x0_it.o(i.USBD_LP_IRQHandler) for USBD_LP_IRQHandler
    startup_gd32f1x0.o(.text) refers to system_gd32f1x0.o(i.SystemInit) for SystemInit
    startup_gd32f1x0.o(.text) refers to entry.o(.ARM.Collect$$$$00000000) for __main
    usbd_core.o(i.usbd_core_init) refers to usbd_core.o(.data) for g_interrupt_mask
    usbd_core.o(i.usbd_ep_init) refers to usbd_core.o(.data) for g_free_buf_addr
    usbd_core.o(i.usbd_ep_tx) refers to usbd_core.o(i.usbd_ep_data_write) for usbd_ep_data_write
    usbd_core.o(i.usbd_ep_tx) refers to usbd_core.o(.data) for pbuf_reg
    usbd_int.o(i.usbd_intf_esof) refers to usbd_pwr.o(.data) for g_ESOF_count
    usbd_int.o(i.usbd_intf_hpst) refers to usbd_std.o(i.usbd_in_transaction) for usbd_in_transaction
    usbd_int.o(i.usbd_intf_hpst) refers to usbd_core.o(i.usbd_ep_data_read) for usbd_ep_data_read
    usbd_int.o(i.usbd_intf_hpst) refers to usbd_core.o(i.user_buffer_free) for user_buffer_free
    usbd_int.o(i.usbd_intf_hpst) refers to usbd_std.o(i.usbd_out_transaction) for usbd_out_transaction
    usbd_int.o(i.usbd_intf_hpst) refers to usbd_core.o(.data) for pbuf_reg
    usbd_int.o(i.usbd_intf_lpst) refers to usbd_std.o(i.usbd_in_transaction) for usbd_in_transaction
    usbd_int.o(i.usbd_intf_lpst) refers to usbd_core.o(i.usbd_ep_data_read) for usbd_ep_data_read
    usbd_int.o(i.usbd_intf_lpst) refers to usbd_std.o(i.usbd_setup_transaction) for usbd_setup_transaction
    usbd_int.o(i.usbd_intf_lpst) refers to usbd_std.o(i.usbd_out_transaction) for usbd_out_transaction
    usbd_int.o(i.usbd_intf_lpst) refers to usbd_core.o(i.usbd_ep_rx) for usbd_ep_rx
    usbd_int.o(i.usbd_intf_lpst) refers to usbd_core.o(.data) for pbuf_reg
    usbd_int.o(i.usbd_intf_reset) refers to usbd_core.o(.data) for g_free_buf_addr
    usbd_int.o(i.usbd_intf_sof) refers to cdc_acm_core.o(.data) for usbd_int_fops
    usbd_int.o(i.usbd_intf_suspend) refers to usbd_pwr.o(i.usbd_suspend) for usbd_suspend
    usbd_int.o(i.usbd_intf_suspend) refers to usbd_pwr.o(.data) for g_suspend_enabled
    usbd_int.o(i.usbd_intf_wakeup) refers to usbd_pwr.o(i.resume_mcu) for resume_mcu
    usbd_int.o(i.usbd_intf_wakeup) refers to usbd_pwr.o(.data) for g_remote_wakeup_on
    usbd_int.o(i.usbd_isr) refers to usbd_int.o(i.usbd_intf_lpst) for usbd_intf_lpst
    usbd_int.o(i.usbd_isr) refers to usbd_int.o(i.usbd_intf_wakeup) for usbd_intf_wakeup
    usbd_int.o(i.usbd_isr) refers to usbd_int.o(i.usbd_intf_suspend) for usbd_intf_suspend
    usbd_int.o(i.usbd_isr) refers to usbd_int.o(i.usbd_intf_sof) for usbd_intf_sof
    usbd_int.o(i.usbd_isr) refers to usbd_int.o(i.usbd_intf_esof) for usbd_intf_esof
    usbd_int.o(i.usbd_isr) refers to usbd_int.o(i.usbd_intf_reset) for usbd_intf_reset
    usbd_int.o(i.usbd_isr) refers to usbd_core.o(.data) for g_interrupt_mask
    usbd_int.o(i.usbd_isr) refers to main.o(.data) for usb_device_dev
    usbd_pwr.o(i.usbd_remote_wakeup_active) refers to usbd_pwr.o(i.resume_mcu) for resume_mcu
    usbd_pwr.o(i.usbd_remote_wakeup_active) refers to usbd_pwr.o(.data) for g_remote_wakeup_on
    usbd_std.o(i.usbd_clearfeature) refers to usbd_std.o(i.usbd_enum_error) for usbd_enum_error
    usbd_std.o(i.usbd_clearfeature) refers to usbd_core.o(i.usbd_ep_clear_stall) for usbd_ep_clear_stall
    usbd_std.o(i.usbd_clearfeature) refers to usbd_core.o(.data) for pbuf_reg
    usbd_std.o(i.usbd_device_class_request) refers to usbd_std.o(i.usbd_enum_error) for usbd_enum_error
    usbd_std.o(i.usbd_device_class_request) refers to usbd_core.o(.data) for pbuf_reg
    usbd_std.o(i.usbd_enum_error) refers to usbd_core.o(i.usbd_ep_stall) for usbd_ep_stall
    usbd_std.o(i.usbd_getconfiguration) refers to usbd_std.o(i.usbd_enum_error) for usbd_enum_error
    usbd_std.o(i.usbd_getconfiguration) refers to usbd_core.o(i.usbd_ep_tx) for usbd_ep_tx
    usbd_std.o(i.usbd_getdescriptor) refers to usbd_core.o(i.usbd_ep_tx) for usbd_ep_tx
    usbd_std.o(i.usbd_getdescriptor) refers to usbd_std.o(i.usbd_enum_error) for usbd_enum_error
    usbd_std.o(i.usbd_getdescriptor) refers to usbd_std.o(.data) for standard_descriptor_get
    usbd_std.o(i.usbd_getinterface) refers to usbd_std.o(i.usbd_enum_error) for usbd_enum_error
    usbd_std.o(i.usbd_getstatus) refers to usbd_core.o(i.usbd_ep_tx) for usbd_ep_tx
    usbd_std.o(i.usbd_getstatus) refers to usbd_std.o(i.usbd_enum_error) for usbd_enum_error
    usbd_std.o(i.usbd_in_transaction) refers to usbd_core.o(i.usbd_ep_tx) for usbd_ep_tx
    usbd_std.o(i.usbd_in_transaction) refers to usbd_core.o(i.usbd_ep_rx) for usbd_ep_rx
    usbd_std.o(i.usbd_in_transaction) refers to usbd_std.o(.data) for g_device_address
    usbd_std.o(i.usbd_out_transaction) refers to usbd_core.o(i.usbd_ep_rx) for usbd_ep_rx
    usbd_std.o(i.usbd_out_transaction) refers to usbd_core.o(.data) for pbuf_reg
    usbd_std.o(i.usbd_setaddress) refers to usbd_std.o(i.usbd_enum_error) for usbd_enum_error
    usbd_std.o(i.usbd_setaddress) refers to usbd_std.o(.data) for g_device_address
    usbd_std.o(i.usbd_setaddress) refers to usbd_core.o(.data) for pbuf_reg
    usbd_std.o(i.usbd_setconfiguration) refers to usbd_std.o(i.usbd_enum_error) for usbd_enum_error
    usbd_std.o(i.usbd_setconfiguration) refers to usbd_std.o(.data) for cfgidx
    usbd_std.o(i.usbd_setconfiguration) refers to usbd_core.o(.data) for pbuf_reg
    usbd_std.o(i.usbd_setfeature) refers to usbd_std.o(i.usbd_enum_error) for usbd_enum_error
    usbd_std.o(i.usbd_setfeature) refers to usbd_core.o(i.usbd_ep_stall) for usbd_ep_stall
    usbd_std.o(i.usbd_setfeature) refers to usbd_core.o(.data) for pbuf_reg
    usbd_std.o(i.usbd_setinterface) refers to usbd_std.o(i.usbd_enum_error) for usbd_enum_error
    usbd_std.o(i.usbd_setinterface) refers to usbd_core.o(.data) for pbuf_reg
    usbd_std.o(i.usbd_setup_transaction) refers to usbd_std.o(i.usbd_setup_request_parse) for usbd_setup_request_parse
    usbd_std.o(i.usbd_setup_transaction) refers to usbd_std.o(i.usbd_standard_request) for usbd_standard_request
    usbd_std.o(i.usbd_setup_transaction) refers to usbd_std.o(i.usbd_device_class_request) for usbd_device_class_request
    usbd_std.o(i.usbd_setup_transaction) refers to usbd_std.o(i.usbd_vendor_request) for usbd_vendor_request
    usbd_std.o(i.usbd_setup_transaction) refers to usbd_core.o(i.usbd_ep_stall) for usbd_ep_stall
    usbd_std.o(i.usbd_standard_request) refers to usbd_std.o(.data) for standard_device_request
    usbd_std.o(.data) refers to usbd_std.o(i.usbd_getstatus) for usbd_getstatus
    usbd_std.o(.data) refers to usbd_std.o(i.usbd_clearfeature) for usbd_clearfeature
    usbd_std.o(.data) refers to usbd_std.o(i.usbd_reserved) for usbd_reserved
    usbd_std.o(.data) refers to usbd_std.o(i.usbd_setfeature) for usbd_setfeature
    usbd_std.o(.data) refers to usbd_std.o(i.usbd_setaddress) for usbd_setaddress
    usbd_std.o(.data) refers to usbd_std.o(i.usbd_getdescriptor) for usbd_getdescriptor
    usbd_std.o(.data) refers to usbd_std.o(i.usbd_setdescriptor) for usbd_setdescriptor
    usbd_std.o(.data) refers to usbd_std.o(i.usbd_getconfiguration) for usbd_getconfiguration
    usbd_std.o(.data) refers to usbd_std.o(i.usbd_setconfiguration) for usbd_setconfiguration
    usbd_std.o(.data) refers to usbd_std.o(i.usbd_getinterface) for usbd_getinterface
    usbd_std.o(.data) refers to usbd_std.o(i.usbd_setinterface) for usbd_setinterface
    usbd_std.o(.data) refers to usbd_std.o(i.usbd_synchframe) for usbd_synchframe
    usbd_std.o(.data) refers to usbd_std.o(i.usbd_device_descriptor_get) for usbd_device_descriptor_get
    usbd_std.o(.data) refers to usbd_std.o(i.usbd_configuration_descriptor_get) for usbd_configuration_descriptor_get
    usbd_std.o(.data) refers to usbd_std.o(i.usbd_string_descriptor_get) for usbd_string_descriptor_get
    entry.o(.ARM.Collect$$$$00000000) refers (Special) to entry10a.o(.ARM.Collect$$$$0000000D) for __rt_final_cpp
    entry.o(.ARM.Collect$$$$00000000) refers (Special) to entry11a.o(.ARM.Collect$$$$0000000F) for __rt_final_exit
    entry.o(.ARM.Collect$$$$00000000) refers (Special) to entry7b.o(.ARM.Collect$$$$00000008) for _main_clock
    entry.o(.ARM.Collect$$$$00000000) refers (Special) to entry8b.o(.ARM.Collect$$$$0000000A) for _main_cpp_init
    entry.o(.ARM.Collect$$$$00000000) refers (Special) to entry9a.o(.ARM.Collect$$$$0000000B) for _main_init
    entry.o(.ARM.Collect$$$$00000000) refers (Special) to entry5.o(.ARM.Collect$$$$00000004) for _main_scatterload
    entry.o(.ARM.Collect$$$$00000000) refers (Special) to entry2.o(.ARM.Collect$$$$00000001) for _main_stk
    entry2.o(.ARM.Collect$$$$00000001) refers to entry2.o(.ARM.Collect$$$$00002712) for __lit__00000000
    entry2.o(.ARM.Collect$$$$00002712) refers to startup_gd32f1x0.o(STACK) for __initial_sp
    entry2.o(__vectab_stack_and_reset_area) refers to startup_gd32f1x0.o(STACK) for __initial_sp
    entry2.o(__vectab_stack_and_reset_area) refers to entry.o(.ARM.Collect$$$$00000000) for __main
    entry5.o(.ARM.Collect$$$$00000004) refers to init.o(.text) for __scatterload
    entry9a.o(.ARM.Collect$$$$0000000B) refers to main.o(i.main) for main
    entry9b.o(.ARM.Collect$$$$0000000C) refers to main.o(i.main) for main
    init.o(.text) refers to entry5.o(.ARM.Collect$$$$00000004) for __main_after_scatterload


==============================================================================

Removing Unused input sections from the image.

    Removing main.o(.rev16_text), (4 bytes).
    Removing main.o(.revsh_text), (4 bytes).
    Removing gd32f1x0_it.o(.rev16_text), (4 bytes).
    Removing gd32f1x0_it.o(.revsh_text), (4 bytes).
    Removing cdc_acm_core.o(.rev16_text), (4 bytes).
    Removing cdc_acm_core.o(.revsh_text), (4 bytes).
    Removing system_gd32f1x0.o(.rev16_text), (4 bytes).
    Removing system_gd32f1x0.o(.revsh_text), (4 bytes).
    Removing system_gd32f1x0.o(i.SystemCoreClockUpdate), (240 bytes).
    Removing system_gd32f1x0.o(.data), (4 bytes).
    Removing gd32f1x0_exti.o(.rev16_text), (4 bytes).
    Removing gd32f1x0_exti.o(.revsh_text), (4 bytes).
    Removing gd32f1x0_exti.o(i.exti_deinit), (32 bytes).
    Removing gd32f1x0_exti.o(i.exti_event_disable), (16 bytes).
    Removing gd32f1x0_exti.o(i.exti_event_enable), (16 bytes).
    Removing gd32f1x0_exti.o(i.exti_flag_clear), (12 bytes).
    Removing gd32f1x0_exti.o(i.exti_flag_get), (24 bytes).
    Removing gd32f1x0_exti.o(i.exti_init), (184 bytes).
    Removing gd32f1x0_exti.o(i.exti_interrupt_disable), (16 bytes).
    Removing gd32f1x0_exti.o(i.exti_interrupt_enable), (16 bytes).
    Removing gd32f1x0_exti.o(i.exti_interrupt_flag_clear), (12 bytes).
    Removing gd32f1x0_exti.o(i.exti_interrupt_flag_get), (36 bytes).
    Removing gd32f1x0_exti.o(i.exti_software_interrupt_disable), (16 bytes).
    Removing gd32f1x0_exti.o(i.exti_software_interrupt_enable), (16 bytes).
    Removing gd32f1x0_fmc.o(.rev16_text), (4 bytes).
    Removing gd32f1x0_fmc.o(.revsh_text), (4 bytes).
    Removing gd32f1x0_fmc.o(i.fmc_flag_clear), (12 bytes).
    Removing gd32f1x0_fmc.o(i.fmc_flag_get), (20 bytes).
    Removing gd32f1x0_fmc.o(i.fmc_halfword_program), (64 bytes).
    Removing gd32f1x0_fmc.o(i.fmc_interrupt_disable), (16 bytes).
    Removing gd32f1x0_fmc.o(i.fmc_interrupt_enable), (16 bytes).
    Removing gd32f1x0_fmc.o(i.fmc_lock), (20 bytes).
    Removing gd32f1x0_fmc.o(i.fmc_mass_erase), (68 bytes).
    Removing gd32f1x0_fmc.o(i.fmc_page_erase), (72 bytes).
    Removing gd32f1x0_fmc.o(i.fmc_ready_wait), (34 bytes).
    Removing gd32f1x0_fmc.o(i.fmc_state_get), (48 bytes).
    Removing gd32f1x0_fmc.o(i.fmc_unlock), (36 bytes).
    Removing gd32f1x0_fmc.o(i.fmc_wait_state_disable), (32 bytes).
    Removing gd32f1x0_fmc.o(i.fmc_wait_state_enable), (32 bytes).
    Removing gd32f1x0_fmc.o(i.fmc_word_program), (64 bytes).
    Removing gd32f1x0_fmc.o(i.fmc_wscnt_set), (24 bytes).
    Removing gd32f1x0_fmc.o(i.ob_data_get), (12 bytes).
    Removing gd32f1x0_fmc.o(i.ob_data_program), (68 bytes).
    Removing gd32f1x0_fmc.o(i.ob_erase), (156 bytes).
    Removing gd32f1x0_fmc.o(i.ob_lock), (20 bytes).
    Removing gd32f1x0_fmc.o(i.ob_obstat_plevel_get), (16 bytes).
    Removing gd32f1x0_fmc.o(i.ob_reset), (20 bytes).
    Removing gd32f1x0_fmc.o(i.ob_security_protection_config), (144 bytes).
    Removing gd32f1x0_fmc.o(i.ob_unlock), (36 bytes).
    Removing gd32f1x0_fmc.o(i.ob_user_get), (16 bytes).
    Removing gd32f1x0_fmc.o(i.ob_user_write), (76 bytes).
    Removing gd32f1x0_fmc.o(i.ob_write_protection_enable), (104 bytes).
    Removing gd32f1x0_fmc.o(i.ob_write_protection_get), (12 bytes).
    Removing gd32f1x0_gpio.o(.rev16_text), (4 bytes).
    Removing gd32f1x0_gpio.o(.revsh_text), (4 bytes).
    Removing gd32f1x0_gpio.o(i.gpio_af_set), (94 bytes).
    Removing gd32f1x0_gpio.o(i.gpio_bit_reset), (4 bytes).
    Removing gd32f1x0_gpio.o(i.gpio_bit_write), (10 bytes).
    Removing gd32f1x0_gpio.o(i.gpio_deinit), (148 bytes).
    Removing gd32f1x0_gpio.o(i.gpio_input_bit_get), (16 bytes).
    Removing gd32f1x0_gpio.o(i.gpio_input_port_get), (8 bytes).
    Removing gd32f1x0_gpio.o(i.gpio_output_bit_get), (16 bytes).
    Removing gd32f1x0_gpio.o(i.gpio_output_port_get), (8 bytes).
    Removing gd32f1x0_gpio.o(i.gpio_pin_lock), (18 bytes).
    Removing gd32f1x0_gpio.o(i.gpio_port_write), (4 bytes).
    Removing gd32f1x0_misc.o(.rev16_text), (4 bytes).
    Removing gd32f1x0_misc.o(.revsh_text), (4 bytes).
    Removing gd32f1x0_misc.o(i.nvic_irq_disable), (24 bytes).
    Removing gd32f1x0_misc.o(i.nvic_vector_table_set), (20 bytes).
    Removing gd32f1x0_misc.o(i.system_lowpower_reset), (16 bytes).
    Removing gd32f1x0_misc.o(i.system_lowpower_set), (16 bytes).
    Removing gd32f1x0_misc.o(i.systick_clksource_set), (40 bytes).
    Removing gd32f1x0_pmu.o(.rev16_text), (4 bytes).
    Removing gd32f1x0_pmu.o(.revsh_text), (4 bytes).
    Removing gd32f1x0_pmu.o(i.pmu_backup_write_disable), (20 bytes).
    Removing gd32f1x0_pmu.o(i.pmu_backup_write_enable), (20 bytes).
    Removing gd32f1x0_pmu.o(i.pmu_deinit), (20 bytes).
    Removing gd32f1x0_pmu.o(i.pmu_flag_clear), (48 bytes).
    Removing gd32f1x0_pmu.o(i.pmu_flag_get), (24 bytes).
    Removing gd32f1x0_pmu.o(i.pmu_lvd_disable), (20 bytes).
    Removing gd32f1x0_pmu.o(i.pmu_lvd_select), (48 bytes).
    Removing gd32f1x0_pmu.o(i.pmu_to_deepsleepmode), (196 bytes).
    Removing gd32f1x0_pmu.o(i.pmu_to_sleepmode), (28 bytes).
    Removing gd32f1x0_pmu.o(i.pmu_to_standbymode), (52 bytes).
    Removing gd32f1x0_pmu.o(i.pmu_wakeup_pin_disable), (16 bytes).
    Removing gd32f1x0_pmu.o(i.pmu_wakeup_pin_enable), (16 bytes).
    Removing gd32f1x0_pmu.o(.bss), (16 bytes).
    Removing gd32f1x0_rcu.o(.rev16_text), (4 bytes).
    Removing gd32f1x0_rcu.o(.revsh_text), (4 bytes).
    Removing gd32f1x0_rcu.o(i.rcu_adc_clock_config), (152 bytes).
    Removing gd32f1x0_rcu.o(i.rcu_ahb_clock_config), (28 bytes).
    Removing gd32f1x0_rcu.o(i.rcu_all_reset_flag_clear), (20 bytes).
    Removing gd32f1x0_rcu.o(i.rcu_apb1_clock_config), (28 bytes).
    Removing gd32f1x0_rcu.o(i.rcu_apb2_clock_config), (28 bytes).
    Removing gd32f1x0_rcu.o(i.rcu_bkp_reset_disable), (20 bytes).
    Removing gd32f1x0_rcu.o(i.rcu_bkp_reset_enable), (20 bytes).
    Removing gd32f1x0_rcu.o(i.rcu_cec_clock_config), (28 bytes).
    Removing gd32f1x0_rcu.o(i.rcu_ckout_config), (28 bytes).
    Removing gd32f1x0_rcu.o(i.rcu_clock_freq_get), (680 bytes).
    Removing gd32f1x0_rcu.o(i.rcu_deepsleep_voltage_set), (36 bytes).
    Removing gd32f1x0_rcu.o(i.rcu_deinit), (128 bytes).
    Removing gd32f1x0_rcu.o(i.rcu_flag_get), (36 bytes).
    Removing gd32f1x0_rcu.o(i.rcu_hxtal_clock_monitor_disable), (20 bytes).
    Removing gd32f1x0_rcu.o(i.rcu_hxtal_clock_monitor_enable), (20 bytes).
    Removing gd32f1x0_rcu.o(i.rcu_hxtal_prediv_config), (24 bytes).
    Removing gd32f1x0_rcu.o(i.rcu_interrupt_disable), (16 bytes).
    Removing gd32f1x0_rcu.o(i.rcu_interrupt_enable), (16 bytes).
    Removing gd32f1x0_rcu.o(i.rcu_interrupt_flag_clear), (16 bytes).
    Removing gd32f1x0_rcu.o(i.rcu_interrupt_flag_get), (24 bytes).
    Removing gd32f1x0_rcu.o(i.rcu_irc14m_adjust_value_set), (24 bytes).
    Removing gd32f1x0_rcu.o(i.rcu_irc8m_adjust_value_set), (24 bytes).
    Removing gd32f1x0_rcu.o(i.rcu_lxtal_drive_capability_config), (28 bytes).
    Removing gd32f1x0_rcu.o(i.rcu_osci_bypass_mode_disable), (100 bytes).
    Removing gd32f1x0_rcu.o(i.rcu_osci_bypass_mode_enable), (100 bytes).
    Removing gd32f1x0_rcu.o(i.rcu_osci_off), (32 bytes).
    Removing gd32f1x0_rcu.o(i.rcu_osci_on), (32 bytes).
    Removing gd32f1x0_rcu.o(i.rcu_osci_stab_wait), (268 bytes).
    Removing gd32f1x0_rcu.o(i.rcu_periph_clock_disable), (32 bytes).
    Removing gd32f1x0_rcu.o(i.rcu_periph_clock_sleep_disable), (32 bytes).
    Removing gd32f1x0_rcu.o(i.rcu_periph_clock_sleep_enable), (32 bytes).
    Removing gd32f1x0_rcu.o(i.rcu_periph_reset_disable), (32 bytes).
    Removing gd32f1x0_rcu.o(i.rcu_periph_reset_enable), (32 bytes).
    Removing gd32f1x0_rcu.o(i.rcu_pll_config), (36 bytes).
    Removing gd32f1x0_rcu.o(i.rcu_power_down_voltage_set), (36 bytes).
    Removing gd32f1x0_rcu.o(i.rcu_rtc_clock_config), (28 bytes).
    Removing gd32f1x0_rcu.o(i.rcu_system_clock_source_config), (28 bytes).
    Removing gd32f1x0_rcu.o(i.rcu_system_clock_source_get), (16 bytes).
    Removing gd32f1x0_rcu.o(i.rcu_usart_clock_config), (28 bytes).
    Removing gd32f1x0_rcu.o(i.rcu_voltage_key_unlock), (40 bytes).
    Removing gd32f1x0_syscfg.o(.rev16_text), (4 bytes).
    Removing gd32f1x0_syscfg.o(.revsh_text), (4 bytes).
    Removing gd32f1x0_syscfg.o(i.syscfg_deinit), (20 bytes).
    Removing gd32f1x0_syscfg.o(i.syscfg_dma_remap_disable), (16 bytes).
    Removing gd32f1x0_syscfg.o(i.syscfg_dma_remap_enable), (16 bytes).
    Removing gd32f1x0_syscfg.o(i.syscfg_exti_line_config), (160 bytes).
    Removing gd32f1x0_syscfg.o(i.syscfg_flag_clear), (16 bytes).
    Removing gd32f1x0_syscfg.o(i.syscfg_flag_get), (24 bytes).
    Removing gd32f1x0_syscfg.o(i.syscfg_high_current_disable), (20 bytes).
    Removing gd32f1x0_syscfg.o(i.syscfg_high_current_enable), (20 bytes).
    Removing gd32f1x0_syscfg.o(i.syscfg_lock_config), (16 bytes).
    Removing gd32f1x0_usart.o(.rev16_text), (4 bytes).
    Removing gd32f1x0_usart.o(.revsh_text), (4 bytes).
    Removing gd32f1x0_usart.o(i.usart_address_config), (32 bytes).
    Removing gd32f1x0_usart.o(i.usart_address_detection_mode_config), (28 bytes).
    Removing gd32f1x0_usart.o(i.usart_autobaud_detection_disable), (10 bytes).
    Removing gd32f1x0_usart.o(i.usart_autobaud_detection_enable), (10 bytes).
    Removing gd32f1x0_usart.o(i.usart_autobaud_detection_mode_config), (16 bytes).
    Removing gd32f1x0_usart.o(i.usart_baudrate_set), (124 bytes).
    Removing gd32f1x0_usart.o(i.usart_block_length_config), (24 bytes).
    Removing gd32f1x0_usart.o(i.usart_clock_disable), (18 bytes).
    Removing gd32f1x0_usart.o(i.usart_clock_enable), (18 bytes).
    Removing gd32f1x0_usart.o(i.usart_command_enable), (8 bytes).
    Removing gd32f1x0_usart.o(i.usart_data_first_config), (28 bytes).
    Removing gd32f1x0_usart.o(i.usart_data_receive), (10 bytes).
    Removing gd32f1x0_usart.o(i.usart_data_transmit), (8 bytes).
    Removing gd32f1x0_usart.o(i.usart_deinit), (64 bytes).
    Removing gd32f1x0_usart.o(i.usart_depolarity_config), (28 bytes).
    Removing gd32f1x0_usart.o(i.usart_disable), (10 bytes).
    Removing gd32f1x0_usart.o(i.usart_dma_receive_config), (16 bytes).
    Removing gd32f1x0_usart.o(i.usart_dma_transmit_config), (16 bytes).
    Removing gd32f1x0_usart.o(i.usart_driver_assertime_config), (32 bytes).
    Removing gd32f1x0_usart.o(i.usart_driver_deassertime_config), (32 bytes).
    Removing gd32f1x0_usart.o(i.usart_enable), (10 bytes).
    Removing gd32f1x0_usart.o(i.usart_flag_clear), (18 bytes).
    Removing gd32f1x0_usart.o(i.usart_flag_get), (30 bytes).
    Removing gd32f1x0_usart.o(i.usart_guard_time_config), (32 bytes).
    Removing gd32f1x0_usart.o(i.usart_halfduplex_disable), (18 bytes).
    Removing gd32f1x0_usart.o(i.usart_halfduplex_enable), (18 bytes).
    Removing gd32f1x0_usart.o(i.usart_hardware_flow_cts_config), (24 bytes).
    Removing gd32f1x0_usart.o(i.usart_hardware_flow_rts_config), (24 bytes).
    Removing gd32f1x0_usart.o(i.usart_interrupt_disable), (26 bytes).
    Removing gd32f1x0_usart.o(i.usart_interrupt_enable), (26 bytes).
    Removing gd32f1x0_usart.o(i.usart_interrupt_flag_clear), (18 bytes).
    Removing gd32f1x0_usart.o(i.usart_interrupt_flag_get), (56 bytes).
    Removing gd32f1x0_usart.o(i.usart_invert_config), (110 bytes).
    Removing gd32f1x0_usart.o(i.usart_irda_lowpower_config), (20 bytes).
    Removing gd32f1x0_usart.o(i.usart_irda_mode_disable), (18 bytes).
    Removing gd32f1x0_usart.o(i.usart_irda_mode_enable), (18 bytes).
    Removing gd32f1x0_usart.o(i.usart_lin_break_dection_length_config), (20 bytes).
    Removing gd32f1x0_usart.o(i.usart_lin_mode_disable), (18 bytes).
    Removing gd32f1x0_usart.o(i.usart_lin_mode_enable), (18 bytes).
    Removing gd32f1x0_usart.o(i.usart_mute_mode_disable), (10 bytes).
    Removing gd32f1x0_usart.o(i.usart_mute_mode_enable), (10 bytes).
    Removing gd32f1x0_usart.o(i.usart_mute_mode_wakeup_config), (24 bytes).
    Removing gd32f1x0_usart.o(i.usart_overrun_disable), (18 bytes).
    Removing gd32f1x0_usart.o(i.usart_overrun_enable), (18 bytes).
    Removing gd32f1x0_usart.o(i.usart_oversample_config), (24 bytes).
    Removing gd32f1x0_usart.o(i.usart_parity_config), (24 bytes).
    Removing gd32f1x0_usart.o(i.usart_prescaler_config), (24 bytes).
    Removing gd32f1x0_usart.o(i.usart_receive_config), (16 bytes).
    Removing gd32f1x0_usart.o(i.usart_receiver_timeout_config), (16 bytes).
    Removing gd32f1x0_usart.o(i.usart_receiver_timeout_disable), (10 bytes).
    Removing gd32f1x0_usart.o(i.usart_receiver_timeout_enable), (10 bytes).
    Removing gd32f1x0_usart.o(i.usart_reception_error_dma_disable), (18 bytes).
    Removing gd32f1x0_usart.o(i.usart_reception_error_dma_enable), (18 bytes).
    Removing gd32f1x0_usart.o(i.usart_rs485_driver_disable), (18 bytes).
    Removing gd32f1x0_usart.o(i.usart_rs485_driver_enable), (18 bytes).
    Removing gd32f1x0_usart.o(i.usart_sample_bit_config), (24 bytes).
    Removing gd32f1x0_usart.o(i.usart_smartcard_autoretry_config), (32 bytes).
    Removing gd32f1x0_usart.o(i.usart_smartcard_mode_disable), (18 bytes).
    Removing gd32f1x0_usart.o(i.usart_smartcard_mode_enable), (18 bytes).
    Removing gd32f1x0_usart.o(i.usart_smartcard_mode_nack_disable), (18 bytes).
    Removing gd32f1x0_usart.o(i.usart_smartcard_mode_nack_enable), (18 bytes).
    Removing gd32f1x0_usart.o(i.usart_stop_bit_set), (24 bytes).
    Removing gd32f1x0_usart.o(i.usart_synchronous_clock_config), (50 bytes).
    Removing gd32f1x0_usart.o(i.usart_transmit_config), (16 bytes).
    Removing gd32f1x0_usart.o(i.usart_wakeup_disable), (10 bytes).
    Removing gd32f1x0_usart.o(i.usart_wakeup_enable), (10 bytes).
    Removing gd32f1x0_usart.o(i.usart_wakeup_mode_config), (28 bytes).
    Removing gd32f1x0_usart.o(i.usart_word_length_set), (24 bytes).
    Removing gd32f1x0_spi.o(.rev16_text), (4 bytes).
    Removing gd32f1x0_spi.o(.revsh_text), (4 bytes).
    Removing gd32f1x0_spi.o(i.i2s_disable), (10 bytes).
    Removing gd32f1x0_spi.o(i.i2s_enable), (10 bytes).
    Removing gd32f1x0_spi.o(i.i2s_init), (28 bytes).
    Removing gd32f1x0_spi.o(i.i2s_psc_config), (164 bytes).
    Removing gd32f1x0_spi.o(i.spi_bidirectional_transfer_config), (26 bytes).
    Removing gd32f1x0_spi.o(i.spi_crc_error_clear), (10 bytes).
    Removing gd32f1x0_spi.o(i.spi_crc_get), (16 bytes).
    Removing gd32f1x0_spi.o(i.spi_crc_next), (10 bytes).
    Removing gd32f1x0_spi.o(i.spi_crc_off), (10 bytes).
    Removing gd32f1x0_spi.o(i.spi_crc_on), (10 bytes).
    Removing gd32f1x0_spi.o(i.spi_crc_polynomial_get), (8 bytes).
    Removing gd32f1x0_spi.o(i.spi_crc_polynomial_set), (4 bytes).
    Removing gd32f1x0_spi.o(i.spi_disable), (10 bytes).
    Removing gd32f1x0_spi.o(i.spi_dma_disable), (22 bytes).
    Removing gd32f1x0_spi.o(i.spi_dma_enable), (22 bytes).
    Removing gd32f1x0_spi.o(i.spi_enable), (10 bytes).
    Removing gd32f1x0_spi.o(i.spi_i2s_data_frame_format_config), (16 bytes).
    Removing gd32f1x0_spi.o(i.spi_i2s_data_receive), (8 bytes).
    Removing gd32f1x0_spi.o(i.spi_i2s_data_transmit), (4 bytes).
    Removing gd32f1x0_spi.o(i.spi_i2s_deinit), (88 bytes).
    Removing gd32f1x0_spi.o(i.spi_i2s_flag_get), (16 bytes).
    Removing gd32f1x0_spi.o(i.spi_i2s_interrupt_disable), (48 bytes).
    Removing gd32f1x0_spi.o(i.spi_i2s_interrupt_enable), (48 bytes).
    Removing gd32f1x0_spi.o(i.spi_i2s_interrupt_flag_get), (100 bytes).
    Removing gd32f1x0_spi.o(i.spi_init), (50 bytes).
    Removing gd32f1x0_spi.o(i.spi_nss_internal_high), (10 bytes).
    Removing gd32f1x0_spi.o(i.spi_nss_internal_low), (10 bytes).
    Removing gd32f1x0_spi.o(i.spi_nss_output_disable), (10 bytes).
    Removing gd32f1x0_spi.o(i.spi_nss_output_enable), (10 bytes).
    Removing gd32f1x0_eval.o(.rev16_text), (4 bytes).
    Removing gd32f1x0_eval.o(.revsh_text), (4 bytes).
    Removing gd32f1x0_eval.o(i.gd_eval_com_init), (184 bytes).
    Removing gd32f1x0_eval.o(i.gd_eval_key_init), (128 bytes).
    Removing gd32f1x0_eval.o(i.gd_eval_key_state_get), (32 bytes).
    Removing gd32f1x0_eval.o(i.gd_eval_led_init), (84 bytes).
    Removing gd32f1x0_eval.o(i.gd_eval_led_off), (24 bytes).
    Removing gd32f1x0_eval.o(i.gd_eval_led_on), (24 bytes).
    Removing gd32f1x0_eval.o(i.gd_eval_led_toggle), (36 bytes).
    Removing gd32f1x0_eval.o(.data), (105 bytes).
    Removing startup_gd32f1x0.o(HEAP), (1024 bytes).
    Removing usbd_core.o(.rev16_text), (4 bytes).
    Removing usbd_core.o(.revsh_text), (4 bytes).
    Removing usbd_core.o(i.usbd_core_deinit), (24 bytes).
    Removing usbd_core.o(i.usbd_ep_status_get), (44 bytes).
    Removing usbd_core.o(i.user_buffer_free), (76 bytes).
    Removing usbd_int.o(.rev16_text), (4 bytes).
    Removing usbd_int.o(.revsh_text), (4 bytes).
    Removing usbd_int.o(i.usbd_intf_hpst), (400 bytes).
    Removing usbd_pwr.o(.rev16_text), (4 bytes).
    Removing usbd_pwr.o(.revsh_text), (4 bytes).
    Removing usbd_pwr.o(i.usbd_remote_wakeup_active), (48 bytes).
    Removing usbd_std.o(.rev16_text), (4 bytes).
    Removing usbd_std.o(.revsh_text), (4 bytes).

265 unused section(s) (total 10285 bytes) removed from the image.

==============================================================================

Image Symbol Table

    Local Symbols

    Symbol Name                              Value     Ov Type        Size  Object(Section)

    ../clib/../cmprslib/zerorunl2.c          0x00000000   Number         0  __dczerorl2.o ABSOLUTE
    ../clib/microlib/init/entry.s            0x00000000   Number         0  entry.o ABSOLUTE
    ../clib/microlib/init/entry.s            0x00000000   Number         0  entry7b.o ABSOLUTE
    ../clib/microlib/init/entry.s            0x00000000   Number         0  entry8b.o ABSOLUTE
    ../clib/microlib/init/entry.s            0x00000000   Number         0  entry10a.o ABSOLUTE
    ../clib/microlib/init/entry.s            0x00000000   Number         0  entry8a.o ABSOLUTE
    ../clib/microlib/init/entry.s            0x00000000   Number         0  entry9a.o ABSOLUTE
    ../clib/microlib/init/entry.s            0x00000000   Number         0  entry5.o ABSOLUTE
    ../clib/microlib/init/entry.s            0x00000000   Number         0  entry9b.o ABSOLUTE
    ../clib/microlib/init/entry.s            0x00000000   Number         0  entry10b.o ABSOLUTE
    ../clib/microlib/init/entry.s            0x00000000   Number         0  entry11a.o ABSOLUTE
    ../clib/microlib/init/entry.s            0x00000000   Number         0  entry2.o ABSOLUTE
    ../clib/microlib/init/entry.s            0x00000000   Number         0  entry7a.o ABSOLUTE
    ../clib/microlib/init/entry.s            0x00000000   Number         0  entry11b.o ABSOLUTE
    ..\..\..\..\Firmware\CMSIS\GD\GD32F1x0\Source\ARM\startup_gd32f1x0.s 0x00000000   Number         0  startup_gd32f1x0.o ABSOLUTE
    ..\..\..\..\Firmware\CMSIS\GD\GD32F1x0\Source\system_gd32f1x0.c 0x00000000   Number         0  system_gd32f1x0.o ABSOLUTE
    ..\..\..\..\Firmware\GD32F1x0_standard_peripheral\Source\gd32f1x0_exti.c 0x00000000   Number         0  gd32f1x0_exti.o ABSOLUTE
    ..\..\..\..\Firmware\GD32F1x0_standard_peripheral\Source\gd32f1x0_fmc.c 0x00000000   Number         0  gd32f1x0_fmc.o ABSOLUTE
    ..\..\..\..\Firmware\GD32F1x0_standard_peripheral\Source\gd32f1x0_gpio.c 0x00000000   Number         0  gd32f1x0_gpio.o ABSOLUTE
    ..\..\..\..\Firmware\GD32F1x0_standard_peripheral\Source\gd32f1x0_misc.c 0x00000000   Number         0  gd32f1x0_misc.o ABSOLUTE
    ..\..\..\..\Firmware\GD32F1x0_standard_peripheral\Source\gd32f1x0_pmu.c 0x00000000   Number         0  gd32f1x0_pmu.o ABSOLUTE
    ..\..\..\..\Firmware\GD32F1x0_standard_peripheral\Source\gd32f1x0_rcu.c 0x00000000   Number         0  gd32f1x0_rcu.o ABSOLUTE
    ..\..\..\..\Firmware\GD32F1x0_standard_peripheral\Source\gd32f1x0_spi.c 0x00000000   Number         0  gd32f1x0_spi.o ABSOLUTE
    ..\..\..\..\Firmware\GD32F1x0_standard_peripheral\Source\gd32f1x0_syscfg.c 0x00000000   Number         0  gd32f1x0_syscfg.o ABSOLUTE
    ..\..\..\..\Firmware\GD32F1x0_standard_peripheral\Source\gd32f1x0_usart.c 0x00000000   Number         0  gd32f1x0_usart.o ABSOLUTE
    ..\..\..\..\Firmware\GD32F1x0_usbd_driver\Source\usbd_core.c 0x00000000   Number         0  usbd_core.o ABSOLUTE
    ..\..\..\..\Firmware\GD32F1x0_usbd_driver\Source\usbd_int.c 0x00000000   Number         0  usbd_int.o ABSOLUTE
    ..\..\..\..\Firmware\GD32F1x0_usbd_driver\Source\usbd_pwr.c 0x00000000   Number         0  usbd_pwr.o ABSOLUTE
    ..\..\..\..\Firmware\GD32F1x0_usbd_driver\Source\usbd_std.c 0x00000000   Number         0  usbd_std.o ABSOLUTE
    ..\..\..\..\Utilities\gd32f1x0_eval.c    0x00000000   Number         0  gd32f1x0_eval.o ABSOLUTE
    ..\\..\\..\\..\\Firmware\\CMSIS\\GD\\GD32F1x0\\Source\\system_gd32f1x0.c 0x00000000   Number         0  system_gd32f1x0.o ABSOLUTE
    ..\\..\\..\\..\\Firmware\\GD32F1x0_standard_peripheral\\Source\\gd32f1x0_exti.c 0x00000000   Number         0  gd32f1x0_exti.o ABSOLUTE
    ..\\..\\..\\..\\Firmware\\GD32F1x0_standard_peripheral\\Source\\gd32f1x0_fmc.c 0x00000000   Number         0  gd32f1x0_fmc.o ABSOLUTE
    ..\\..\\..\\..\\Firmware\\GD32F1x0_standard_peripheral\\Source\\gd32f1x0_gpio.c 0x00000000   Number         0  gd32f1x0_gpio.o ABSOLUTE
    ..\\..\\..\\..\\Firmware\\GD32F1x0_standard_peripheral\\Source\\gd32f1x0_misc.c 0x00000000   Number         0  gd32f1x0_misc.o ABSOLUTE
    ..\\..\\..\\..\\Firmware\\GD32F1x0_standard_peripheral\\Source\\gd32f1x0_pmu.c 0x00000000   Number         0  gd32f1x0_pmu.o ABSOLUTE
    ..\\..\\..\\..\\Firmware\\GD32F1x0_standard_peripheral\\Source\\gd32f1x0_rcu.c 0x00000000   Number         0  gd32f1x0_rcu.o ABSOLUTE
    ..\\..\\..\\..\\Firmware\\GD32F1x0_standard_peripheral\\Source\\gd32f1x0_spi.c 0x00000000   Number         0  gd32f1x0_spi.o ABSOLUTE
    ..\\..\\..\\..\\Firmware\\GD32F1x0_standard_peripheral\\Source\\gd32f1x0_syscfg.c 0x00000000   Number         0  gd32f1x0_syscfg.o ABSOLUTE
    ..\\..\\..\\..\\Firmware\\GD32F1x0_standard_peripheral\\Source\\gd32f1x0_usart.c 0x00000000   Number         0  gd32f1x0_usart.o ABSOLUTE
    ..\\..\\..\\..\\Firmware\\GD32F1x0_usbd_driver\\Source\\usbd_core.c 0x00000000   Number         0  usbd_core.o ABSOLUTE
    ..\\..\\..\\..\\Firmware\\GD32F1x0_usbd_driver\\Source\\usbd_int.c 0x00000000   Number         0  usbd_int.o ABSOLUTE
    ..\\..\\..\\..\\Firmware\\GD32F1x0_usbd_driver\\Source\\usbd_pwr.c 0x00000000   Number         0  usbd_pwr.o ABSOLUTE
    ..\\..\\..\\..\\Firmware\\GD32F1x0_usbd_driver\\Source\\usbd_std.c 0x00000000   Number         0  usbd_std.o ABSOLUTE
    ..\\..\\..\\..\\Utilities\\gd32f1x0_eval.c 0x00000000   Number         0  gd32f1x0_eval.o ABSOLUTE
    ..\\src\\cdc_acm_core.c                  0x00000000   Number         0  cdc_acm_core.o ABSOLUTE
    ..\\src\\gd32f1x0_it.c                   0x00000000   Number         0  gd32f1x0_it.o ABSOLUTE
    ..\\src\\main.c                          0x00000000   Number         0  main.o ABSOLUTE
    ..\src\cdc_acm_core.c                    0x00000000   Number         0  cdc_acm_core.o ABSOLUTE
    ..\src\gd32f1x0_it.c                     0x00000000   Number         0  gd32f1x0_it.o ABSOLUTE
    ..\src\main.c                            0x00000000   Number         0  main.o ABSOLUTE
    dc.s                                     0x00000000   Number         0  dc.o ABSOLUTE
    handlers.s                               0x00000000   Number         0  handlers.o ABSOLUTE
    init.s                                   0x00000000   Number         0  init.o ABSOLUTE
    RESET                                    0x08000000   Section      360  startup_gd32f1x0.o(RESET)
    .ARM.Collect$$$$00000000                 0x08000168   Section        0  entry.o(.ARM.Collect$$$$00000000)
    .ARM.Collect$$$$00000001                 0x08000168   Section        4  entry2.o(.ARM.Collect$$$$00000001)
    .ARM.Collect$$$$00000004                 0x0800016c   Section        4  entry5.o(.ARM.Collect$$$$00000004)
    .ARM.Collect$$$$00000008                 0x08000170   Section        0  entry7b.o(.ARM.Collect$$$$00000008)
    .ARM.Collect$$$$0000000A                 0x08000170   Section        0  entry8b.o(.ARM.Collect$$$$0000000A)
    .ARM.Collect$$$$0000000B                 0x08000170   Section        8  entry9a.o(.ARM.Collect$$$$0000000B)
    .ARM.Collect$$$$0000000D                 0x08000178   Section        0  entry10a.o(.ARM.Collect$$$$0000000D)
    .ARM.Collect$$$$0000000F                 0x08000178   Section        0  entry11a.o(.ARM.Collect$$$$0000000F)
    .ARM.Collect$$$$00002712                 0x08000178   Section        4  entry2.o(.ARM.Collect$$$$00002712)
    __lit__00000000                          0x08000178   Data           4  entry2.o(.ARM.Collect$$$$00002712)
    .text                                    0x0800017c   Section       36  startup_gd32f1x0.o(.text)
    .text                                    0x080001a0   Section       36  init.o(.text)
    .text                                    0x080001c4   Section        0  __dczerorl2.o(.text)
    i.BusFault_Handler                       0x0800021a   Section        0  gd32f1x0_it.o(i.BusFault_Handler)
    i.DebugMon_Handler                       0x0800021e   Section        0  gd32f1x0_it.o(i.DebugMon_Handler)
    i.HardFault_Handler                      0x08000220   Section        0  gd32f1x0_it.o(i.HardFault_Handler)
    i.MemManage_Handler                      0x08000224   Section        0  gd32f1x0_it.o(i.MemManage_Handler)
    i.NMI_Handler                            0x08000228   Section        0  gd32f1x0_it.o(i.NMI_Handler)
    i.PendSV_Handler                         0x0800022a   Section        0  gd32f1x0_it.o(i.PendSV_Handler)
    i.SVC_Handler                            0x0800022c   Section        0  gd32f1x0_it.o(i.SVC_Handler)
    i.SystemInit                             0x08000230   Section        0  system_gd32f1x0.o(i.SystemInit)
    i.USBD_LP_IRQHandler                     0x080002b8   Section        0  gd32f1x0_it.o(i.USBD_LP_IRQHandler)
    i.UsageFault_Handler                     0x080002c0   Section        0  gd32f1x0_it.o(i.UsageFault_Handler)
    i.__scatterload_copy                     0x080002c4   Section       14  handlers.o(i.__scatterload_copy)
    i.__scatterload_null                     0x080002d2   Section        2  handlers.o(i.__scatterload_null)
    i.__scatterload_zeroinit                 0x080002d4   Section       14  handlers.o(i.__scatterload_zeroinit)
    i.cdc_acm_EP0_RxReady                    0x080002e4   Section        0  cdc_acm_core.o(i.cdc_acm_EP0_RxReady)
    i.cdc_acm_data_handler                   0x08000340   Section        0  cdc_acm_core.o(i.cdc_acm_data_handler)
    i.cdc_acm_data_receive                   0x080003c0   Section        0  cdc_acm_core.o(i.cdc_acm_data_receive)
    i.cdc_acm_data_send                      0x080003e8   Section        0  cdc_acm_core.o(i.cdc_acm_data_send)
    i.cdc_acm_deinit                         0x08000410   Section        0  cdc_acm_core.o(i.cdc_acm_deinit)
    i.cdc_acm_init                           0x08000434   Section        0  cdc_acm_core.o(i.cdc_acm_init)
    i.cdc_acm_req_handler                    0x08000464   Section        0  cdc_acm_core.o(i.cdc_acm_req_handler)
    i.gpio_bit_set                           0x08000594   Section        0  gd32f1x0_gpio.o(i.gpio_bit_set)
    i.gpio_config                            0x08000598   Section        0  main.o(i.gpio_config)
    i.gpio_mode_set                          0x080005b8   Section        0  gd32f1x0_gpio.o(i.gpio_mode_set)
    i.gpio_output_options_set                0x08000606   Section        0  gd32f1x0_gpio.o(i.gpio_output_options_set)
    i.main                                   0x08000648   Section        0  main.o(i.main)
    i.nvic_config                            0x080006c0   Section        0  main.o(i.nvic_config)
    i.nvic_irq_enable                        0x080006d8   Section        0  gd32f1x0_misc.o(i.nvic_irq_enable)
    i.nvic_priority_group_set                0x0800077c   Section        0  gd32f1x0_misc.o(i.nvic_priority_group_set)
    i.rcu_config                             0x08000790   Section        0  main.o(i.rcu_config)
    i.rcu_periph_clock_enable                0x080007ac   Section        0  gd32f1x0_rcu.o(i.rcu_periph_clock_enable)
    i.rcu_usbd_clock_config                  0x080007cc   Section        0  gd32f1x0_rcu.o(i.rcu_usbd_clock_config)
    i.resume_mcu                             0x080007e8   Section        0  usbd_pwr.o(i.resume_mcu)
    i.system_clock_8m_irc8m                  0x08000808   Section        0  system_gd32f1x0.o(i.system_clock_8m_irc8m)
    system_clock_8m_irc8m                    0x08000809   Thumb Code    50  system_gd32f1x0.o(i.system_clock_8m_irc8m)
    i.system_clock_config                    0x08000840   Section        0  system_gd32f1x0.o(i.system_clock_config)
    system_clock_config                      0x08000841   Thumb Code     8  system_gd32f1x0.o(i.system_clock_config)
    i.usbd_clearfeature                      0x08000848   Section        0  usbd_std.o(i.usbd_clearfeature)
    usbd_clearfeature                        0x08000849   Thumb Code   280  usbd_std.o(i.usbd_clearfeature)
    i.usbd_configuration_descriptor_get      0x08000968   Section        0  usbd_std.o(i.usbd_configuration_descriptor_get)
    usbd_configuration_descriptor_get        0x08000969   Thumb Code    16  usbd_std.o(i.usbd_configuration_descriptor_get)
    i.usbd_core_init                         0x08000978   Section        0  usbd_core.o(i.usbd_core_init)
    i.usbd_device_class_request              0x080009ac   Section        0  usbd_std.o(i.usbd_device_class_request)
    i.usbd_device_descriptor_get             0x08000a18   Section        0  usbd_std.o(i.usbd_device_descriptor_get)
    usbd_device_descriptor_get               0x08000a19   Thumb Code    16  usbd_std.o(i.usbd_device_descriptor_get)
    i.usbd_enum_error                        0x08000a28   Section        0  usbd_std.o(i.usbd_enum_error)
    i.usbd_ep_clear_stall                    0x08000a38   Section        0  usbd_core.o(i.usbd_ep_clear_stall)
    i.usbd_ep_data_read                      0x08000b10   Section        0  usbd_core.o(i.usbd_ep_data_read)
    i.usbd_ep_data_write                     0x08000b34   Section        0  usbd_core.o(i.usbd_ep_data_write)
    i.usbd_ep_deinit                         0x08000b58   Section        0  usbd_core.o(i.usbd_ep_deinit)
    i.usbd_ep_init                           0x08000c0c   Section        0  usbd_core.o(i.usbd_ep_init)
    i.usbd_ep_rx                             0x08000f00   Section        0  usbd_core.o(i.usbd_ep_rx)
    i.usbd_ep_stall                          0x08000f4c   Section        0  usbd_core.o(i.usbd_ep_stall)
    i.usbd_ep_tx                             0x08000fec   Section        0  usbd_core.o(i.usbd_ep_tx)
    i.usbd_getconfiguration                  0x0800107c   Section        0  usbd_std.o(i.usbd_getconfiguration)
    usbd_getconfiguration                    0x0800107d   Thumb Code    80  usbd_std.o(i.usbd_getconfiguration)
    i.usbd_getdescriptor                     0x080010cc   Section        0  usbd_std.o(i.usbd_getdescriptor)
    usbd_getdescriptor                       0x080010cd   Thumb Code   144  usbd_std.o(i.usbd_getdescriptor)
    i.usbd_getinterface                      0x08001160   Section        0  usbd_std.o(i.usbd_getinterface)
    usbd_getinterface                        0x08001161   Thumb Code    68  usbd_std.o(i.usbd_getinterface)
    i.usbd_getstatus                         0x080011a4   Section        0  usbd_std.o(i.usbd_getstatus)
    usbd_getstatus                           0x080011a5   Thumb Code   250  usbd_std.o(i.usbd_getstatus)
    i.usbd_in_transaction                    0x080012a0   Section        0  usbd_std.o(i.usbd_in_transaction)
    i.usbd_intf_esof                         0x080013bc   Section        0  usbd_int.o(i.usbd_intf_esof)
    usbd_intf_esof                           0x080013bd   Thumb Code    84  usbd_int.o(i.usbd_intf_esof)
    i.usbd_intf_lpst                         0x0800141c   Section        0  usbd_int.o(i.usbd_intf_lpst)
    usbd_intf_lpst                           0x0800141d   Thumb Code   340  usbd_int.o(i.usbd_intf_lpst)
    i.usbd_intf_reset                        0x0800157c   Section        0  usbd_int.o(i.usbd_intf_reset)
    usbd_intf_reset                          0x0800157d   Thumb Code   130  usbd_int.o(i.usbd_intf_reset)
    i.usbd_intf_sof                          0x08001610   Section        0  usbd_int.o(i.usbd_intf_sof)
    usbd_intf_sof                            0x08001611   Thumb Code    24  usbd_int.o(i.usbd_intf_sof)
    i.usbd_intf_suspend                      0x0800162c   Section        0  usbd_int.o(i.usbd_intf_suspend)
    usbd_intf_suspend                        0x0800162d   Thumb Code    34  usbd_int.o(i.usbd_intf_suspend)
    i.usbd_intf_wakeup                       0x08001658   Section        0  usbd_int.o(i.usbd_intf_wakeup)
    usbd_intf_wakeup                         0x08001659   Thumb Code    22  usbd_int.o(i.usbd_intf_wakeup)
    i.usbd_isr                               0x08001674   Section        0  usbd_int.o(i.usbd_isr)
    i.usbd_out_transaction                   0x0800174c   Section        0  usbd_std.o(i.usbd_out_transaction)
    i.usbd_reserved                          0x080017f4   Section        0  usbd_std.o(i.usbd_reserved)
    usbd_reserved                            0x080017f5   Thumb Code     2  usbd_std.o(i.usbd_reserved)
    i.usbd_rx_count_get                      0x080017f6   Section        0  usbd_core.o(i.usbd_rx_count_get)
    i.usbd_setaddress                        0x0800180c   Section        0  usbd_std.o(i.usbd_setaddress)
    usbd_setaddress                          0x0800180d   Thumb Code   104  usbd_std.o(i.usbd_setaddress)
    i.usbd_setconfiguration                  0x08001880   Section        0  usbd_std.o(i.usbd_setconfiguration)
    usbd_setconfiguration                    0x08001881   Thumb Code   328  usbd_std.o(i.usbd_setconfiguration)
    i.usbd_setdescriptor                     0x080019d4   Section        0  usbd_std.o(i.usbd_setdescriptor)
    usbd_setdescriptor                       0x080019d5   Thumb Code     2  usbd_std.o(i.usbd_setdescriptor)
    i.usbd_setfeature                        0x080019d8   Section        0  usbd_std.o(i.usbd_setfeature)
    usbd_setfeature                          0x080019d9   Thumb Code   242  usbd_std.o(i.usbd_setfeature)
    i.usbd_setinterface                      0x08001ad4   Section        0  usbd_std.o(i.usbd_setinterface)
    usbd_setinterface                        0x08001ad5   Thumb Code   102  usbd_std.o(i.usbd_setinterface)
    i.usbd_setup_request_parse               0x08001b44   Section        0  usbd_std.o(i.usbd_setup_request_parse)
    i.usbd_setup_transaction                 0x08001b76   Section        0  usbd_std.o(i.usbd_setup_transaction)
    i.usbd_standard_request                  0x08001bc4   Section        0  usbd_std.o(i.usbd_standard_request)
    i.usbd_string_descriptor_get             0x08001be0   Section        0  usbd_std.o(i.usbd_string_descriptor_get)
    usbd_string_descriptor_get               0x08001be1   Thumb Code    18  usbd_std.o(i.usbd_string_descriptor_get)
    i.usbd_suspend                           0x08001bf4   Section        0  usbd_pwr.o(i.usbd_suspend)
    i.usbd_synchframe                        0x08001c08   Section        0  usbd_std.o(i.usbd_synchframe)
    usbd_synchframe                          0x08001c09   Thumb Code     2  usbd_std.o(i.usbd_synchframe)
    i.usbd_vendor_request                    0x08001c0a   Section        0  usbd_std.o(i.usbd_vendor_request)
    .constdata                               0x08001c10   Section      240  cdc_acm_core.o(.constdata)
    <Data1>                                  0x08001c10   Data          24  cdc_acm_core.o(.constdata)
    <Data2>                                  0x08001c28   Data          58  cdc_acm_core.o(.constdata)
    <Data3>                                  0x08001c62   Data          50  cdc_acm_core.o(.constdata)
    .data                                    0x20000000   Section      208  main.o(.data)
    .data                                    0x200000d0   Section       36  cdc_acm_core.o(.data)
    cdc_cmd                                  0x200000d0   Data           4  cdc_acm_core.o(.data)
    usbd_cdc_altset                          0x200000d4   Data           4  cdc_acm_core.o(.data)
    .data                                    0x200000f4   Section       12  usbd_core.o(.data)
    .data                                    0x20000100   Section        3  usbd_pwr.o(.data)
    .data                                    0x20000104   Section       69  usbd_std.o(.data)
    standard_device_request                  0x20000108   Data          52  usbd_std.o(.data)
    standard_descriptor_get                  0x2000013c   Data          12  usbd_std.o(.data)
    cfgidx                                   0x20000148   Data           1  usbd_std.o(.data)
    .bss                                     0x2000014c   Section       64  cdc_acm_core.o(.bss)
    STACK                                    0x20000190   Section     1024  startup_gd32f1x0.o(STACK)

    Global Symbols

    Symbol Name                              Value     Ov Type        Size  Object(Section)

    BuildAttributes$$THM_ISAv4$P$D$K$B$S$PE$A:L22UL41UL21$X:L11$S22US41US21$IEEE1$IW$USESV6$~STKCKD$USESV7$~SHL$OSPACE$EBA8$MICROLIB$REQ8$PRES8$EABIv2 0x00000000   Number         0  anon$$obj.o ABSOLUTE
    __ARM_use_no_argv                        0x00000000   Number         0  main.o ABSOLUTE
    __cpp_initialize__aeabi_                  - Undefined Weak Reference
    __cxa_finalize                            - Undefined Weak Reference
    _clock_init                               - Undefined Weak Reference
    _microlib_exit                            - Undefined Weak Reference
    __Vectors_Size                           0x00000168   Number         0  startup_gd32f1x0.o ABSOLUTE
    __Vectors                                0x08000000   Data           4  startup_gd32f1x0.o(RESET)
    __Vectors_End                            0x08000168   Data           0  startup_gd32f1x0.o(RESET)
    __main                                   0x08000169   Thumb Code     0  entry.o(.ARM.Collect$$$$00000000)
    _main_stk                                0x08000169   Thumb Code     0  entry2.o(.ARM.Collect$$$$00000001)
    _main_scatterload                        0x0800016d   Thumb Code     0  entry5.o(.ARM.Collect$$$$00000004)
    __main_after_scatterload                 0x08000171   Thumb Code     0  entry5.o(.ARM.Collect$$$$00000004)
    _main_clock                              0x08000171   Thumb Code     0  entry7b.o(.ARM.Collect$$$$00000008)
    _main_cpp_init                           0x08000171   Thumb Code     0  entry8b.o(.ARM.Collect$$$$0000000A)
    _main_init                               0x08000171   Thumb Code     0  entry9a.o(.ARM.Collect$$$$0000000B)
    __rt_final_cpp                           0x08000179   Thumb Code     0  entry10a.o(.ARM.Collect$$$$0000000D)
    __rt_final_exit                          0x08000179   Thumb Code     0  entry11a.o(.ARM.Collect$$$$0000000F)
    Reset_Handler                            0x0800017d   Thumb Code     8  startup_gd32f1x0.o(.text)
    SysTick_Handler                          0x08000195   Thumb Code     2  startup_gd32f1x0.o(.text)
    ADC_CMP_IRQHandler                       0x08000197   Thumb Code     0  startup_gd32f1x0.o(.text)
    CAN0_RX0_IRQHandler                      0x08000197   Thumb Code     0  startup_gd32f1x0.o(.text)
    CAN0_RX1_IRQHandler                      0x08000197   Thumb Code     0  startup_gd32f1x0.o(.text)
    CAN0_SCE_IRQHandler                      0x08000197   Thumb Code     0  startup_gd32f1x0.o(.text)
    CAN0_TX_IRQHandler                       0x08000197   Thumb Code     0  startup_gd32f1x0.o(.text)
    CAN1_RX0_IRQHandler                      0x08000197   Thumb Code     0  startup_gd32f1x0.o(.text)
    CAN1_RX1_IRQHandler                      0x08000197   Thumb Code     0  startup_gd32f1x0.o(.text)
    CAN1_SCE_IRQHandler                      0x08000197   Thumb Code     0  startup_gd32f1x0.o(.text)
    CAN1_TX_IRQHandler                       0x08000197   Thumb Code     0  startup_gd32f1x0.o(.text)
    CEC_IRQHandler                           0x08000197   Thumb Code     0  startup_gd32f1x0.o(.text)
    DMA_Channel0_IRQHandler                  0x08000197   Thumb Code     0  startup_gd32f1x0.o(.text)
    DMA_Channel1_2_IRQHandler                0x08000197   Thumb Code     0  startup_gd32f1x0.o(.text)
    DMA_Channel3_4_IRQHandler                0x08000197   Thumb Code     0  startup_gd32f1x0.o(.text)
    DMA_Channel5_6_IRQHandler                0x08000197   Thumb Code     0  startup_gd32f1x0.o(.text)
    EXTI0_1_IRQHandler                       0x08000197   Thumb Code     0  startup_gd32f1x0.o(.text)
    EXTI2_3_IRQHandler                       0x08000197   Thumb Code     0  startup_gd32f1x0.o(.text)
    EXTI4_15_IRQHandler                      0x08000197   Thumb Code     0  startup_gd32f1x0.o(.text)
    FMC_IRQHandler                           0x08000197   Thumb Code     0  startup_gd32f1x0.o(.text)
    I2C0_ER_IRQHandler                       0x08000197   Thumb Code     0  startup_gd32f1x0.o(.text)
    I2C0_EV_IRQHandler                       0x08000197   Thumb Code     0  startup_gd32f1x0.o(.text)
    I2C1_ER_IRQHandler                       0x08000197   Thumb Code     0  startup_gd32f1x0.o(.text)
    I2C1_EV_IRQHandler                       0x08000197   Thumb Code     0  startup_gd32f1x0.o(.text)
    I2C2_ER_IRQHandler                       0x08000197   Thumb Code     0  startup_gd32f1x0.o(.text)
    I2C2_EV_IRQHandler                       0x08000197   Thumb Code     0  startup_gd32f1x0.o(.text)
    LVD_IRQHandler                           0x08000197   Thumb Code     0  startup_gd32f1x0.o(.text)
    RCU_IRQHandler                           0x08000197   Thumb Code     0  startup_gd32f1x0.o(.text)
    RTC_IRQHandler                           0x08000197   Thumb Code     0  startup_gd32f1x0.o(.text)
    SLCD_IRQHandler                          0x08000197   Thumb Code     0  startup_gd32f1x0.o(.text)
    SPI0_IRQHandler                          0x08000197   Thumb Code     0  startup_gd32f1x0.o(.text)
    SPI1_IRQHandler                          0x08000197   Thumb Code     0  startup_gd32f1x0.o(.text)
    SPI2_IRQHandler                          0x08000197   Thumb Code     0  startup_gd32f1x0.o(.text)
    TIMER0_BRK_UP_TRG_COM_IRQHandler         0x08000197   Thumb Code     0  startup_gd32f1x0.o(.text)
    TIMER0_Channel_IRQHandler                0x08000197   Thumb Code     0  startup_gd32f1x0.o(.text)
    TIMER13_IRQHandler                       0x08000197   Thumb Code     0  startup_gd32f1x0.o(.text)
    TIMER14_IRQHandler                       0x08000197   Thumb Code     0  startup_gd32f1x0.o(.text)
    TIMER15_IRQHandler                       0x08000197   Thumb Code     0  startup_gd32f1x0.o(.text)
    TIMER16_IRQHandler                       0x08000197   Thumb Code     0  startup_gd32f1x0.o(.text)
    TIMER1_IRQHandler                        0x08000197   Thumb Code     0  startup_gd32f1x0.o(.text)
    TIMER2_IRQHandler                        0x08000197   Thumb Code     0  startup_gd32f1x0.o(.text)
    TIMER5_DAC_IRQHandler                    0x08000197   Thumb Code     0  startup_gd32f1x0.o(.text)
    TSI_IRQHandler                           0x08000197   Thumb Code     0  startup_gd32f1x0.o(.text)
    USART0_IRQHandler                        0x08000197   Thumb Code     0  startup_gd32f1x0.o(.text)
    USART1_IRQHandler                        0x08000197   Thumb Code     0  startup_gd32f1x0.o(.text)
    USBDWakeUp_IRQHandler                    0x08000197   Thumb Code     0  startup_gd32f1x0.o(.text)
    USBD_HP_IRQHandler                       0x08000197   Thumb Code     0  startup_gd32f1x0.o(.text)
    WWDGT_IRQHandler                         0x08000197   Thumb Code     0  startup_gd32f1x0.o(.text)
    __scatterload                            0x080001a1   Thumb Code    28  init.o(.text)
    __scatterload_rt2                        0x080001a1   Thumb Code     0  init.o(.text)
    __decompress                             0x080001c5   Thumb Code     0  __dczerorl2.o(.text)
    __decompress1                            0x080001c5   Thumb Code    86  __dczerorl2.o(.text)
    BusFault_Handler                         0x0800021b   Thumb Code     4  gd32f1x0_it.o(i.BusFault_Handler)
    DebugMon_Handler                         0x0800021f   Thumb Code     2  gd32f1x0_it.o(i.DebugMon_Handler)
    HardFault_Handler                        0x08000221   Thumb Code     4  gd32f1x0_it.o(i.HardFault_Handler)
    MemManage_Handler                        0x08000225   Thumb Code     4  gd32f1x0_it.o(i.MemManage_Handler)
    NMI_Handler                              0x08000229   Thumb Code     2  gd32f1x0_it.o(i.NMI_Handler)
    PendSV_Handler                           0x0800022b   Thumb Code     2  gd32f1x0_it.o(i.PendSV_Handler)
    SVC_Handler                              0x0800022d   Thumb Code     2  gd32f1x0_it.o(i.SVC_Handler)
    SystemInit                               0x08000231   Thumb Code   118  system_gd32f1x0.o(i.SystemInit)
    USBD_LP_IRQHandler                       0x080002b9   Thumb Code     8  gd32f1x0_it.o(i.USBD_LP_IRQHandler)
    UsageFault_Handler                       0x080002c1   Thumb Code     4  gd32f1x0_it.o(i.UsageFault_Handler)
    __scatterload_copy                       0x080002c5   Thumb Code    14  handlers.o(i.__scatterload_copy)
    __scatterload_null                       0x080002d3   Thumb Code     2  handlers.o(i.__scatterload_null)
    __scatterload_zeroinit                   0x080002d5   Thumb Code    14  handlers.o(i.__scatterload_zeroinit)
    cdc_acm_EP0_RxReady                      0x080002e5   Thumb Code    76  cdc_acm_core.o(i.cdc_acm_EP0_RxReady)
    cdc_acm_data_handler                     0x08000341   Thumb Code   112  cdc_acm_core.o(i.cdc_acm_data_handler)
    cdc_acm_data_receive                     0x080003c1   Thumb Code    28  cdc_acm_core.o(i.cdc_acm_data_receive)
    cdc_acm_data_send                        0x080003e9   Thumb Code    30  cdc_acm_core.o(i.cdc_acm_data_send)
    cdc_acm_deinit                           0x08000411   Thumb Code    34  cdc_acm_core.o(i.cdc_acm_deinit)
    cdc_acm_init                             0x08000435   Thumb Code    44  cdc_acm_core.o(i.cdc_acm_init)
    cdc_acm_req_handler                      0x08000465   Thumb Code   284  cdc_acm_core.o(i.cdc_acm_req_handler)
    gpio_bit_set                             0x08000595   Thumb Code     4  gd32f1x0_gpio.o(i.gpio_bit_set)
    gpio_config                              0x08000599   Thumb Code    28  main.o(i.gpio_config)
    gpio_mode_set                            0x080005b9   Thumb Code    78  gd32f1x0_gpio.o(i.gpio_mode_set)
    gpio_output_options_set                  0x08000607   Thumb Code    66  gd32f1x0_gpio.o(i.gpio_output_options_set)
    main                                     0x08000649   Thumb Code    96  main.o(i.main)
    nvic_config                              0x080006c1   Thumb Code    22  main.o(i.nvic_config)
    nvic_irq_enable                          0x080006d9   Thumb Code   156  gd32f1x0_misc.o(i.nvic_irq_enable)
    nvic_priority_group_set                  0x0800077d   Thumb Code    10  gd32f1x0_misc.o(i.nvic_priority_group_set)
    rcu_config                               0x08000791   Thumb Code    26  main.o(i.rcu_config)
    rcu_periph_clock_enable                  0x080007ad   Thumb Code    28  gd32f1x0_rcu.o(i.rcu_periph_clock_enable)
    rcu_usbd_clock_config                    0x080007cd   Thumb Code    22  gd32f1x0_rcu.o(i.rcu_usbd_clock_config)
    resume_mcu                               0x080007e9   Thumb Code    28  usbd_pwr.o(i.resume_mcu)
    usbd_core_init                           0x08000979   Thumb Code    44  usbd_core.o(i.usbd_core_init)
    usbd_device_class_request                0x080009ad   Thumb Code    98  usbd_std.o(i.usbd_device_class_request)
    usbd_enum_error                          0x08000a29   Thumb Code    16  usbd_std.o(i.usbd_enum_error)
    usbd_ep_clear_stall                      0x08000a39   Thumb Code   212  usbd_core.o(i.usbd_ep_clear_stall)
    usbd_ep_data_read                        0x08000b11   Thumb Code    32  usbd_core.o(i.usbd_ep_data_read)
    usbd_ep_data_write                       0x08000b35   Thumb Code    30  usbd_core.o(i.usbd_ep_data_write)
    usbd_ep_deinit                           0x08000b59   Thumb Code   174  usbd_core.o(i.usbd_ep_deinit)
    usbd_ep_init                             0x08000c0d   Thumb Code   742  usbd_core.o(i.usbd_ep_init)
    usbd_ep_rx                               0x08000f01   Thumb Code    70  usbd_core.o(i.usbd_ep_rx)
    usbd_ep_stall                            0x08000f4d   Thumb Code   156  usbd_core.o(i.usbd_ep_stall)
    usbd_ep_tx                               0x08000fed   Thumb Code   134  usbd_core.o(i.usbd_ep_tx)
    usbd_in_transaction                      0x080012a1   Thumb Code   274  usbd_std.o(i.usbd_in_transaction)
    usbd_isr                                 0x08001675   Thumb Code   202  usbd_int.o(i.usbd_isr)
    usbd_out_transaction                     0x0800174d   Thumb Code   158  usbd_std.o(i.usbd_out_transaction)
    usbd_rx_count_get                        0x080017f7   Thumb Code    20  usbd_core.o(i.usbd_rx_count_get)
    usbd_setup_request_parse                 0x08001b45   Thumb Code    50  usbd_std.o(i.usbd_setup_request_parse)
    usbd_setup_transaction                   0x08001b77   Thumb Code    78  usbd_std.o(i.usbd_setup_transaction)
    usbd_standard_request                    0x08001bc5   Thumb Code    24  usbd_std.o(i.usbd_standard_request)
    usbd_suspend                             0x08001bf5   Thumb Code    16  usbd_pwr.o(i.usbd_suspend)
    usbd_vendor_request                      0x08001c0b   Thumb Code     6  usbd_std.o(i.usbd_vendor_request)
    device_descriptor                        0x08001c94   Data          18  cdc_acm_core.o(.constdata)
    configuration_descriptor                 0x08001ca6   Data          67  cdc_acm_core.o(.constdata)
    usbd_language_id_desc                    0x08001ce9   Data           4  cdc_acm_core.o(.constdata)
    usbd_strings                             0x08001cf0   Data          16  cdc_acm_core.o(.constdata)
    Region$$Table$$Base                      0x08001d00   Number         0  anon$$obj.o(Region$$Table)
    Region$$Table$$Limit                     0x08001d20   Number         0  anon$$obj.o(Region$$Table)
    pre_packet_send                          0x20000000   Data           4  main.o(.data)
    usb_device_dev                           0x20000004   Data         204  main.o(.data)
    usb_cmd_buffer                           0x200000d8   Data           8  cdc_acm_core.o(.data)
    packet_sent                              0x200000e0   Data           1  cdc_acm_core.o(.data)
    packet_receive                           0x200000e1   Data           1  cdc_acm_core.o(.data)
    receive_length                           0x200000e4   Data           4  cdc_acm_core.o(.data)
    usbd_int_fops                            0x200000e8   Data           4  cdc_acm_core.o(.data)
    linecoding                               0x200000ec   Data           8  cdc_acm_core.o(.data)
    g_interrupt_mask                         0x200000f4   Data           4  usbd_core.o(.data)
    g_free_buf_addr                          0x200000f8   Data           4  usbd_core.o(.data)
    pbuf_reg                                 0x200000fc   Data           4  usbd_core.o(.data)
    g_ESOF_count                             0x20000100   Data           1  usbd_pwr.o(.data)
    g_suspend_enabled                        0x20000101   Data           1  usbd_pwr.o(.data)
    g_remote_wakeup_on                       0x20000102   Data           1  usbd_pwr.o(.data)
    g_device_address                         0x20000104   Data           1  usbd_std.o(.data)
    usb_data_buffer                          0x2000014c   Data          64  cdc_acm_core.o(.bss)
    __initial_sp                             0x20000590   Data           0  startup_gd32f1x0.o(STACK)



==============================================================================

Memory Map of the image

  Image Entry point : 0x08000169

  Load Region LR_IROM1 (Base: 0x08000000, Size: 0x00001e6c, Max: 0x00010000, ABSOLUTE, COMPRESSED[0x00001d84])

    Execution Region ER_IROM1 (Exec base: 0x08000000, Load base: 0x08000000, Size: 0x00001d20, Max: 0x00010000, ABSOLUTE)

    Exec Addr    Load Addr    Size         Type   Attr      Idx    E Section Name        Object

    0x08000000   0x08000000   0x00000168   Data   RO         1848    RESET               startup_gd32f1x0.o
    0x08000168   0x08000168   0x00000000   Code   RO         2183  * .ARM.Collect$$$$00000000  mc_w.l(entry.o)
    0x08000168   0x08000168   0x00000004   Code   RO         2186    .ARM.Collect$$$$00000001  mc_w.l(entry2.o)
    0x0800016c   0x0800016c   0x00000004   Code   RO         2189    .ARM.Collect$$$$00000004  mc_w.l(entry5.o)
    0x08000170   0x08000170   0x00000000   Code   RO         2191    .ARM.Collect$$$$00000008  mc_w.l(entry7b.o)
    0x08000170   0x08000170   0x00000000   Code   RO         2193    .ARM.Collect$$$$0000000A  mc_w.l(entry8b.o)
    0x08000170   0x08000170   0x00000008   Code   RO         2194    .ARM.Collect$$$$0000000B  mc_w.l(entry9a.o)
    0x08000178   0x08000178   0x00000000   Code   RO         2196    .ARM.Collect$$$$0000000D  mc_w.l(entry10a.o)
    0x08000178   0x08000178   0x00000000   Code   RO         2198    .ARM.Collect$$$$0000000F  mc_w.l(entry11a.o)
    0x08000178   0x08000178   0x00000004   Code   RO         2187    .ARM.Collect$$$$00002712  mc_w.l(entry2.o)
    0x0800017c   0x0800017c   0x00000024   Code   RO         1849    .text               startup_gd32f1x0.o
    0x080001a0   0x080001a0   0x00000024   Code   RO         2200    .text               mc_w.l(init.o)
    0x080001c4   0x080001c4   0x00000056   Code   RO         2210    .text               mc_w.l(__dczerorl2.o)
    0x0800021a   0x0800021a   0x00000004   Code   RO          160    i.BusFault_Handler  gd32f1x0_it.o
    0x0800021e   0x0800021e   0x00000002   Code   RO          161    i.DebugMon_Handler  gd32f1x0_it.o
    0x08000220   0x08000220   0x00000004   Code   RO          162    i.HardFault_Handler  gd32f1x0_it.o
    0x08000224   0x08000224   0x00000004   Code   RO          163    i.MemManage_Handler  gd32f1x0_it.o
    0x08000228   0x08000228   0x00000002   Code   RO          164    i.NMI_Handler       gd32f1x0_it.o
    0x0800022a   0x0800022a   0x00000002   Code   RO          165    i.PendSV_Handler    gd32f1x0_it.o
    0x0800022c   0x0800022c   0x00000002   Code   RO          166    i.SVC_Handler       gd32f1x0_it.o
    0x0800022e   0x0800022e   0x00000002   PAD
    0x08000230   0x08000230   0x00000088   Code   RO          308    i.SystemInit        system_gd32f1x0.o
    0x080002b8   0x080002b8   0x00000008   Code   RO          167    i.USBD_LP_IRQHandler  gd32f1x0_it.o
    0x080002c0   0x080002c0   0x00000004   Code   RO          168    i.UsageFault_Handler  gd32f1x0_it.o
    0x080002c4   0x080002c4   0x0000000e   Code   RO         2204    i.__scatterload_copy  mc_w.l(handlers.o)
    0x080002d2   0x080002d2   0x00000002   Code   RO         2205    i.__scatterload_null  mc_w.l(handlers.o)
    0x080002d4   0x080002d4   0x0000000e   Code   RO         2206    i.__scatterload_zeroinit  mc_w.l(handlers.o)
    0x080002e2   0x080002e2   0x00000002   PAD
    0x080002e4   0x080002e4   0x0000005c   Code   RO          238    i.cdc_acm_EP0_RxReady  cdc_acm_core.o
    0x08000340   0x08000340   0x00000080   Code   RO          239    i.cdc_acm_data_handler  cdc_acm_core.o
    0x080003c0   0x080003c0   0x00000028   Code   RO          240    i.cdc_acm_data_receive  cdc_acm_core.o
    0x080003e8   0x080003e8   0x00000028   Code   RO          241    i.cdc_acm_data_send  cdc_acm_core.o
    0x08000410   0x08000410   0x00000022   Code   RO          242    i.cdc_acm_deinit    cdc_acm_core.o
    0x08000432   0x08000432   0x00000002   PAD
    0x08000434   0x08000434   0x00000030   Code   RO          243    i.cdc_acm_init      cdc_acm_core.o
    0x08000464   0x08000464   0x00000130   Code   RO          244    i.cdc_acm_req_handler  cdc_acm_core.o
    0x08000594   0x08000594   0x00000004   Code   RO          613    i.gpio_bit_set      gd32f1x0_gpio.o
    0x08000598   0x08000598   0x00000020   Code   RO            3    i.gpio_config       main.o
    0x080005b8   0x080005b8   0x0000004e   Code   RO          618    i.gpio_mode_set     gd32f1x0_gpio.o
    0x08000606   0x08000606   0x00000042   Code   RO          620    i.gpio_output_options_set  gd32f1x0_gpio.o
    0x08000648   0x08000648   0x00000078   Code   RO            4    i.main              main.o
    0x080006c0   0x080006c0   0x00000016   Code   RO            5    i.nvic_config       main.o
    0x080006d6   0x080006d6   0x00000002   PAD
    0x080006d8   0x080006d8   0x000000a4   Code   RO          704    i.nvic_irq_enable   gd32f1x0_misc.o
    0x0800077c   0x0800077c   0x00000014   Code   RO          705    i.nvic_priority_group_set  gd32f1x0_misc.o
    0x08000790   0x08000790   0x0000001a   Code   RO            6    i.rcu_config        main.o
    0x080007aa   0x080007aa   0x00000002   PAD
    0x080007ac   0x080007ac   0x00000020   Code   RO          875    i.rcu_periph_clock_enable  gd32f1x0_rcu.o
    0x080007cc   0x080007cc   0x0000001c   Code   RO          886    i.rcu_usbd_clock_config  gd32f1x0_rcu.o
    0x080007e8   0x080007e8   0x00000020   Code   RO         2010    i.resume_mcu        usbd_pwr.o
    0x08000808   0x08000808   0x00000038   Code   RO          309    i.system_clock_8m_irc8m  system_gd32f1x0.o
    0x08000840   0x08000840   0x00000008   Code   RO          310    i.system_clock_config  system_gd32f1x0.o
    0x08000848   0x08000848   0x00000120   Code   RO         2045    i.usbd_clearfeature  usbd_std.o
    0x08000968   0x08000968   0x00000010   Code   RO         2046    i.usbd_configuration_descriptor_get  usbd_std.o
    0x08000978   0x08000978   0x00000034   Code   RO         1856    i.usbd_core_init    usbd_core.o
    0x080009ac   0x080009ac   0x0000006c   Code   RO         2047    i.usbd_device_class_request  usbd_std.o
    0x08000a18   0x08000a18   0x00000010   Code   RO         2048    i.usbd_device_descriptor_get  usbd_std.o
    0x08000a28   0x08000a28   0x00000010   Code   RO         2049    i.usbd_enum_error   usbd_std.o
    0x08000a38   0x08000a38   0x000000d8   Code   RO         1857    i.usbd_ep_clear_stall  usbd_core.o
    0x08000b10   0x08000b10   0x00000024   Code   RO         1858    i.usbd_ep_data_read  usbd_core.o
    0x08000b34   0x08000b34   0x00000024   Code   RO         1859    i.usbd_ep_data_write  usbd_core.o
    0x08000b58   0x08000b58   0x000000b4   Code   RO         1860    i.usbd_ep_deinit    usbd_core.o
    0x08000c0c   0x08000c0c   0x000002f4   Code   RO         1861    i.usbd_ep_init      usbd_core.o
    0x08000f00   0x08000f00   0x0000004c   Code   RO         1862    i.usbd_ep_rx        usbd_core.o
    0x08000f4c   0x08000f4c   0x000000a0   Code   RO         1863    i.usbd_ep_stall     usbd_core.o
    0x08000fec   0x08000fec   0x00000090   Code   RO         1865    i.usbd_ep_tx        usbd_core.o
    0x0800107c   0x0800107c   0x00000050   Code   RO         2050    i.usbd_getconfiguration  usbd_std.o
    0x080010cc   0x080010cc   0x00000094   Code   RO         2051    i.usbd_getdescriptor  usbd_std.o
    0x08001160   0x08001160   0x00000044   Code   RO         2052    i.usbd_getinterface  usbd_std.o
    0x080011a4   0x080011a4   0x000000fa   Code   RO         2053    i.usbd_getstatus    usbd_std.o
    0x0800129e   0x0800129e   0x00000002   PAD
    0x080012a0   0x080012a0   0x0000011c   Code   RO         2054    i.usbd_in_transaction  usbd_std.o
    0x080013bc   0x080013bc   0x00000060   Code   RO         1953    i.usbd_intf_esof    usbd_int.o
    0x0800141c   0x0800141c   0x00000160   Code   RO         1955    i.usbd_intf_lpst    usbd_int.o
    0x0800157c   0x0800157c   0x00000094   Code   RO         1956    i.usbd_intf_reset   usbd_int.o
    0x08001610   0x08001610   0x0000001c   Code   RO         1957    i.usbd_intf_sof     usbd_int.o
    0x0800162c   0x0800162c   0x0000002c   Code   RO         1958    i.usbd_intf_suspend  usbd_int.o
    0x08001658   0x08001658   0x0000001c   Code   RO         1959    i.usbd_intf_wakeup  usbd_int.o
    0x08001674   0x08001674   0x000000d8   Code   RO         1960    i.usbd_isr          usbd_int.o
    0x0800174c   0x0800174c   0x000000a8   Code   RO         2055    i.usbd_out_transaction  usbd_std.o
    0x080017f4   0x080017f4   0x00000002   Code   RO         2056    i.usbd_reserved     usbd_std.o
    0x080017f6   0x080017f6   0x00000014   Code   RO         1866    i.usbd_rx_count_get  usbd_core.o
    0x0800180a   0x0800180a   0x00000002   PAD
    0x0800180c   0x0800180c   0x00000074   Code   RO         2057    i.usbd_setaddress   usbd_std.o
    0x08001880   0x08001880   0x00000154   Code   RO         2058    i.usbd_setconfiguration  usbd_std.o
    0x080019d4   0x080019d4   0x00000002   Code   RO         2059    i.usbd_setdescriptor  usbd_std.o
    0x080019d6   0x080019d6   0x00000002   PAD
    0x080019d8   0x080019d8   0x000000fc   Code   RO         2060    i.usbd_setfeature   usbd_std.o
    0x08001ad4   0x08001ad4   0x00000070   Code   RO         2061    i.usbd_setinterface  usbd_std.o
    0x08001b44   0x08001b44   0x00000032   Code   RO         2062    i.usbd_setup_request_parse  usbd_std.o
    0x08001b76   0x08001b76   0x0000004e   Code   RO         2063    i.usbd_setup_transaction  usbd_std.o
    0x08001bc4   0x08001bc4   0x0000001c   Code   RO         2064    i.usbd_standard_request  usbd_std.o
    0x08001be0   0x08001be0   0x00000012   Code   RO         2065    i.usbd_string_descriptor_get  usbd_std.o
    0x08001bf2   0x08001bf2   0x00000002   PAD
    0x08001bf4   0x08001bf4   0x00000014   Code   RO         2012    i.usbd_suspend      usbd_pwr.o
    0x08001c08   0x08001c08   0x00000002   Code   RO         2066    i.usbd_synchframe   usbd_std.o
    0x08001c0a   0x08001c0a   0x00000006   Code   RO         2067    i.usbd_vendor_request  usbd_std.o
    0x08001c10   0x08001c10   0x000000f0   Data   RO          246    .constdata          cdc_acm_core.o
    0x08001d00   0x08001d00   0x00000020   Data   RO         2202    Region$$Table       anon$$obj.o


    Execution Region RW_IRAM1 (Exec base: 0x20000000, Load base: 0x08001d20, Size: 0x00000590, Max: 0x00002000, ABSOLUTE, COMPRESSED[0x00000064])

    Exec Addr    Load Addr    Size         Type   Attr      Idx    E Section Name        Object

    0x20000000   COMPRESSED   0x000000d0   Data   RW            7    .data               main.o
    0x200000d0   COMPRESSED   0x00000024   Data   RW          247    .data               cdc_acm_core.o
    0x200000f4   COMPRESSED   0x0000000c   Data   RW         1868    .data               usbd_core.o
    0x20000100   COMPRESSED   0x00000003   Data   RW         2013    .data               usbd_pwr.o
    0x20000103   COMPRESSED   0x00000001   PAD
    0x20000104   COMPRESSED   0x00000045   Data   RW         2068    .data               usbd_std.o
    0x20000149   COMPRESSED   0x00000003   PAD
    0x2000014c        -       0x00000040   Zero   RW          245    .bss                cdc_acm_core.o
    0x2000018c   COMPRESSED   0x00000004   PAD
    0x20000190        -       0x00000400   Zero   RW         1846    STACK               startup_gd32f1x0.o


==============================================================================

Image component sizes


      Code (inc. data)   RO Data    RW Data    ZI Data      Debug   Object Name

       686         78        240         36         64       8655   cdc_acm_core.o
       148          0          0          0          0       2409   gd32f1x0_gpio.o
        32          0          0          0          0       4281   gd32f1x0_it.o
       184         18          0          0          0       1548   gd32f1x0_misc.o
        60         10          0          0          0       1270   gd32f1x0_rcu.o
       200         28          0        208          0      26848   main.o
        36          8        360          0       1024        920   startup_gd32f1x0.o
       200         24          0          0          0       1733   system_gd32f1x0.o
      1676         62          0         12          0      11778   usbd_core.o
       912         76          0          0          0       5544   usbd_int.o
        52          8          0          3          0       1980   usbd_pwr.o
      2448         90          0         69          0      18320   usbd_std.o

    ----------------------------------------------------------------------
      6650        402        632        332       1092      85286   Object Totals
         0          0         32          0          0          0   (incl. Generated)
        16          0          0          4          4          0   (incl. Padding)

    ----------------------------------------------------------------------

      Code (inc. data)   RO Data    RW Data    ZI Data      Debug   Library Member Name

        86          0          0          0          0          0   __dczerorl2.o
         0          0          0          0          0          0   entry.o
         0          0          0          0          0          0   entry10a.o
         0          0          0          0          0          0   entry11a.o
         8          4          0          0          0          0   entry2.o
         4          0          0          0          0          0   entry5.o
         0          0          0          0          0          0   entry7b.o
         0          0          0          0          0          0   entry8b.o
         8          4          0          0          0          0   entry9a.o
        30          0          0          0          0          0   handlers.o
        36          8          0          0          0         68   init.o

    ----------------------------------------------------------------------
       174         16          0          0          0         68   Library Totals
         2          0          0          0          0          0   (incl. Padding)

    ----------------------------------------------------------------------

      Code (inc. data)   RO Data    RW Data    ZI Data      Debug   Library Name

       172         16          0          0          0         68   mc_w.l

    ----------------------------------------------------------------------
       174         16          0          0          0         68   Library Totals

    ----------------------------------------------------------------------

==============================================================================


      Code (inc. data)   RO Data    RW Data    ZI Data      Debug   

      6824        418        632        332       1092      82050   Grand Totals
      6824        418        632        100       1092      82050   ELF Image Totals (compressed)
      6824        418        632        100          0          0   ROM Totals

==============================================================================

    Total RO  Size (Code + RO Data)                 7456 (   7.28kB)
    Total RW  Size (RW Data + ZI Data)              1424 (   1.39kB)
    Total ROM Size (Code + RO Data + RW Data)       7556 (   7.38kB)

==============================================================================

