Component: ARM Compiler 6.15 Tool: armlink [5dd79300]

==============================================================================

Section Cross References

    gd32f1x0_it.o(.ARM.exidx.text.NMI_Handler) refers to gd32f1x0_it.o(.text.NMI_Handler) for [Anonymous Symbol]
    gd32f1x0_it.o(.ARM.exidx.text.HardFault_Handler) refers to gd32f1x0_it.o(.text.HardFault_Handler) for [Anonymous Symbol]
    gd32f1x0_it.o(.ARM.exidx.text.MemManage_Handler) refers to gd32f1x0_it.o(.text.MemManage_Handler) for [Anonymous Symbol]
    gd32f1x0_it.o(.ARM.exidx.text.BusFault_Handler) refers to gd32f1x0_it.o(.text.BusFault_Handler) for [Anonymous Symbol]
    gd32f1x0_it.o(.ARM.exidx.text.UsageFault_Handler) refers to gd32f1x0_it.o(.text.UsageFault_Handler) for [Anonymous Symbol]
    gd32f1x0_it.o(.ARM.exidx.text.SVC_Handler) refers to gd32f1x0_it.o(.text.SVC_Handler) for [Anonymous Symbol]
    gd32f1x0_it.o(.ARM.exidx.text.DebugMon_Handler) refers to gd32f1x0_it.o(.text.DebugMon_Handler) for [Anonymous Symbol]
    gd32f1x0_it.o(.ARM.exidx.text.PendSV_Handler) refers to gd32f1x0_it.o(.text.PendSV_Handler) for [Anonymous Symbol]
    gd32f1x0_it.o(.text.SysTick_Handler) refers to main.o(.text.led_spark) for led_spark
    gd32f1x0_it.o(.text.SysTick_Handler) refers to systick.o(.text.delay_decrement) for delay_decrement
    gd32f1x0_it.o(.ARM.exidx.text.SysTick_Handler) refers to gd32f1x0_it.o(.text.SysTick_Handler) for [Anonymous Symbol]
    main.o(.text.led_spark) refers to main.o(.bss.led_spark.timingdelaylocal) for led_spark.timingdelaylocal
    main.o(.text.led_spark) refers to gd32f1x0_eval.o(.text.gd_eval_led_on) for gd_eval_led_on
    main.o(.text.led_spark) refers to gd32f1x0_eval.o(.text.gd_eval_led_off) for gd_eval_led_off
    main.o(.ARM.exidx.text.led_spark) refers to main.o(.text.led_spark) for [Anonymous Symbol]
    main.o(.text.main) refers to gd32f1x0_eval.o(.text.gd_eval_led_init) for gd_eval_led_init
    main.o(.text.main) refers to gd32f1x0_eval.o(.text.gd_eval_com_init) for gd_eval_com_init
    main.o(.text.main) refers to puts.o(i.puts) for puts
    main.o(.text.main) refers to printf2.o(i.__0printf$2) for __2printf
    main.o(.text.main) refers to systick.o(.text.systick_config) for systick_config
    main.o(.text.main) refers to gd32f1x0_eval.o(.text.gd_eval_led_toggle) for gd_eval_led_toggle
    main.o(.text.main) refers to systick.o(.text.delay_1ms) for delay_1ms
    main.o(.text.main) refers to putchar.o(i.putchar) for putchar
    main.o(.ARM.exidx.text.main) refers to main.o(.text.main) for [Anonymous Symbol]
    main.o(.text.fputc) refers to gd32f1x0_usart.o(.text.usart_data_transmit) for usart_data_transmit
    main.o(.text.fputc) refers to gd32f1x0_usart.o(.text.usart_flag_get) for usart_flag_get
    main.o(.ARM.exidx.text.fputc) refers to main.o(.text.fputc) for [Anonymous Symbol]
    systick.o(.text.systick_config) refers to system_gd32f1x0.o(.data.SystemCoreClock) for SystemCoreClock
    systick.o(.text.systick_config) refers to systick.o(.text.SysTick_Config) for SysTick_Config
    systick.o(.text.systick_config) refers to systick.o(.text.NVIC_SetPriority) for NVIC_SetPriority
    systick.o(.ARM.exidx.text.systick_config) refers to systick.o(.text.systick_config) for [Anonymous Symbol]
    systick.o(.text.SysTick_Config) refers to systick.o(.text.NVIC_SetPriority) for NVIC_SetPriority
    systick.o(.ARM.exidx.text.SysTick_Config) refers to systick.o(.text.SysTick_Config) for [Anonymous Symbol]
    systick.o(.ARM.exidx.text.NVIC_SetPriority) refers to systick.o(.text.NVIC_SetPriority) for [Anonymous Symbol]
    systick.o(.text.delay_1ms) refers to systick.o(.bss.delay) for delay
    systick.o(.ARM.exidx.text.delay_1ms) refers to systick.o(.text.delay_1ms) for [Anonymous Symbol]
    systick.o(.text.delay_decrement) refers to systick.o(.bss.delay) for delay
    systick.o(.ARM.exidx.text.delay_decrement) refers to systick.o(.text.delay_decrement) for [Anonymous Symbol]
    system_gd32f1x0.o(.text.SystemInit) refers to system_gd32f1x0.o(.text.system_clock_config) for system_clock_config
    system_gd32f1x0.o(.ARM.exidx.text.SystemInit) refers to system_gd32f1x0.o(.text.SystemInit) for [Anonymous Symbol]
    system_gd32f1x0.o(.text.system_clock_config) refers to system_gd32f1x0.o(.text.system_clock_8m_irc8m) for system_clock_8m_irc8m
    system_gd32f1x0.o(.ARM.exidx.text.system_clock_config) refers to system_gd32f1x0.o(.text.system_clock_config) for [Anonymous Symbol]
    system_gd32f1x0.o(.text.SystemCoreClockUpdate) refers to system_gd32f1x0.o(.data.SystemCoreClock) for SystemCoreClock
    system_gd32f1x0.o(.ARM.exidx.text.SystemCoreClockUpdate) refers to system_gd32f1x0.o(.text.SystemCoreClockUpdate) for [Anonymous Symbol]
    system_gd32f1x0.o(.ARM.exidx.text.system_clock_8m_irc8m) refers to system_gd32f1x0.o(.text.system_clock_8m_irc8m) for [Anonymous Symbol]
    startup_gd32f1x0.o(RESET) refers to startup_gd32f1x0.o(STACK) for __initial_sp
[...]
    Removing gd32f1x0_i2c.o(.text.i2c_pec_enable), (12 bytes).
    Removing gd32f1x0_i2c.o(.ARM.exidx.text.i2c_pec_enable), (8 bytes).
    Removing gd32f1x0_i2c.o(.text.i2c_pec_transfer_enable), (12 bytes).
    Removing gd32f1x0_i2c.o(.ARM.exidx.text.i2c_pec_transfer_enable), (8 bytes).
    Removing gd32f1x0_i2c.o(.text.i2c_pec_value_get), (8 bytes).
    Removing gd32f1x0_i2c.o(.ARM.exidx.text.i2c_pec_value_get), (8 bytes).
    Removing gd32f1x0_i2c.o(.text.i2c_smbus_issue_alert), (12 bytes).
    Removing gd32f1x0_i2c.o(.ARM.exidx.text.i2c_smbus_issue_alert), (8 bytes).
    Removing gd32f1x0_i2c.o(.text.i2c_smbus_arp_enable), (12 bytes).
    Removing gd32f1x0_i2c.o(.ARM.exidx.text.i2c_smbus_arp_enable), (8 bytes).
    Removing gd32f1x0_ivref.o(.text), (0 bytes).
    Removing gd32f1x0_misc.o(.text), (0 bytes).
    Removing gd32f1x0_misc.o(.text.nvic_priority_group_set), (20 bytes).
    Removing gd32f1x0_misc.o(.ARM.exidx.text.nvic_priority_group_set), (8 bytes).
    Removing gd32f1x0_misc.o(.text.nvic_irq_enable), (168 bytes).
    Removing gd32f1x0_misc.o(.ARM.exidx.text.nvic_irq_enable), (8 bytes).
    Removing gd32f1x0_misc.o(.text.nvic_irq_disable), (30 bytes).
    Removing gd32f1x0_misc.o(.ARM.exidx.text.nvic_irq_disable), (8 bytes).
    Removing gd32f1x0_misc.o(.text.nvic_vector_table_set), (24 bytes).
    Removing gd32f1x0_misc.o(.ARM.exidx.text.nvic_vector_table_set), (8 bytes).
    Removing gd32f1x0_misc.o(.text.system_lowpower_set), (16 bytes).
    Removing gd32f1x0_misc.o(.ARM.exidx.text.system_lowpower_set), (8 bytes).
    Removing gd32f1x0_misc.o(.text.system_lowpower_reset), (18 bytes).
    Removing gd32f1x0_misc.o(.ARM.exidx.text.system_lowpower_reset), (8 bytes).
    Removing gd32f1x0_misc.o(.text.systick_clksource_set), (24 bytes).
    Removing gd32f1x0_misc.o(.ARM.exidx.text.systick_clksource_set), (8 bytes).
    Removing gd32f1x0_opa.o(.text), (0 bytes).
    Removing gd32f1x0_pmu.o(.text), (0 bytes).
    Removing gd32f1x0_pmu.o(.text.pmu_deinit), (20 bytes).
    Removing gd32f1x0_pmu.o(.ARM.exidx.text.pmu_deinit), (8 bytes).
    Removing gd32f1x0_pmu.o(.text.pmu_lvd_select), (40 bytes).
    Removing gd32f1x0_pmu.o(.ARM.exidx.text.pmu_lvd_select), (8 bytes).
    Removing gd32f1x0_pmu.o(.text.pmu_lvd_disable), (18 bytes).
    Removing gd32f1x0_pmu.o(.ARM.exidx.text.pmu_lvd_disable), (8 bytes).
    Removing gd32f1x0_pmu.o(.text.pmu_to_sleepmode), (26 bytes).
    Removing gd32f1x0_pmu.o(.ARM.exidx.text.pmu_to_sleepmode), (8 bytes).
    Removing gd32f1x0_pmu.o(.text.pmu_to_deepsleepmode), (198 bytes).
    Removing gd32f1x0_pmu.o(.ARM.exidx.text.pmu_to_deepsleepmode), (8 bytes).
    Removing gd32f1x0_pmu.o(.text.pmu_to_standbymode), (50 bytes).
    Removing gd32f1x0_pmu.o(.ARM.exidx.text.pmu_to_standbymode), (8 bytes).
    Removing gd32f1x0_pmu.o(.text.pmu_flag_clear), (30 bytes).
    Removing gd32f1x0_pmu.o(.ARM.exidx.text.pmu_flag_clear), (8 bytes).
    Removing gd32f1x0_pmu.o(.text.pmu_flag_get), (18 bytes).
    Removing gd32f1x0_pmu.o(.ARM.exidx.text.pmu_flag_get), (8 bytes).
    Removing gd32f1x0_pmu.o(.text.pmu_backup_write_enable), (18 bytes).
    Removing gd32f1x0_pmu.o(.ARM.exidx.text.pmu_backup_write_enable), (8 bytes).
    Removing gd32f1x0_pmu.o(.text.pmu_backup_write_disable), (18 bytes).
    Removing gd32f1x0_pmu.o(.ARM.exidx.text.pmu_backup_write_disable), (8 bytes).
    Removing gd32f1x0_pmu.o(.text.pmu_wakeup_pin_enable), (16 bytes).
    Removing gd32f1x0_pmu.o(.ARM.exidx.text.pmu_wakeup_pin_enable), (8 bytes).
    Removing gd32f1x0_pmu.o(.text.pmu_wakeup_pin_disable), (18 bytes).
    Removing gd32f1x0_pmu.o(.ARM.exidx.text.pmu_wakeup_pin_disable), (8 bytes).
    Removing gd32f1x0_pmu.o(.bss.pmu_to_deepsleepmode.reg_snap.0), (4 bytes).
    Removing gd32f1x0_pmu.o(.bss.pmu_to_deepsleepmode.reg_snap.1), (4 bytes).
    Removing gd32f1x0_pmu.o(.bss.pmu_to_deepsleepmode.reg_snap.2), (4 bytes).
    Removing gd32f1x0_pmu.o(.bss.pmu_to_deepsleepmode.reg_snap.3), (4 bytes).
    Removing gd32f1x0_rcu.o(.text), (0 bytes).
    Removing gd32f1x0_rcu.o(.text.rcu_deinit), (112 bytes).
    Removing gd32f1x0_rcu.o(.ARM.exidx.text.rcu_deinit), (8 bytes).
    Removing gd32f1x0_rcu.o(.ARM.exidx.text.rcu_periph_clock_enable), (8 bytes).
    Removing gd32f1x0_rcu.o(.text.rcu_periph_clock_disable), (32 bytes).
    Removing gd32f1x0_rcu.o(.ARM.exidx.text.rcu_periph_clock_disable), (8 bytes).
    Removing gd32f1x0_rcu.o(.text.rcu_periph_clock_sleep_enable), (30 bytes).
    Removing gd32f1x0_rcu.o(.ARM.exidx.text.rcu_periph_clock_sleep_enable), (8 bytes).
    Removing gd32f1x0_rcu.o(.text.rcu_periph_clock_sleep_disable), (32 bytes).
    Removing gd32f1x0_rcu.o(.ARM.exidx.text.rcu_periph_clock_sleep_disable), (8 bytes).
    Removing gd32f1x0_rcu.o(.ARM.exidx.text.rcu_periph_reset_enable), (8 bytes).
    Removing gd32f1x0_rcu.o(.ARM.exidx.text.rcu_periph_reset_disable), (8 bytes).
    Removing gd32f1x0_rcu.o(.text.rcu_bkp_reset_enable), (18 bytes).
    Removing gd32f1x0_rcu.o(.ARM.exidx.text.rcu_bkp_reset_enable), (8 bytes).
    Removing gd32f1x0_rcu.o(.text.rcu_bkp_reset_disable), (18 bytes).
    Removing gd32f1x0_rcu.o(.ARM.exidx.text.rcu_bkp_reset_disable), (8 bytes).
    Removing gd32f1x0_rcu.o(.text.rcu_system_clock_source_config), (20 bytes).
    Removing gd32f1x0_rcu.o(.ARM.exidx.text.rcu_system_clock_source_config), (8 bytes).
    Removing gd32f1x0_rcu.o(.text.rcu_system_clock_source_get), (16 bytes).
    Removing gd32f1x0_rcu.o(.ARM.exidx.text.rcu_system_clock_source_get), (8 bytes).
    Removing gd32f1x0_rcu.o(.text.rcu_ahb_clock_config), (20 bytes).
    Removing gd32f1x0_rcu.o(.ARM.exidx.text.rcu_ahb_clock_config), (8 bytes).
    Removing gd32f1x0_rcu.o(.text.rcu_apb1_clock_config), (20 bytes).
    Removing gd32f1x0_rcu.o(.ARM.exidx.text.rcu_apb1_clock_config), (8 bytes).
    Removing gd32f1x0_rcu.o(.text.rcu_apb2_clock_config), (20 bytes).
    Removing gd32f1x0_rcu.o(.ARM.exidx.text.rcu_apb2_clock_config), (8 bytes).
    Removing gd32f1x0_rcu.o(.text.rcu_adc_clock_config), (88 bytes).
    Removing gd32f1x0_rcu.o(.ARM.exidx.text.rcu_adc_clock_config), (8 bytes).
    Removing gd32f1x0_rcu.o(.text.rcu_usbd_clock_config), (24 bytes).
    Removing gd32f1x0_rcu.o(.ARM.exidx.text.rcu_usbd_clock_config), (8 bytes).
    Removing gd32f1x0_rcu.o(.text.rcu_ckout_config), (22 bytes).
    Removing gd32f1x0_rcu.o(.ARM.exidx.text.rcu_ckout_config), (8 bytes).
    Removing gd32f1x0_rcu.o(.text.rcu_pll_config), (36 bytes).
    Removing gd32f1x0_rcu.o(.ARM.exidx.text.rcu_pll_config), (8 bytes).
    Removing gd32f1x0_rcu.o(.text.rcu_usart_clock_config), (24 bytes).
    Removing gd32f1x0_rcu.o(.ARM.exidx.text.rcu_usart_clock_config), (8 bytes).
    Removing gd32f1x0_rcu.o(.text.rcu_cec_clock_config), (24 bytes).
    Removing gd32f1x0_rcu.o(.ARM.exidx.text.rcu_cec_clock_config), (8 bytes).
    Removing gd32f1x0_rcu.o(.text.rcu_rtc_clock_config), (24 bytes).
    Removing gd32f1x0_rcu.o(.ARM.exidx.text.rcu_rtc_clock_config), (8 bytes).
    Removing gd32f1x0_rcu.o(.text.rcu_hxtal_prediv_config), (20 bytes).
    Removing gd32f1x0_rcu.o(.ARM.exidx.text.rcu_hxtal_prediv_config), (8 bytes).
    Removing gd32f1x0_rcu.o(.text.rcu_lxtal_drive_capability_config), (24 bytes).
    Removing gd32f1x0_rcu.o(.ARM.exidx.text.rcu_lxtal_drive_capability_config), (8 bytes).
    Removing gd32f1x0_rcu.o(.text.rcu_flag_get), (26 bytes).
    Removing gd32f1x0_rcu.o(.ARM.exidx.text.rcu_flag_get), (8 bytes).
    Removing gd32f1x0_rcu.o(.text.rcu_all_reset_flag_clear), (18 bytes).
    Removing gd32f1x0_rcu.o(.ARM.exidx.text.rcu_all_reset_flag_clear), (8 bytes).
    Removing gd32f1x0_rcu.o(.text.rcu_interrupt_flag_get), (18 bytes).
    Removing gd32f1x0_rcu.o(.ARM.exidx.text.rcu_interrupt_flag_get), (8 bytes).
    Removing gd32f1x0_rcu.o(.text.rcu_interrupt_flag_clear), (16 bytes).
    Removing gd32f1x0_rcu.o(.ARM.exidx.text.rcu_interrupt_flag_clear), (8 bytes).
    Removing gd32f1x0_rcu.o(.text.rcu_interrupt_enable), (16 bytes).
    Removing gd32f1x0_rcu.o(.ARM.exidx.text.rcu_interrupt_enable), (8 bytes).
    Removing gd32f1x0_rcu.o(.text.rcu_interrupt_disable), (18 bytes).
    Removing gd32f1x0_rcu.o(.ARM.exidx.text.rcu_interrupt_disable), (8 bytes).
    Removing gd32f1x0_rcu.o(.text.rcu_osci_stab_wait), (254 bytes).
    Removing gd32f1x0_rcu.o(.ARM.exidx.text.rcu_osci_stab_wait), (8 bytes).
    Removing gd32f1x0_rcu.o(.text.rcu_osci_on), (30 bytes).
    Removing gd32f1x0_rcu.o(.ARM.exidx.text.rcu_osci_on), (8 bytes).
    Removing gd32f1x0_rcu.o(.text.rcu_osci_off), (32 bytes).
    Removing gd32f1x0_rcu.o(.ARM.exidx.text.rcu_osci_off), (8 bytes).
    Removing gd32f1x0_rcu.o(.text.rcu_osci_bypass_mode_enable), (64 bytes).
    Removing gd32f1x0_rcu.o(.ARM.exidx.text.rcu_osci_bypass_mode_enable), (8 bytes).
    Removing gd32f1x0_rcu.o(.text.rcu_osci_bypass_mode_disable), (64 bytes).
    Removing gd32f1x0_rcu.o(.ARM.exidx.text.rcu_osci_bypass_mode_disable), (8 bytes).
    Removing gd32f1x0_rcu.o(.text.rcu_hxtal_clock_monitor_enable), (18 bytes).
    Removing gd32f1x0_rcu.o(.ARM.exidx.text.rcu_hxtal_clock_monitor_enable), (8 bytes).
    Removing gd32f1x0_rcu.o(.text.rcu_hxtal_clock_monitor_disable), (18 bytes).
    Removing gd32f1x0_rcu.o(.ARM.exidx.text.rcu_hxtal_clock_monitor_disable), (8 bytes).
    Removing gd32f1x0_rcu.o(.text.rcu_irc8m_adjust_value_set), (22 bytes).
    Removing gd32f1x0_rcu.o(.ARM.exidx.text.rcu_irc8m_adjust_value_set), (8 bytes).
    Removing gd32f1x0_rcu.o(.text.rcu_irc14m_adjust_value_set), (22 bytes).
    Removing gd32f1x0_rcu.o(.ARM.exidx.text.rcu_irc14m_adjust_value_set), (8 bytes).
    Removing gd32f1x0_rcu.o(.text.rcu_voltage_key_unlock), (30 bytes).
    Removing gd32f1x0_rcu.o(.ARM.exidx.text.rcu_voltage_key_unlock), (8 bytes).
    Removing gd32f1x0_rcu.o(.text.rcu_deepsleep_voltage_set), (24 bytes).
    Removing gd32f1x0_rcu.o(.ARM.exidx.text.rcu_deepsleep_voltage_set), (8 bytes).
    Removing gd32f1x0_rcu.o(.text.rcu_power_down_voltage_set), (24 bytes).
    Removing gd32f1x0_rcu.o(.ARM.exidx.text.rcu_power_down_voltage_set), (8 bytes).
    Removing gd32f1x0_rcu.o(.ARM.exidx.text.rcu_clock_freq_get), (8 bytes).
    Removing gd32f1x0_rtc.o(.text), (0 bytes).
    Removing gd32f1x0_rtc.o(.text.rtc_deinit), (84 bytes).
    Removing gd32f1x0_rtc.o(.ARM.exidx.text.rtc_deinit), (8 bytes).
    Removing gd32f1x0_rtc.o(.text.rtc_init_mode_enter), (60 bytes).
    Removing gd32f1x0_rtc.o(.ARM.exidx.text.rtc_init_mode_enter), (8 bytes).
    Removing gd32f1x0_rtc.o(.text.rtc_register_sync_wait), (82 bytes).
    Removing gd32f1x0_rtc.o(.ARM.exidx.text.rtc_register_sync_wait), (8 bytes).
    Removing gd32f1x0_rtc.o(.text.rtc_init), (162 bytes).
    Removing gd32f1x0_rtc.o(.ARM.exidx.text.rtc_init), (8 bytes).
    Removing gd32f1x0_rtc.o(.text.rtc_init_mode_exit), (18 bytes).
    Removing gd32f1x0_rtc.o(.ARM.exidx.text.rtc_init_mode_exit), (8 bytes).
    Removing gd32f1x0_rtc.o(.text.rtc_current_time_get), (92 bytes).
    Removing gd32f1x0_rtc.o(.ARM.exidx.text.rtc_current_time_get), (8 bytes).
    Removing gd32f1x0_rtc.o(.text.rtc_subsecond_get), (14 bytes).
    Removing gd32f1x0_rtc.o(.ARM.exidx.text.rtc_subsecond_get), (8 bytes).
    Removing gd32f1x0_rtc.o(.text.rtc_alarm_config), (74 bytes).
    Removing gd32f1x0_rtc.o(.ARM.exidx.text.rtc_alarm_config), (8 bytes).
    Removing gd32f1x0_rtc.o(.text.rtc_alarm_subsecond_config), (26 bytes).
    Removing gd32f1x0_rtc.o(.ARM.exidx.text.rtc_alarm_subsecond_config), (8 bytes).
    Removing gd32f1x0_rtc.o(.text.rtc_alarm_enable), (34 bytes).
    Removing gd32f1x0_rtc.o(.ARM.exidx.text.rtc_alarm_enable), (8 bytes).
    Removing gd32f1x0_rtc.o(.text.rtc_alarm_disable), (66 bytes).
    Removing gd32f1x0_rtc.o(.ARM.exidx.text.rtc_alarm_disable), (8 bytes).
    Removing gd32f1x0_rtc.o(.text.rtc_alarm_get), (54 bytes).
    Removing gd32f1x0_rtc.o(.ARM.exidx.text.rtc_alarm_get), (8 bytes).
    Removing gd32f1x0_rtc.o(.text.rtc_alarm_subsecond_get), (16 bytes).
    Removing gd32f1x0_rtc.o(.ARM.exidx.text.rtc_alarm_subsecond_get), (8 bytes).
    Removing gd32f1x0_rtc.o(.text.rtc_timestamp_enable), (40 bytes).
    Removing gd32f1x0_rtc.o(.ARM.exidx.text.rtc_timestamp_enable), (8 bytes).
    Removing gd32f1x0_rtc.o(.text.rtc_timestamp_disable), (34 bytes).
    Removing gd32f1x0_rtc.o(.ARM.exidx.text.rtc_timestamp_disable), (8 bytes).
    Removing gd32f1x0_rtc.o(.text.rtc_timestamp_get), (56 bytes).
    Removing gd32f1x0_rtc.o(.ARM.exidx.text.rtc_timestamp_get), (8 bytes).
    Removing gd32f1x0_rtc.o(.text.rtc_timestamp_subsecond_get), (12 bytes).
    Removing gd32f1x0_rtc.o(.ARM.exidx.text.rtc_timestamp_subsecond_get), (8 bytes).
    Removing gd32f1x0_rtc.o(.text.rtc_tamper_enable), (126 bytes).
    Removing gd32f1x0_rtc.o(.ARM.exidx.text.rtc_tamper_enable), (8 bytes).
    Removing gd32f1x0_rtc.o(.text.rtc_tamper_disable), (18 bytes).
    Removing gd32f1x0_rtc.o(.ARM.exidx.text.rtc_tamper_disable), (8 bytes).
    Removing gd32f1x0_rtc.o(.text.rtc_interrupt_enable), (46 bytes).
    Removing gd32f1x0_rtc.o(.ARM.exidx.text.rtc_interrupt_enable), (8 bytes).
    Removing gd32f1x0_rtc.o(.text.rtc_interrupt_disable), (52 bytes).
    Removing gd32f1x0_rtc.o(.ARM.exidx.text.rtc_interrupt_disable), (8 bytes).
    Removing gd32f1x0_rtc.o(.text.rtc_flag_get), (18 bytes).
    Removing gd32f1x0_rtc.o(.ARM.exidx.text.rtc_flag_get), (8 bytes).
    Removing gd32f1x0_rtc.o(.text.rtc_flag_clear), (18 bytes).
    Removing gd32f1x0_rtc.o(.ARM.exidx.text.rtc_flag_clear), (8 bytes).
    Removing gd32f1x0_rtc.o(.text.rtc_alter_output_config), (54 bytes).
    Removing gd32f1x0_rtc.o(.ARM.exidx.text.rtc_alter_output_config), (8 bytes).
    Removing gd32f1x0_rtc.o(.text.rtc_hour_adjust), (32 bytes).
    Removing gd32f1x0_rtc.o(.ARM.exidx.text.rtc_hour_adjust), (8 bytes).
    Removing gd32f1x0_rtc.o(.text.rtc_bypass_shadow_enable), (34 bytes).
    Removing gd32f1x0_rtc.o(.ARM.exidx.text.rtc_bypass_shadow_enable), (8 bytes).
    Removing gd32f1x0_rtc.o(.text.rtc_bypass_shadow_disable), (34 bytes).
    Removing gd32f1x0_rtc.o(.ARM.exidx.text.rtc_bypass_shadow_disable), (8 bytes).
    Removing gd32f1x0_rtc.o(.text.rtc_refclock_detection_enable), (50 bytes).
    Removing gd32f1x0_rtc.o(.ARM.exidx.text.rtc_refclock_detection_enable), (8 bytes).
    Removing gd32f1x0_rtc.o(.text.rtc_refclock_detection_disable), (50 bytes).
    Removing gd32f1x0_rtc.o(.ARM.exidx.text.rtc_refclock_detection_disable), (8 bytes).
    Removing gd32f1x0_rtc.o(.text.rtc_second_ajust), (80 bytes).
    Removing gd32f1x0_rtc.o(.ARM.exidx.text.rtc_second_ajust), (8 bytes).
    Removing gd32f1x0_rtc.o(.text.rtc_calibration_config), (84 bytes).
    Removing gd32f1x0_rtc.o(.ARM.exidx.text.rtc_calibration_config), (8 bytes).
    Removing gd32f1x0_slcd.o(.text), (0 bytes).
    Removing gd32f1x0_spi.o(.text), (0 bytes).
    Removing gd32f1x0_spi.o(.text.spi_i2s_deinit), (70 bytes).
    Removing gd32f1x0_spi.o(.ARM.exidx.text.spi_i2s_deinit), (8 bytes).
    Removing gd32f1x0_spi.o(.text.spi_init), (52 bytes).
    Removing gd32f1x0_spi.o(.ARM.exidx.text.spi_init), (8 bytes).
    Removing gd32f1x0_spi.o(.text.spi_enable), (10 bytes).
    Removing gd32f1x0_spi.o(.ARM.exidx.text.spi_enable), (8 bytes).
    Removing gd32f1x0_spi.o(.text.spi_disable), (10 bytes).
    Removing gd32f1x0_spi.o(.ARM.exidx.text.spi_disable), (8 bytes).
    Removing gd32f1x0_spi.o(.text.i2s_psc_config), (110 bytes).
    Removing gd32f1x0_spi.o(.ARM.exidx.text.i2s_psc_config), (8 bytes).
    Removing gd32f1x0_spi.o(.text.i2s_init), (30 bytes).
    Removing gd32f1x0_spi.o(.ARM.exidx.text.i2s_init), (8 bytes).
    Removing gd32f1x0_spi.o(.text.i2s_enable), (10 bytes).
    Removing gd32f1x0_spi.o(.ARM.exidx.text.i2s_enable), (8 bytes).
    Removing gd32f1x0_spi.o(.text.i2s_disable), (10 bytes).
    Removing gd32f1x0_spi.o(.ARM.exidx.text.i2s_disable), (8 bytes).
    Removing gd32f1x0_spi.o(.text.spi_nss_output_enable), (10 bytes).
    Removing gd32f1x0_spi.o(.ARM.exidx.text.spi_nss_output_enable), (8 bytes).
    Removing gd32f1x0_spi.o(.text.spi_nss_output_disable), (10 bytes).
    Removing gd32f1x0_spi.o(.ARM.exidx.text.spi_nss_output_disable), (8 bytes).
    Removing gd32f1x0_spi.o(.text.spi_nss_internal_high), (10 bytes).
    Removing gd32f1x0_spi.o(.ARM.exidx.text.spi_nss_internal_high), (8 bytes).
    Removing gd32f1x0_spi.o(.text.spi_nss_internal_low), (10 bytes).
    Removing gd32f1x0_spi.o(.ARM.exidx.text.spi_nss_internal_low), (8 bytes).
    Removing gd32f1x0_spi.o(.text.spi_dma_enable), (18 bytes).
    Removing gd32f1x0_spi.o(.ARM.exidx.text.spi_dma_enable), (8 bytes).
    Removing gd32f1x0_spi.o(.text.spi_dma_disable), (22 bytes).
    Removing gd32f1x0_spi.o(.ARM.exidx.text.spi_dma_disable), (8 bytes).
    Removing gd32f1x0_spi.o(.text.spi_i2s_data_frame_format_config), (16 bytes).
    Removing gd32f1x0_spi.o(.ARM.exidx.text.spi_i2s_data_frame_format_config), (8 bytes).
    Removing gd32f1x0_spi.o(.text.spi_i2s_data_transmit), (4 bytes).
    Removing gd32f1x0_spi.o(.ARM.exidx.text.spi_i2s_data_transmit), (8 bytes).
    Removing gd32f1x0_spi.o(.text.spi_i2s_data_receive), (6 bytes).
    Removing gd32f1x0_spi.o(.ARM.exidx.text.spi_i2s_data_receive), (8 bytes).
    Removing gd32f1x0_spi.o(.text.spi_bidirectional_transfer_config), (20 bytes).
    Removing gd32f1x0_spi.o(.ARM.exidx.text.spi_bidirectional_transfer_config), (8 bytes).
    Removing gd32f1x0_spi.o(.text.spi_i2s_interrupt_enable), (36 bytes).
    Removing gd32f1x0_spi.o(.ARM.exidx.text.spi_i2s_interrupt_enable), (8 bytes).
    Removing gd32f1x0_spi.o(.text.spi_i2s_interrupt_disable), (36 bytes).
    Removing gd32f1x0_spi.o(.ARM.exidx.text.spi_i2s_interrupt_disable), (8 bytes).
    Removing gd32f1x0_spi.o(.text.spi_i2s_interrupt_flag_get), (92 bytes).
    Removing gd32f1x0_spi.o(.ARM.exidx.text.spi_i2s_interrupt_flag_get), (8 bytes).
    Removing gd32f1x0_spi.o(.text.spi_i2s_flag_get), (10 bytes).
    Removing gd32f1x0_spi.o(.ARM.exidx.text.spi_i2s_flag_get), (8 bytes).
    Removing gd32f1x0_spi.o(.text.spi_crc_error_clear), (10 bytes).
    Removing gd32f1x0_spi.o(.ARM.exidx.text.spi_crc_error_clear), (8 bytes).
    Removing gd32f1x0_spi.o(.text.spi_crc_on), (10 bytes).
    Removing gd32f1x0_spi.o(.ARM.exidx.text.spi_crc_on), (8 bytes).
    Removing gd32f1x0_spi.o(.text.spi_crc_off), (10 bytes).
    Removing gd32f1x0_spi.o(.ARM.exidx.text.spi_crc_off), (8 bytes).
    Removing gd32f1x0_spi.o(.text.spi_crc_polynomial_set), (4 bytes).
    Removing gd32f1x0_spi.o(.ARM.exidx.text.spi_crc_polynomial_set), (8 bytes).
    Removing gd32f1x0_spi.o(.text.spi_crc_polynomial_get), (6 bytes).
    Removing gd32f1x0_spi.o(.ARM.exidx.text.spi_crc_polynomial_get), (8 bytes).
    Removing gd32f1x0_spi.o(.text.spi_crc_next), (10 bytes).
    Removing gd32f1x0_spi.o(.ARM.exidx.text.spi_crc_next), (8 bytes).
    Removing gd32f1x0_spi.o(.text.spi_crc_get), (14 bytes).
    Removing gd32f1x0_spi.o(.ARM.exidx.text.spi_crc_get), (8 bytes).
    Removing gd32f1x0_syscfg.o(.text), (0 bytes).
    Removing gd32f1x0_syscfg.o(.text.syscfg_deinit), (20 bytes).
    Removing gd32f1x0_syscfg.o(.ARM.exidx.text.syscfg_deinit), (8 bytes).
    Removing gd32f1x0_syscfg.o(.text.syscfg_dma_remap_enable), (14 bytes).
    Removing gd32f1x0_syscfg.o(.ARM.exidx.text.syscfg_dma_remap_enable), (8 bytes).
    Removing gd32f1x0_syscfg.o(.text.syscfg_dma_remap_disable), (16 bytes).
    Removing gd32f1x0_syscfg.o(.ARM.exidx.text.syscfg_dma_remap_disable), (8 bytes).
    Removing gd32f1x0_syscfg.o(.text.syscfg_high_current_enable), (16 bytes).
    Removing gd32f1x0_syscfg.o(.ARM.exidx.text.syscfg_high_current_enable), (8 bytes).
    Removing gd32f1x0_syscfg.o(.text.syscfg_high_current_disable), (16 bytes).
    Removing gd32f1x0_syscfg.o(.ARM.exidx.text.syscfg_high_current_disable), (8 bytes).
    Removing gd32f1x0_syscfg.o(.text.syscfg_exti_line_config), (124 bytes).
    Removing gd32f1x0_syscfg.o(.ARM.exidx.text.syscfg_exti_line_config), (8 bytes).
    Removing gd32f1x0_syscfg.o(.text.syscfg_lock_config), (14 bytes).
    Removing gd32f1x0_syscfg.o(.ARM.exidx.text.syscfg_lock_config), (8 bytes).
    Removing gd32f1x0_syscfg.o(.text.syscfg_flag_get), (16 bytes).
    Removing gd32f1x0_syscfg.o(.ARM.exidx.text.syscfg_flag_get), (8 bytes).
    Removing gd32f1x0_syscfg.o(.text.syscfg_flag_clear), (14 bytes).
    Removing gd32f1x0_syscfg.o(.ARM.exidx.text.syscfg_flag_clear), (8 bytes).
    Removing gd32f1x0_timer.o(.text), (0 bytes).
    Removing gd32f1x0_timer.o(.text.timer_deinit), (190 bytes).
    Removing gd32f1x0_timer.o(.ARM.exidx.text.timer_deinit), (8 bytes).
    Removing gd32f1x0_timer.o(.text.timer_init), (136 bytes).
    Removing gd32f1x0_timer.o(.ARM.exidx.text.timer_init), (8 bytes).
    Removing gd32f1x0_timer.o(.text.timer_enable), (10 bytes).
    Removing gd32f1x0_timer.o(.ARM.exidx.text.timer_enable), (8 bytes).
    Removing gd32f1x0_timer.o(.text.timer_disable), (10 bytes).
    Removing gd32f1x0_timer.o(.ARM.exidx.text.timer_disable), (8 bytes).
    Removing gd32f1x0_timer.o(.text.timer_auto_reload_shadow_enable), (10 bytes).
    Removing gd32f1x0_timer.o(.ARM.exidx.text.timer_auto_reload_shadow_enable), (8 bytes).
    Removing gd32f1x0_timer.o(.text.timer_auto_reload_shadow_disable), (10 bytes).
    Removing gd32f1x0_timer.o(.ARM.exidx.text.timer_auto_reload_shadow_disable), (8 bytes).
    Removing gd32f1x0_timer.o(.text.timer_update_event_enable), (10 bytes).
    Removing gd32f1x0_timer.o(.ARM.exidx.text.timer_update_event_enable), (8 bytes).
    Removing gd32f1x0_timer.o(.text.timer_update_event_disable), (10 bytes).
    Removing gd32f1x0_timer.o(.ARM.exidx.text.timer_update_event_disable), (8 bytes).
    Removing gd32f1x0_timer.o(.text.timer_counter_alignment), (16 bytes).
    Removing gd32f1x0_timer.o(.ARM.exidx.text.timer_counter_alignment), (8 bytes).
    Removing gd32f1x0_timer.o(.text.timer_counter_up_direction), (14 bytes).
    Removing gd32f1x0_timer.o(.ARM.exidx.text.timer_counter_up_direction), (8 bytes).
    Removing gd32f1x0_timer.o(.text.timer_counter_down_direction), (18 bytes).
    Removing gd32f1x0_timer.o(.ARM.exidx.text.timer_counter_down_direction), (8 bytes).
    Removing gd32f1x0_timer.o(.text.timer_prescaler_config), (18 bytes).
    Removing gd32f1x0_timer.o(.ARM.exidx.text.timer_prescaler_config), (8 bytes).
    Removing gd32f1x0_timer.o(.text.timer_repetition_value_config), (4 bytes).
    Removing gd32f1x0_timer.o(.ARM.exidx.text.timer_repetition_value_config), (8 bytes).
    Removing gd32f1x0_timer.o(.text.timer_autoreload_value_config), (4 bytes).
    Removing gd32f1x0_timer.o(.ARM.exidx.text.timer_autoreload_value_config), (8 bytes).
    Removing gd32f1x0_timer.o(.text.timer_counter_value_config), (4 bytes).
    Removing gd32f1x0_timer.o(.ARM.exidx.text.timer_counter_value_config), (8 bytes).
    Removing gd32f1x0_timer.o(.text.timer_counter_read), (4 bytes).
    Removing gd32f1x0_timer.o(.ARM.exidx.text.timer_counter_read), (8 bytes).
    Removing gd32f1x0_timer.o(.text.timer_prescaler_read), (6 bytes).
    Removing gd32f1x0_timer.o(.ARM.exidx.text.timer_prescaler_read), (8 bytes).
    Removing gd32f1x0_timer.o(.text.timer_single_pulse_mode_config), (30 bytes).
    Removing gd32f1x0_timer.o(.ARM.exidx.text.timer_single_pulse_mode_config), (8 bytes).
    Removing gd32f1x0_timer.o(.text.timer_update_source_config), (30 bytes).
    Removing gd32f1x0_timer.o(.ARM.exidx.text.timer_update_source_config), (8 bytes).
    Removing gd32f1x0_timer.o(.text.timer_interrupt_enable), (8 bytes).
    Removing gd32f1x0_timer.o(.ARM.exidx.text.timer_interrupt_enable), (8 bytes).
    Removing gd32f1x0_timer.o(.text.timer_interrupt_disable), (10 bytes).
    Removing gd32f1x0_timer.o(.ARM.exidx.text.timer_interrupt_disable), (8 bytes).
    Removing gd32f1x0_timer.o(.text.timer_interrupt_flag_get), (26 bytes).
    Removing gd32f1x0_timer.o(.ARM.exidx.text.timer_interrupt_flag_get), (8 bytes).
    Removing gd32f1x0_timer.o(.text.timer_interrupt_flag_clear), (10 bytes).
    Removing gd32f1x0_timer.o(.ARM.exidx.text.timer_interrupt_flag_clear), (8 bytes).
    Removing gd32f1x0_timer.o(.text.timer_flag_get), (14 bytes).
    Removing gd32f1x0_timer.o(.ARM.exidx.text.timer_flag_get), (8 bytes).
    Removing gd32f1x0_timer.o(.text.timer_flag_clear), (10 bytes).
    Removing gd32f1x0_timer.o(.ARM.exidx.text.timer_flag_clear), (8 bytes).
    Removing gd32f1x0_timer.o(.text.timer_dma_enable), (8 bytes).
    Removing gd32f1x0_timer.o(.ARM.exidx.text.timer_dma_enable), (8 bytes).
    Removing gd32f1x0_timer.o(.text.timer_dma_disable), (10 bytes).
    Removing gd32f1x0_timer.o(.ARM.exidx.text.timer_dma_disable), (8 bytes).
    Removing gd32f1x0_timer.o(.text.timer_channel_dma_request_source_select), (30 bytes).
    Removing gd32f1x0_timer.o(.ARM.exidx.text.timer_channel_dma_request_source_select), (8 bytes).
    Removing gd32f1x0_timer.o(.text.timer_dma_transfer_config), (24 bytes).
    Removing gd32f1x0_timer.o(.ARM.exidx.text.timer_dma_transfer_config), (8 bytes).
    Removing gd32f1x0_timer.o(.text.timer_event_software_generate), (8 bytes).
    Removing gd32f1x0_timer.o(.ARM.exidx.text.timer_event_software_generate), (8 bytes).
    Removing gd32f1x0_timer.o(.text.timer_break_config), (38 bytes).
    Removing gd32f1x0_timer.o(.ARM.exidx.text.timer_break_config), (8 bytes).
    Removing gd32f1x0_timer.o(.text.timer_break_enable), (10 bytes).
    Removing gd32f1x0_timer.o(.ARM.exidx.text.timer_break_enable), (8 bytes).
    Removing gd32f1x0_timer.o(.text.timer_break_disable), (8 bytes).
    Removing gd32f1x0_timer.o(.ARM.exidx.text.timer_break_disable), (8 bytes).
    Removing gd32f1x0_timer.o(.text.timer_automatic_output_enable), (10 bytes).
    Removing gd32f1x0_timer.o(.ARM.exidx.text.timer_automatic_output_enable), (8 bytes).
    Removing gd32f1x0_timer.o(.text.timer_automatic_output_disable), (8 bytes).
    Removing gd32f1x0_timer.o(.ARM.exidx.text.timer_automatic_output_disable), (8 bytes).
    Removing gd32f1x0_timer.o(.text.timer_primary_output_config), (18 bytes).
    Removing gd32f1x0_timer.o(.ARM.exidx.text.timer_primary_output_config), (8 bytes).
    Removing gd32f1x0_timer.o(.text.timer_channel_control_shadow_config), (16 bytes).
    Removing gd32f1x0_timer.o(.ARM.exidx.text.timer_channel_control_shadow_config), (8 bytes).
    Removing gd32f1x0_timer.o(.text.timer_channel_control_shadow_update_config), (30 bytes).
    Removing gd32f1x0_timer.o(.ARM.exidx.text.timer_channel_control_shadow_update_config), (8 bytes).
    Removing gd32f1x0_timer.o(.text.timer_channel_output_config), (510 bytes).
    Removing gd32f1x0_timer.o(.ARM.exidx.text.timer_channel_output_config), (8 bytes).
    Removing gd32f1x0_timer.o(.text.timer_channel_output_mode_config), (58 bytes).
    Removing gd32f1x0_timer.o(.ARM.exidx.text.timer_channel_output_mode_config), (8 bytes).
    Removing gd32f1x0_timer.o(.text.timer_channel_output_pulse_value_config), (12 bytes).
    Removing gd32f1x0_timer.o(.ARM.exidx.text.timer_channel_output_pulse_value_config), (8 bytes).
    Removing gd32f1x0_timer.o(.text.timer_channel_output_shadow_config), (58 bytes).
    Removing gd32f1x0_timer.o(.ARM.exidx.text.timer_channel_output_shadow_config), (8 bytes).
    Removing gd32f1x0_timer.o(.text.timer_channel_output_fast_config), (58 bytes).
    Removing gd32f1x0_timer.o(.ARM.exidx.text.timer_channel_output_fast_config), (8 bytes).
    Removing gd32f1x0_timer.o(.text.timer_channel_output_clear_config), (58 bytes).
    Removing gd32f1x0_timer.o(.ARM.exidx.text.timer_channel_output_clear_config), (8 bytes).
    Removing gd32f1x0_timer.o(.text.timer_channel_output_polarity_config), (74 bytes).
    Removing gd32f1x0_timer.o(.ARM.exidx.text.timer_channel_output_polarity_config), (8 bytes).
    Removing gd32f1x0_timer.o(.text.timer_channel_complementary_output_polarity_config), (60 bytes).
    Removing gd32f1x0_timer.o(.ARM.exidx.text.timer_channel_complementary_output_polarity_config), (8 bytes).
    Removing gd32f1x0_timer.o(.text.timer_ocpre_clear_source_config), (28 bytes).
    Removing gd32f1x0_timer.o(.ARM.exidx.text.timer_ocpre_clear_source_config), (8 bytes).
    Removing gd32f1x0_timer.o(.text.timer_channel_output_state_config), (74 bytes).
    Removing gd32f1x0_timer.o(.ARM.exidx.text.timer_channel_output_state_config), (8 bytes).
    Removing gd32f1x0_timer.o(.text.timer_channel_complementary_output_state_config), (60 bytes).
    Removing gd32f1x0_timer.o(.ARM.exidx.text.timer_channel_complementary_output_state_config), (8 bytes).
    Removing gd32f1x0_timer.o(.text.timer_input_capture_config), (298 bytes).
    Removing gd32f1x0_timer.o(.ARM.exidx.text.timer_input_capture_config), (8 bytes).
    Removing gd32f1x0_timer.o(.text.timer_channel_input_capture_prescaler_config), (58 bytes).
    Removing gd32f1x0_timer.o(.ARM.exidx.text.timer_channel_input_capture_prescaler_config), (8 bytes).
    Removing gd32f1x0_timer.o(.text.timer_channel_capture_value_register_read), (14 bytes).
    Removing gd32f1x0_timer.o(.ARM.exidx.text.timer_channel_capture_value_register_read), (8 bytes).
    Removing gd32f1x0_timer.o(.text.timer_input_pwm_capture_config), (318 bytes).
    Removing gd32f1x0_timer.o(.ARM.exidx.text.timer_input_pwm_capture_config), (8 bytes).
    Removing gd32f1x0_timer.o(.text.timer_hall_mode_config), (30 bytes).
    Removing gd32f1x0_timer.o(.ARM.exidx.text.timer_hall_mode_config), (8 bytes).
    Removing gd32f1x0_timer.o(.text.timer_input_trigger_source_select), (16 bytes).
    Removing gd32f1x0_timer.o(.ARM.exidx.text.timer_input_trigger_source_select), (8 bytes).
    Removing gd32f1x0_timer.o(.text.timer_master_output_trigger_source_select), (16 bytes).
    Removing gd32f1x0_timer.o(.ARM.exidx.text.timer_master_output_trigger_source_select), (8 bytes).
    Removing gd32f1x0_timer.o(.text.timer_slave_mode_select), (16 bytes).
    Removing gd32f1x0_timer.o(.ARM.exidx.text.timer_slave_mode_select), (8 bytes).
    Removing gd32f1x0_timer.o(.text.timer_master_slave_mode_config), (30 bytes).
    Removing gd32f1x0_timer.o(.ARM.exidx.text.timer_master_slave_mode_config), (8 bytes).
    Removing gd32f1x0_timer.o(.text.timer_external_trigger_config), (34 bytes).
    Removing gd32f1x0_timer.o(.ARM.exidx.text.timer_external_trigger_config), (8 bytes).
    Removing gd32f1x0_timer.o(.text.timer_quadrature_decoder_mode_config), (78 bytes).
    Removing gd32f1x0_timer.o(.ARM.exidx.text.timer_quadrature_decoder_mode_config), (8 bytes).
    Removing gd32f1x0_timer.o(.text.timer_internal_clock_config), (8 bytes).
    Removing gd32f1x0_timer.o(.ARM.exidx.text.timer_internal_clock_config), (8 bytes).
    Removing gd32f1x0_timer.o(.text.timer_internal_trigger_as_external_clock_config), (26 bytes).
    Removing gd32f1x0_timer.o(.ARM.exidx.text.timer_internal_trigger_as_external_clock_config), (8 bytes).
    Removing gd32f1x0_timer.o(.text.timer_external_trigger_as_external_clock_config), (144 bytes).
    Removing gd32f1x0_timer.o(.ARM.exidx.text.timer_external_trigger_as_external_clock_config), (8 bytes).
    Removing gd32f1x0_timer.o(.text.timer_external_clock_mode0_config), (42 bytes).
    Removing gd32f1x0_timer.o(.ARM.exidx.text.timer_external_clock_mode0_config), (8 bytes).
    Removing gd32f1x0_timer.o(.text.timer_external_clock_mode1_config), (18 bytes).
    Removing gd32f1x0_timer.o(.ARM.exidx.text.timer_external_clock_mode1_config), (8 bytes).
    Removing gd32f1x0_timer.o(.text.timer_external_clock_mode1_disable), (10 bytes).
    Removing gd32f1x0_timer.o(.ARM.exidx.text.timer_external_clock_mode1_disable), (8 bytes).
    Removing gd32f1x0_timer.o(.text.timer_channel_remap_config), (8 bytes).
    Removing gd32f1x0_timer.o(.ARM.exidx.text.timer_channel_remap_config), (8 bytes).
    Removing gd32f1x0_tsi.o(.text), (0 bytes).
    Removing gd32f1x0_tsi.o(.text.tsi_deinit), (20 bytes).
    Removing gd32f1x0_tsi.o(.ARM.exidx.text.tsi_deinit), (8 bytes).
    Removing gd32f1x0_tsi.o(.text.tsi_init), (52 bytes).
    Removing gd32f1x0_tsi.o(.ARM.exidx.text.tsi_init), (8 bytes).
    Removing gd32f1x0_tsi.o(.text.tsi_sample_pin_enable), (26 bytes).
    Removing gd32f1x0_tsi.o(.ARM.exidx.text.tsi_sample_pin_enable), (8 bytes).
    Removing gd32f1x0_tsi.o(.text.tsi_sample_pin_disable), (28 bytes).
    Removing gd32f1x0_tsi.o(.ARM.exidx.text.tsi_sample_pin_disable), (8 bytes).
    Removing gd32f1x0_tsi.o(.text.tsi_channel_pin_enable), (16 bytes).
    Removing gd32f1x0_tsi.o(.ARM.exidx.text.tsi_channel_pin_enable), (8 bytes).
    Removing gd32f1x0_tsi.o(.text.tsi_channel_pin_disable), (18 bytes).
    Removing gd32f1x0_tsi.o(.ARM.exidx.text.tsi_channel_pin_disable), (8 bytes).
    Removing gd32f1x0_tsi.o(.text.tsi_plus_config), (48 bytes).
    Removing gd32f1x0_tsi.o(.ARM.exidx.text.tsi_plus_config), (8 bytes).
    Removing gd32f1x0_tsi.o(.text.tsi_sofeware_mode_config), (26 bytes).
    Removing gd32f1x0_tsi.o(.ARM.exidx.text.tsi_sofeware_mode_config), (8 bytes).
    Removing gd32f1x0_tsi.o(.text.tsi_hardware_mode_config), (40 bytes).
    Removing gd32f1x0_tsi.o(.ARM.exidx.text.tsi_hardware_mode_config), (8 bytes).
    Removing gd32f1x0_tsi.o(.text.tsi_pin_mode_config), (32 bytes).
    Removing gd32f1x0_tsi.o(.ARM.exidx.text.tsi_pin_mode_config), (8 bytes).
    Removing gd32f1x0_tsi.o(.text.tsi_max_number_config), (28 bytes).
    Removing gd32f1x0_tsi.o(.ARM.exidx.text.tsi_max_number_config), (8 bytes).
    Removing gd32f1x0_tsi.o(.text.tsi_software_start), (18 bytes).
    Removing gd32f1x0_tsi.o(.ARM.exidx.text.tsi_software_start), (8 bytes).
    Removing gd32f1x0_tsi.o(.text.tsi_software_stop), (18 bytes).
    Removing gd32f1x0_tsi.o(.ARM.exidx.text.tsi_software_stop), (8 bytes).
    Removing gd32f1x0_tsi.o(.text.tsi_enable), (18 bytes).
    Removing gd32f1x0_tsi.o(.ARM.exidx.text.tsi_enable), (8 bytes).
    Removing gd32f1x0_tsi.o(.text.tsi_disable), (18 bytes).
    Removing gd32f1x0_tsi.o(.ARM.exidx.text.tsi_disable), (8 bytes).
    Removing gd32f1x0_tsi.o(.text.tsi_extend_charge_config), (86 bytes).
    Removing gd32f1x0_tsi.o(.ARM.exidx.text.tsi_extend_charge_config), (8 bytes).
    Removing gd32f1x0_tsi.o(.text.tsi_interrupt_enable), (16 bytes).
    Removing gd32f1x0_tsi.o(.ARM.exidx.text.tsi_interrupt_enable), (8 bytes).
    Removing gd32f1x0_tsi.o(.text.tsi_interrupt_disable), (18 bytes).
    Removing gd32f1x0_tsi.o(.ARM.exidx.text.tsi_interrupt_disable), (8 bytes).
    Removing gd32f1x0_tsi.o(.text.tsi_interrupt_flag_clear), (16 bytes).
    Removing gd32f1x0_tsi.o(.ARM.exidx.text.tsi_interrupt_flag_clear), (8 bytes).
    Removing gd32f1x0_tsi.o(.text.tsi_interrupt_flag_get), (18 bytes).
    Removing gd32f1x0_tsi.o(.ARM.exidx.text.tsi_interrupt_flag_get), (8 bytes).
    Removing gd32f1x0_tsi.o(.text.tsi_hysteresis_on), (16 bytes).
    Removing gd32f1x0_tsi.o(.ARM.exidx.text.tsi_hysteresis_on), (8 bytes).
    Removing gd32f1x0_tsi.o(.text.tsi_hysteresis_off), (18 bytes).
    Removing gd32f1x0_tsi.o(.ARM.exidx.text.tsi_hysteresis_off), (8 bytes).
    Removing gd32f1x0_tsi.o(.text.tsi_analog_on), (16 bytes).
    Removing gd32f1x0_tsi.o(.ARM.exidx.text.tsi_analog_on), (8 bytes).
    Removing gd32f1x0_tsi.o(.text.tsi_analog_off), (18 bytes).
    Removing gd32f1x0_tsi.o(.ARM.exidx.text.tsi_analog_off), (8 bytes).
    Removing gd32f1x0_tsi.o(.text.tsi_group_enable), (16 bytes).
    Removing gd32f1x0_tsi.o(.ARM.exidx.text.tsi_group_enable), (8 bytes).
    Removing gd32f1x0_tsi.o(.text.tsi_group_disable), (18 bytes).
    Removing gd32f1x0_tsi.o(.ARM.exidx.text.tsi_group_disable), (8 bytes).
    Removing gd32f1x0_tsi.o(.text.tsi_group_status_get), (18 bytes).
    Removing gd32f1x0_tsi.o(.ARM.exidx.text.tsi_group_status_get), (8 bytes).
    Removing gd32f1x0_tsi.o(.text.tsi_group0_cycle_get), (14 bytes).
    Removing gd32f1x0_tsi.o(.ARM.exidx.text.tsi_group0_cycle_get), (8 bytes).
    Removing gd32f1x0_tsi.o(.text.tsi_group1_cycle_get), (14 bytes).
    Removing gd32f1x0_tsi.o(.ARM.exidx.text.tsi_group1_cycle_get), (8 bytes).
    Removing gd32f1x0_tsi.o(.text.tsi_group2_cycle_get), (14 bytes).
    Removing gd32f1x0_tsi.o(.ARM.exidx.text.tsi_group2_cycle_get), (8 bytes).
    Removing gd32f1x0_tsi.o(.text.tsi_group3_cycle_get), (14 bytes).
    Removing gd32f1x0_tsi.o(.ARM.exidx.text.tsi_group3_cycle_get), (8 bytes).
    Removing gd32f1x0_tsi.o(.text.tsi_group4_cycle_get), (14 bytes).
    Removing gd32f1x0_tsi.o(.ARM.exidx.text.tsi_group4_cycle_get), (8 bytes).
    Removing gd32f1x0_tsi.o(.text.tsi_group5_cycle_get), (14 bytes).
    Removing gd32f1x0_tsi.o(.ARM.exidx.text.tsi_group5_cycle_get), (8 bytes).
    Removing gd32f1x0_usart.o(.text), (0 bytes).
    Removing gd32f1x0_usart.o(.ARM.exidx.text.usart_deinit), (8 bytes).
    Removing gd32f1x0_usart.o(.ARM.exidx.text.usart_baudrate_set), (8 bytes).
    Removing gd32f1x0_usart.o(.text.usart_parity_config), (24 bytes).
    Removing gd32f1x0_usart.o(.ARM.exidx.text.usart_parity_config), (8 bytes).
    Removing gd32f1x0_usart.o(.text.usart_word_length_set), (24 bytes).
    Removing gd32f1x0_usart.o(.ARM.exidx.text.usart_word_length_set), (8 bytes).
    Removing gd32f1x0_usart.o(.text.usart_stop_bit_set), (24 bytes).
    Removing gd32f1x0_usart.o(.ARM.exidx.text.usart_stop_bit_set), (8 bytes).
    Removing gd32f1x0_usart.o(.ARM.exidx.text.usart_enable), (8 bytes).
    Removing gd32f1x0_usart.o(.text.usart_disable), (10 bytes).
    Removing gd32f1x0_usart.o(.ARM.exidx.text.usart_disable), (8 bytes).
    Removing gd32f1x0_usart.o(.ARM.exidx.text.usart_transmit_config), (8 bytes).
    Removing gd32f1x0_usart.o(.ARM.exidx.text.usart_receive_config), (8 bytes).
    Removing gd32f1x0_usart.o(.ARM.exidx.text.usart_data_transmit), (8 bytes).
    Removing gd32f1x0_usart.o(.text.usart_data_receive), (8 bytes).
    Removing gd32f1x0_usart.o(.ARM.exidx.text.usart_data_receive), (8 bytes).
    Removing gd32f1x0_usart.o(.text.usart_data_first_config), (28 bytes).
    Removing gd32f1x0_usart.o(.ARM.exidx.text.usart_data_first_config), (8 bytes).
    Removing gd32f1x0_usart.o(.text.usart_invert_config), (106 bytes).
    Removing gd32f1x0_usart.o(.ARM.exidx.text.usart_invert_config), (8 bytes).
    Removing gd32f1x0_usart.o(.text.usart_overrun_enable), (18 bytes).
    Removing gd32f1x0_usart.o(.ARM.exidx.text.usart_overrun_enable), (8 bytes).
    Removing gd32f1x0_usart.o(.text.usart_overrun_disable), (18 bytes).
    Removing gd32f1x0_usart.o(.ARM.exidx.text.usart_overrun_disable), (8 bytes).
    Removing gd32f1x0_usart.o(.text.usart_oversample_config), (24 bytes).
    Removing gd32f1x0_usart.o(.ARM.exidx.text.usart_oversample_config), (8 bytes).
    Removing gd32f1x0_usart.o(.text.usart_sample_bit_config), (24 bytes).
    Removing gd32f1x0_usart.o(.ARM.exidx.text.usart_sample_bit_config), (8 bytes).
    Removing gd32f1x0_usart.o(.text.usart_autobaud_detection_enable), (10 bytes).
    Removing gd32f1x0_usart.o(.ARM.exidx.text.usart_autobaud_detection_enable), (8 bytes).
    Removing gd32f1x0_usart.o(.text.usart_autobaud_detection_disable), (10 bytes).
    Removing gd32f1x0_usart.o(.ARM.exidx.text.usart_autobaud_detection_disable), (8 bytes).
    Removing gd32f1x0_usart.o(.text.usart_autobaud_detection_mode_config), (16 bytes).
    Removing gd32f1x0_usart.o(.ARM.exidx.text.usart_autobaud_detection_mode_config), (8 bytes).
    Removing gd32f1x0_usart.o(.text.usart_mute_mode_enable), (10 bytes).
    Removing gd32f1x0_usart.o(.ARM.exidx.text.usart_mute_mode_enable), (8 bytes).
    Removing gd32f1x0_usart.o(.text.usart_mute_mode_disable), (10 bytes).
    Removing gd32f1x0_usart.o(.ARM.exidx.text.usart_mute_mode_disable), (8 bytes).
    Removing gd32f1x0_usart.o(.text.usart_mute_mode_wakeup_config), (24 bytes).
    Removing gd32f1x0_usart.o(.ARM.exidx.text.usart_mute_mode_wakeup_config), (8 bytes).
    Removing gd32f1x0_usart.o(.text.usart_address_detection_mode_config), (28 bytes).
    Removing gd32f1x0_usart.o(.ARM.exidx.text.usart_address_detection_mode_config), (8 bytes).
    Removing gd32f1x0_usart.o(.text.usart_address_config), (26 bytes).
    Removing gd32f1x0_usart.o(.ARM.exidx.text.usart_address_config), (8 bytes).
    Removing gd32f1x0_usart.o(.text.usart_receiver_timeout_enable), (10 bytes).
    Removing gd32f1x0_usart.o(.ARM.exidx.text.usart_receiver_timeout_enable), (8 bytes).
    Removing gd32f1x0_usart.o(.text.usart_receiver_timeout_disable), (10 bytes).
    Removing gd32f1x0_usart.o(.ARM.exidx.text.usart_receiver_timeout_disable), (8 bytes).
    Removing gd32f1x0_usart.o(.text.usart_receiver_timeout_config), (16 bytes).
    Removing gd32f1x0_usart.o(.ARM.exidx.text.usart_receiver_timeout_config), (8 bytes).
    Removing gd32f1x0_usart.o(.text.usart_lin_mode_enable), (18 bytes).
    Removing gd32f1x0_usart.o(.ARM.exidx.text.usart_lin_mode_enable), (8 bytes).
    Removing gd32f1x0_usart.o(.text.usart_lin_mode_disable), (18 bytes).
    Removing gd32f1x0_usart.o(.ARM.exidx.text.usart_lin_mode_disable), (8 bytes).
    Removing gd32f1x0_usart.o(.text.usart_lin_break_dection_length_config), (20 bytes).
    Removing gd32f1x0_usart.o(.ARM.exidx.text.usart_lin_break_dection_length_config), (8 bytes).
    Removing gd32f1x0_usart.o(.text.usart_halfduplex_enable), (18 bytes).
    Removing gd32f1x0_usart.o(.ARM.exidx.text.usart_halfduplex_enable), (8 bytes).
    Removing gd32f1x0_usart.o(.text.usart_halfduplex_disable), (18 bytes).
    Removing gd32f1x0_usart.o(.ARM.exidx.text.usart_halfduplex_disable), (8 bytes).
    Removing gd32f1x0_usart.o(.text.usart_clock_enable), (18 bytes).
    Removing gd32f1x0_usart.o(.ARM.exidx.text.usart_clock_enable), (8 bytes).
    Removing gd32f1x0_usart.o(.text.usart_clock_disable), (18 bytes).
    Removing gd32f1x0_usart.o(.ARM.exidx.text.usart_clock_disable), (8 bytes).
    Removing gd32f1x0_usart.o(.text.usart_synchronous_clock_config), (60 bytes).
    Removing gd32f1x0_usart.o(.ARM.exidx.text.usart_synchronous_clock_config), (8 bytes).
    Removing gd32f1x0_usart.o(.text.usart_smartcard_mode_enable), (18 bytes).
    Removing gd32f1x0_usart.o(.ARM.exidx.text.usart_smartcard_mode_enable), (8 bytes).
    Removing gd32f1x0_usart.o(.text.usart_smartcard_mode_disable), (18 bytes).
    Removing gd32f1x0_usart.o(.ARM.exidx.text.usart_smartcard_mode_disable), (8 bytes).
    Removing gd32f1x0_usart.o(.text.usart_smartcard_mode_nack_enable), (18 bytes).
    Removing gd32f1x0_usart.o(.ARM.exidx.text.usart_smartcard_mode_nack_enable), (8 bytes).
    Removing gd32f1x0_usart.o(.text.usart_smartcard_mode_nack_disable), (18 bytes).
    Removing gd32f1x0_usart.o(.ARM.exidx.text.usart_smartcard_mode_nack_disable), (8 bytes).
    Removing gd32f1x0_usart.o(.text.usart_guard_time_config), (28 bytes).
    Removing gd32f1x0_usart.o(.ARM.exidx.text.usart_guard_time_config), (8 bytes).
    Removing gd32f1x0_usart.o(.text.usart_block_length_config), (18 bytes).
    Removing gd32f1x0_usart.o(.ARM.exidx.text.usart_block_length_config), (8 bytes).
    Removing gd32f1x0_usart.o(.text.usart_smartcard_autoretry_config), (30 bytes).
    Removing gd32f1x0_usart.o(.ARM.exidx.text.usart_smartcard_autoretry_config), (8 bytes).
    Removing gd32f1x0_usart.o(.text.usart_irda_mode_enable), (18 bytes).
    Removing gd32f1x0_usart.o(.ARM.exidx.text.usart_irda_mode_enable), (8 bytes).
    Removing gd32f1x0_usart.o(.text.usart_irda_mode_disable), (18 bytes).
    Removing gd32f1x0_usart.o(.ARM.exidx.text.usart_irda_mode_disable), (8 bytes).
    Removing gd32f1x0_usart.o(.text.usart_irda_lowpower_config), (20 bytes).
    Removing gd32f1x0_usart.o(.ARM.exidx.text.usart_irda_lowpower_config), (8 bytes).
    Removing gd32f1x0_usart.o(.text.usart_prescaler_config), (24 bytes).
    Removing gd32f1x0_usart.o(.ARM.exidx.text.usart_prescaler_config), (8 bytes).
    Removing gd32f1x0_usart.o(.text.usart_hardware_flow_rts_config), (24 bytes).
    Removing gd32f1x0_usart.o(.ARM.exidx.text.usart_hardware_flow_rts_config), (8 bytes).
    Removing gd32f1x0_usart.o(.text.usart_hardware_flow_cts_config), (24 bytes).
    Removing gd32f1x0_usart.o(.ARM.exidx.text.usart_hardware_flow_cts_config), (8 bytes).
    Removing gd32f1x0_usart.o(.text.usart_rs485_driver_enable), (18 bytes).
    Removing gd32f1x0_usart.o(.ARM.exidx.text.usart_rs485_driver_enable), (8 bytes).
    Removing gd32f1x0_usart.o(.text.usart_rs485_driver_disable), (18 bytes).
    Removing gd32f1x0_usart.o(.ARM.exidx.text.usart_rs485_driver_disable), (8 bytes).
    Removing gd32f1x0_usart.o(.text.usart_driver_assertime_config), (30 bytes).
    Removing gd32f1x0_usart.o(.ARM.exidx.text.usart_driver_assertime_config), (8 bytes).
    Removing gd32f1x0_usart.o(.text.usart_driver_deassertime_config), (30 bytes).
    Removing gd32f1x0_usart.o(.ARM.exidx.text.usart_driver_deassertime_config), (8 bytes).
    Removing gd32f1x0_usart.o(.text.usart_depolarity_config), (28 bytes).
    Removing gd32f1x0_usart.o(.ARM.exidx.text.usart_depolarity_config), (8 bytes).
    Removing gd32f1x0_usart.o(.text.usart_dma_receive_config), (16 bytes).
    Removing gd32f1x0_usart.o(.ARM.exidx.text.usart_dma_receive_config), (8 bytes).
    Removing gd32f1x0_usart.o(.text.usart_dma_transmit_config), (16 bytes).
    Removing gd32f1x0_usart.o(.ARM.exidx.text.usart_dma_transmit_config), (8 bytes).
    Removing gd32f1x0_usart.o(.text.usart_reception_error_dma_disable), (18 bytes).
    Removing gd32f1x0_usart.o(.ARM.exidx.text.usart_reception_error_dma_disable), (8 bytes).
    Removing gd32f1x0_usart.o(.text.usart_reception_error_dma_enable), (18 bytes).
    Removing gd32f1x0_usart.o(.ARM.exidx.text.usart_reception_error_dma_enable), (8 bytes).
    Removing gd32f1x0_usart.o(.text.usart_wakeup_enable), (10 bytes).
    Removing gd32f1x0_usart.o(.ARM.exidx.text.usart_wakeup_enable), (8 bytes).
    Removing gd32f1x0_usart.o(.text.usart_wakeup_disable), (10 bytes).
    Removing gd32f1x0_usart.o(.ARM.exidx.text.usart_wakeup_disable), (8 bytes).
    Removing gd32f1x0_usart.o(.text.usart_wakeup_mode_config), (28 bytes).
    Removing gd32f1x0_usart.o(.ARM.exidx.text.usart_wakeup_mode_config), (8 bytes).
    Removing gd32f1x0_usart.o(.ARM.exidx.text.usart_flag_get), (8 bytes).
    Removing gd32f1x0_usart.o(.text.usart_flag_clear), (18 bytes).
    Removing gd32f1x0_usart.o(.ARM.exidx.text.usart_flag_clear), (8 bytes).
    Removing gd32f1x0_usart.o(.text.usart_interrupt_enable), (24 bytes).
    Removing gd32f1x0_usart.o(.ARM.exidx.text.usart_interrupt_enable), (8 bytes).
    Removing gd32f1x0_usart.o(.text.usart_interrupt_disable), (26 bytes).
    Removing gd32f1x0_usart.o(.ARM.exidx.text.usart_interrupt_disable), (8 bytes).
    Removing gd32f1x0_usart.o(.text.usart_command_enable), (8 bytes).
    Removing gd32f1x0_usart.o(.ARM.exidx.text.usart_command_enable), (8 bytes).
    Removing gd32f1x0_usart.o(.text.usart_interrupt_flag_get), (34 bytes).
    Removing gd32f1x0_usart.o(.ARM.exidx.text.usart_interrupt_flag_get), (8 bytes).
    Removing gd32f1x0_usart.o(.text.usart_interrupt_flag_clear), (18 bytes).
    Removing gd32f1x0_usart.o(.ARM.exidx.text.usart_interrupt_flag_clear), (8 bytes).
    Removing gd32f1x0_wwdgt.o(.text), (0 bytes).
    Removing gd32f1x0_wwdgt.o(.text.wwdgt_deinit), (20 bytes).
    Removing gd32f1x0_wwdgt.o(.ARM.exidx.text.wwdgt_deinit), (8 bytes).
    Removing gd32f1x0_wwdgt.o(.text.wwdgt_counter_update), (18 bytes).
    Removing gd32f1x0_wwdgt.o(.ARM.exidx.text.wwdgt_counter_update), (8 bytes).
    Removing gd32f1x0_wwdgt.o(.text.wwdgt_enable), (18 bytes).
    Removing gd32f1x0_wwdgt.o(.ARM.exidx.text.wwdgt_enable), (8 bytes).
    Removing gd32f1x0_wwdgt.o(.text.wwdgt_config), (50 bytes).
    Removing gd32f1x0_wwdgt.o(.ARM.exidx.text.wwdgt_config), (8 bytes).
    Removing gd32f1x0_wwdgt.o(.text.wwdgt_interrupt_enable), (18 bytes).
    Removing gd32f1x0_wwdgt.o(.ARM.exidx.text.wwdgt_interrupt_enable), (8 bytes).
    Removing gd32f1x0_wwdgt.o(.text.wwdgt_flag_get), (16 bytes).
    Removing gd32f1x0_wwdgt.o(.ARM.exidx.text.wwdgt_flag_get), (8 bytes).
    Removing gd32f1x0_wwdgt.o(.text.wwdgt_flag_clear), (18 bytes).
    Removing gd32f1x0_wwdgt.o(.ARM.exidx.text.wwdgt_flag_clear), (8 bytes).
    Removing gd32f1x0_eval.o(.text), (0 bytes).
    Removing gd32f1x0_eval.o(.ARM.exidx.text.gd_eval_led_init), (8 bytes).
    Removing gd32f1x0_eval.o(.ARM.exidx.text.gd_eval_led_on), (8 bytes).
    Removing gd32f1x0_eval.o(.ARM.exidx.text.gd_eval_led_off), (8 bytes).
    Removing gd32f1x0_eval.o(.ARM.exidx.text.gd_eval_led_toggle), (8 bytes).
    Removing gd32f1x0_eval.o(.text.gd_eval_key_init), (140 bytes).
    Removing gd32f1x0_eval.o(.ARM.exidx.text.gd_eval_key_init), (8 bytes).
    Removing gd32f1x0_eval.o(.text.gd_eval_key_state_get), (34 bytes).
    Removing gd32f1x0_eval.o(.ARM.exidx.text.gd_eval_key_state_get), (8 bytes).
    Removing gd32f1x0_eval.o(.ARM.exidx.text.gd_eval_com_init), (8 bytes).
    Removing gd32f1x0_eval.o(.rodata.KEY_CLK), (6 bytes).
    Removing gd32f1x0_eval.o(.rodata.KEY_PORT), (12 bytes).
    Removing gd32f1x0_eval.o(.rodata.KEY_PIN), (12 bytes).
    Removing dadd.o(.text), (334 bytes).
    Removing dmul.o(.text), (228 bytes).
    Removing ddiv.o(.text), (222 bytes).
    Removing dfixul.o(.text), (48 bytes).
    Removing cdrcmple.o(.text), (48 bytes).
    Removing depilogue.o(.text), (186 bytes).

1109 unused section(s) (total 23136 bytes) removed from the image.

==============================================================================

Image Symbol Table

    Local Symbols

    Symbol Name                              Value     Ov Type        Size  Object(Section)

    ../../../Firmware/CMSIS/GD/GD32F1x0/Source/ARM/startup_gd32f1x0.s 0x00000000   Number         0  startup_gd32f1x0.o ABSOLUTE
    ../clib/division.s                       0x00000000   Number         0  aeabi_sdiv.o ABSOLUTE
    ../clib/microlib/division.c              0x00000000   Number         0  uidiv.o ABSOLUTE
    ../clib/microlib/division.c              0x00000000   Number         0  uldiv.o ABSOLUTE
    ../clib/microlib/init/entry.s            0x00000000   Number         0  entry.o ABSOLUTE
    ../clib/microlib/init/entry.s            0x00000000   Number         0  entry2.o ABSOLUTE
    ../clib/microlib/init/entry.s            0x00000000   Number         0  entry5.o ABSOLUTE
    ../clib/microlib/init/entry.s            0x00000000   Number         0  entry7a.o ABSOLUTE
    ../clib/microlib/init/entry.s            0x00000000   Number         0  entry7b.o ABSOLUTE
    ../clib/microlib/init/entry.s            0x00000000   Number         0  entry8a.o ABSOLUTE
    ../clib/microlib/init/entry.s            0x00000000   Number         0  entry8b.o ABSOLUTE
    ../clib/microlib/init/entry.s            0x00000000   Number         0  entry9a.o ABSOLUTE
    ../clib/microlib/init/entry.s            0x00000000   Number         0  entry9b.o ABSOLUTE
    ../clib/microlib/init/entry.s            0x00000000   Number         0  entry10a.o ABSOLUTE
    ../clib/microlib/init/entry.s            0x00000000   Number         0  entry10b.o ABSOLUTE
    ../clib/microlib/init/entry.s            0x00000000   Number         0  entry11a.o ABSOLUTE
    ../clib/microlib/init/entry.s            0x00000000   Number         0  entry11b.o ABSOLUTE
    ../clib/microlib/longlong.c              0x00000000   Number         0  llshl.o ABSOLUTE
    ../clib/microlib/longlong.c              0x00000000   Number         0  llushr.o ABSOLUTE
    ../clib/microlib/longlong.c              0x00000000   Number         0  llsshr.o ABSOLUTE
    ../clib/microlib/printf/printf.c         0x00000000   Number         0  printfb.o ABSOLUTE
    ../clib/microlib/printf/printf.c         0x00000000   Number         0  printf0.o ABSOLUTE
    ../clib/microlib/printf/printf.c         0x00000000   Number         0  printf1.o ABSOLUTE
    ../clib/microlib/printf/printf.c         0x00000000   Number         0  printf2.o ABSOLUTE
    ../clib/microlib/printf/printf.c         0x00000000   Number         0  printf3.o ABSOLUTE
    ../clib/microlib/printf/printf.c         0x00000000   Number         0  printf4.o ABSOLUTE
    ../clib/microlib/printf/printf.c         0x00000000   Number         0  printf5.o ABSOLUTE
    ../clib/microlib/printf/printf.c         0x00000000   Number         0  printf6.o ABSOLUTE
    ../clib/microlib/printf/printf.c         0x00000000   Number         0  printf7.o ABSOLUTE
    ../clib/microlib/printf/printf.c         0x00000000   Number         0  printf8.o ABSOLUTE
    ../clib/microlib/printf/printf.c         0x00000000   Number         0  printfa.o ABSOLUTE
    ../clib/microlib/printf/stubs.s          0x00000000   Number         0  printfstubs.o ABSOLUTE
    ../clib/microlib/stdio/putchar.c         0x00000000   Number         0  putchar.o ABSOLUTE
    ../clib/microlib/stdio/puts.c            0x00000000   Number         0  puts.o ABSOLUTE
    ../clib/microlib/stdio/puts.c            0x00000000   Number         0  puts_e.o ABSOLUTE
    ../clib/microlib/stdio/streams.c         0x00000000   Number         0  stdout.o ABSOLUTE
    ../clib/microlib/stubs.s                 0x00000000   Number         0  iusefp.o ABSOLUTE
    ../fplib/microlib/fpadd.c                0x00000000   Number         0  dadd.o ABSOLUTE
    ../fplib/microlib/fpdiv.c                0x00000000   Number         0  ddiv.o ABSOLUTE
    ../fplib/microlib/fpepilogue.c           0x00000000   Number         0  depilogue.o ABSOLUTE
    ../fplib/microlib/fpfix.c                0x00000000   Number         0  dfixul.o ABSOLUTE
    ../fplib/microlib/fpmul.c                0x00000000   Number         0  dmul.o ABSOLUTE
    cdrcmple.s                               0x00000000   Number         0  cdrcmple.o ABSOLUTE
    dc.s                                     0x00000000   Number         0  dc.o ABSOLUTE
    gd32f1x0_adc.c                           0x00000000   Number         0  gd32f1x0_adc.o ABSOLUTE
    gd32f1x0_can.c                           0x00000000   Number         0  gd32f1x0_can.o ABSOLUTE
    gd32f1x0_cec.c                           0x00000000   Number         0  gd32f1x0_cec.o ABSOLUTE
    gd32f1x0_cmp.c                           0x00000000   Number         0  gd32f1x0_cmp.o ABSOLUTE
    gd32f1x0_crc.c                           0x00000000   Number         0  gd32f1x0_crc.o ABSOLUTE
    gd32f1x0_dac.c                           0x00000000   Number         0  gd32f1x0_dac.o ABSOLUTE
    gd32f1x0_dbg.c                           0x00000000   Number         0  gd32f1x0_dbg.o ABSOLUTE
    gd32f1x0_dma.c                           0x00000000   Number         0  gd32f1x0_dma.o ABSOLUTE
    gd32f1x0_eval.c                          0x00000000   Number         0  gd32f1x0_eval.o ABSOLUTE
    gd32f1x0_exti.c                          0x00000000   Number         0  gd32f1x0_exti.o ABSOLUTE
    gd32f1x0_fmc.c                           0x00000000   Number         0  gd32f1x0_fmc.o ABSOLUTE
    gd32f1x0_fwdgt.c                         0x00000000   Number         0  gd32f1x0_fwdgt.o ABSOLUTE
    gd32f1x0_gpio.c                          0x00000000   Number         0  gd32f1x0_gpio.o ABSOLUTE
    gd32f1x0_i2c.c                           0x00000000   Number         0  gd32f1x0_i2c.o ABSOLUTE
    gd32f1x0_it.c                            0x00000000   Number         0  gd32f1x0_it.o ABSOLUTE
    gd32f1x0_ivref.c                         0x00000000   Number         0  gd32f1x0_ivref.o ABSOLUTE
    gd32f1x0_misc.c                          0x00000000   Number         0  gd32f1x0_misc.o ABSOLUTE
    gd32f1x0_opa.c                           0x00000000   Number         0  gd32f1x0_opa.o ABSOLUTE
    gd32f1x0_pmu.c                           0x00000000   Number         0  gd32f1x0_pmu.o ABSOLUTE
    gd32f1x0_rcu.c                           0x00000000   Number         0  gd32f1x0_rcu.o ABSOLUTE
    gd32f1x0_rtc.c                           0x00000000   Number         0  gd32f1x0_rtc.o ABSOLUTE
    gd32f1x0_slcd.c                          0x00000000   Number         0  gd32f1x0_slcd.o ABSOLUTE
    gd32f1x0_spi.c                           0x00000000   Number         0  gd32f1x0_spi.o ABSOLUTE
    gd32f1x0_syscfg.c                        0x00000000   Number         0  gd32f1x0_syscfg.o ABSOLUTE
    gd32f1x0_timer.c                         0x00000000   Number         0  gd32f1x0_timer.o ABSOLUTE
    gd32f1x0_tsi.c                           0x00000000   Number         0  gd32f1x0_tsi.o ABSOLUTE
    gd32f1x0_usart.c                         0x00000000   Number         0  gd32f1x0_usart.o ABSOLUTE
    gd32f1x0_wwdgt.c                         0x00000000   Number         0  gd32f1x0_wwdgt.o ABSOLUTE
    handlers.s                               0x00000000   Number         0  handlers.o ABSOLUTE
    init.s                                   0x00000000   Number         0  init.o ABSOLUTE
    main.c                                   0x00000000   Number         0  main.o ABSOLUTE
    system_gd32f1x0.c                        0x00000000   Number         0  system_gd32f1x0.o ABSOLUTE
    systick.c                                0x00000000   Number         0  systick.o ABSOLUTE
    RESET                                    0x08000000   Section      360  startup_gd32f1x0.o(RESET)
    .ARM.Collect$$$$00000000                 0x08000168   Section        0  entry.o(.ARM.Collect$$$$00000000)
    .ARM.Collect$$$$00000001                 0x08000168   Section        4  entry2.o(.ARM.Collect$$$$00000001)
    .ARM.Collect$$$$00000004                 0x0800016c   Section        4  entry5.o(.ARM.Collect$$$$00000004)
    .ARM.Collect$$$$00000008                 0x08000170   Section        0  entry7b.o(.ARM.Collect$$$$00000008)
    .ARM.Collect$$$$0000000A                 0x08000170   Section        0  entry8b.o(.ARM.Collect$$$$0000000A)
    .ARM.Collect$$$$0000000B                 0x08000170   Section        8  entry9a.o(.ARM.Collect$$$$0000000B)
    __lit__00000000                          0x08000178   Data           4  entry2.o(.ARM.Collect$$$$00002712)
    .ARM.Collect$$$$0000000D                 0x08000178   Section        0  entry10a.o(.ARM.Collect$$$$0000000D)
    .ARM.Collect$$$$0000000F                 0x08000178   Section        0  entry11a.o(.ARM.Collect$$$$0000000F)
    .ARM.Collect$$$$00002712                 0x08000178   Section        4  entry2.o(.ARM.Collect$$$$00002712)
    .text                                    0x0800017c   Section       36  startup_gd32f1x0.o(.text)
    .text                                    0x080001a0   Section       36  init.o(.text)
    [Anonymous Symbol]                       0x080001c4   Section        0  gd32f1x0_it.o(.text.BusFault_Handler)
    [Anonymous Symbol]                       0x080001c8   Section        0  gd32f1x0_it.o(.text.DebugMon_Handler)
    [Anonymous Symbol]                       0x080001cc   Section        0  gd32f1x0_it.o(.text.HardFault_Handler)
    [Anonymous Symbol]                       0x080001d0   Section        0  gd32f1x0_it.o(.text.MemManage_Handler)
    [Anonymous Symbol]                       0x080001d4   Section        0  gd32f1x0_it.o(.text.NMI_Handler)
    NVIC_SetPriority                         0x080001d9   Thumb Code    14  systick.o(.text.NVIC_SetPriority)
    [Anonymous Symbol]                       0x080001d8   Section        0  systick.o(.text.NVIC_SetPriority)
    [Anonymous Symbol]                       0x080001e8   Section        0  gd32f1x0_it.o(.text.PendSV_Handler)
    [Anonymous Symbol]                       0x080001ec   Section        0  gd32f1x0_it.o(.text.SVC_Handler)
    SysTick_Config                           0x080001f1   Thumb Code    42  systick.o(.text.SysTick_Config)
    [Anonymous Symbol]                       0x080001f0   Section        0  systick.o(.text.SysTick_Config)
    [Anonymous Symbol]                       0x0800021c   Section        0  gd32f1x0_it.o(.text.SysTick_Handler)
    [Anonymous Symbol]                       0x08000228   Section        0  system_gd32f1x0.o(.text.SystemInit)
    [Anonymous Symbol]                       0x080002a0   Section        0  gd32f1x0_it.o(.text.UsageFault_Handler)
    [Anonymous Symbol]                       0x080002a4   Section        0  systick.o(.text.delay_1ms)
    [Anonymous Symbol]                       0x080002b8   Section        0  systick.o(.text.delay_decrement)
    [Anonymous Symbol]                       0x080002d0   Section        0  main.o(.text.fputc)
    [Anonymous Symbol]                       0x080002f8   Section        0  gd32f1x0_eval.o(.text.gd_eval_com_init)
    [Anonymous Symbol]                       0x08000380   Section        0  gd32f1x0_eval.o(.text.gd_eval_led_init)
    GPIO_CLK                                 0x080003c4   Number         0  gd32f1x0_eval.o(.text.gd_eval_led_init)
    [Anonymous Symbol]                       0x080003cc   Section        0  gd32f1x0_eval.o(.text.gd_eval_led_off)
    [Anonymous Symbol]                       0x080003e8   Section        0  gd32f1x0_eval.o(.text.gd_eval_led_on)
    [Anonymous Symbol]                       0x08000404   Section        0  gd32f1x0_eval.o(.text.gd_eval_led_toggle)
    [Anonymous Symbol]                       0x08000424   Section        0  gd32f1x0_gpio.o(.text.gpio_af_set)
    [Anonymous Symbol]                       0x08000494   Section        0  gd32f1x0_gpio.o(.text.gpio_mode_set)
    [Anonymous Symbol]                       0x080004e8   Section        0  gd32f1x0_gpio.o(.text.gpio_output_options_set)
    [Anonymous Symbol]                       0x08000530   Section        0  main.o(.text.led_spark)
    [Anonymous Symbol]                       0x08000564   Section        0  main.o(.text.main)
    [Anonymous Symbol]                       0x0800062c   Section        0  gd32f1x0_rcu.o(.text.rcu_clock_freq_get)
    [Anonymous Symbol]                       0x0800077c   Section        0  gd32f1x0_rcu.o(.text.rcu_periph_clock_enable)
    [Anonymous Symbol]                       0x0800079c   Section        0  gd32f1x0_rcu.o(.text.rcu_periph_reset_disable)
    [Anonymous Symbol]                       0x080007bc   Section        0  gd32f1x0_rcu.o(.text.rcu_periph_reset_enable)
    system_clock_8m_irc8m                    0x080007dd   Thumb Code    36  system_gd32f1x0.o(.text.system_clock_8m_irc8m)
    [Anonymous Symbol]                       0x080007dc   Section        0  system_gd32f1x0.o(.text.system_clock_8m_irc8m)
    system_clock_config                      0x08000801   Thumb Code     8  system_gd32f1x0.o(.text.system_clock_config)
    [Anonymous Symbol]                       0x08000800   Section        0  system_gd32f1x0.o(.text.system_clock_config)
    [Anonymous Symbol]                       0x08000808   Section        0  systick.o(.text.systick_config)
    [Anonymous Symbol]                       0x08000834   Section        0  gd32f1x0_usart.o(.text.usart_baudrate_set)
    [Anonymous Symbol]                       0x08000890   Section        0  gd32f1x0_usart.o(.text.usart_data_transmit)
    [Anonymous Symbol]                       0x08000898   Section        0  gd32f1x0_usart.o(.text.usart_deinit)
    [Anonymous Symbol]                       0x080008cc   Section        0  gd32f1x0_usart.o(.text.usart_enable)
    [Anonymous Symbol]                       0x080008d8   Section        0  gd32f1x0_usart.o(.text.usart_flag_get)
    [Anonymous Symbol]                       0x080008e8   Section        0  gd32f1x0_usart.o(.text.usart_receive_config)
    [Anonymous Symbol]                       0x080008f8   Section        0  gd32f1x0_usart.o(.text.usart_transmit_config)
    i.__0printf$2                            0x08000908   Section        0  printf2.o(i.__0printf$2)
    i.__scatterload_copy                     0x08000928   Section       14  handlers.o(i.__scatterload_copy)
    i.__scatterload_null                     0x08000936   Section        2  handlers.o(i.__scatterload_null)
    i.__scatterload_zeroinit                 0x08000938   Section       14  handlers.o(i.__scatterload_zeroinit)
    _printf_core                             0x08000947   Thumb Code   214  printf2.o(i._printf_core)
    i._printf_core                           0x08000946   Section        0  printf2.o(i._printf_core)
    i.putchar                                0x08000a1c   Section        0  putchar.o(i.putchar)
    i.puts                                   0x08000a28   Section        0  puts.o(i.puts)
    GPIO_PORT                                0x08000a4c   Data          16  gd32f1x0_eval.o(.rodata.cst16)
    GPIO_PIN                                 0x08000a5c   Data          16  gd32f1x0_eval.o(.rodata.cst16)
    .data                                    0x20000000   Section        4  stdout.o(.data)
    delay                                    0x20000008   Data           4  systick.o(.bss.delay)
    [Anonymous Symbol]                       0x20000008   Section        0  systick.o(.bss.delay)
    led_spark.timingdelaylocal               0x2000000c   Data           4  main.o(.bss.led_spark.timingdelaylocal)
    [Anonymous Symbol]                       0x2000000c   Section        0  main.o(.bss.led_spark.timingdelaylocal)
    STACK                                    0x20000010   Section     1024  startup_gd32f1x0.o(STACK)

    Global Symbols

    Symbol Name                              Value     Ov Type        Size  Object(Section)

    BuildAttributes$$THM_ISAv4$P$D$K$B$S$PE$A:L22UL41UL21$X:L11$S22US41US21$IEEE1$IW$~IW$USESV6$~STKCKD$USESV7$~SHL$OTIME$ROPI$EBA8$MICROLIB$REQ8$PRES8$EABIv2 0x00000000   Number         0  anon$$obj.o ABSOLUTE
    _printf_a                                0x00000000   Number         0  printfstubs.o ABSOLUTE
    _printf_c                                0x00000000   Number         0  printfstubs.o ABSOLUTE
    _printf_charcount                        0x00000000   Number         0  printfstubs.o ABSOLUTE
    _printf_d                                0x00000000   Number         0  printfstubs.o ABSOLUTE
    _printf_e                                0x00000000   Number         0  printfstubs.o ABSOLUTE
    _printf_f                                0x00000000   Number         0  printfstubs.o ABSOLUTE
    _printf_flags                            0x00000000   Number         0  printfstubs.o ABSOLUTE
    _printf_fp_dec                           0x00000000   Number         0  printfstubs.o ABSOLUTE
    _printf_fp_hex                           0x00000000   Number         0  printfstubs.o ABSOLUTE
    _printf_g                                0x00000000   Number         0  printfstubs.o ABSOLUTE
    _printf_i                                0x00000000   Number         0  printfstubs.o ABSOLUTE
    _printf_int_dec                          0x00000000   Number         0  printfstubs.o ABSOLUTE
    _printf_l                                0x00000000   Number         0  printfstubs.o ABSOLUTE
    _printf_lc                               0x00000000   Number         0  printfstubs.o ABSOLUTE
    _printf_ll                               0x00000000   Number         0  printfstubs.o ABSOLUTE
    _printf_lld                              0x00000000   Number         0  printfstubs.o ABSOLUTE
    _printf_lli                              0x00000000   Number         0  printfstubs.o ABSOLUTE
    _printf_llo                              0x00000000   Number         0  printfstubs.o ABSOLUTE
    _printf_llu                              0x00000000   Number         0  printfstubs.o ABSOLUTE
    _printf_llx                              0x00000000   Number         0  printfstubs.o ABSOLUTE
    _printf_longlong_dec                     0x00000000   Number         0  printfstubs.o ABSOLUTE
    _printf_longlong_hex                     0x00000000   Number         0  printfstubs.o ABSOLUTE
    _printf_longlong_oct                     0x00000000   Number         0  printfstubs.o ABSOLUTE
    _printf_ls                               0x00000000   Number         0  printfstubs.o ABSOLUTE
    _printf_mbtowc                           0x00000000   Number         0  printfstubs.o ABSOLUTE
    _printf_n                                0x00000000   Number         0  printfstubs.o ABSOLUTE
    _printf_o                                0x00000000   Number         0  printfstubs.o ABSOLUTE
    _printf_p                                0x00000000   Number         0  printfstubs.o ABSOLUTE
    _printf_percent                          0x00000000   Number         0  printfstubs.o ABSOLUTE
    _printf_pre_padding                      0x00000000   Number         0  printfstubs.o ABSOLUTE
    _printf_return_value                     0x00000000   Number         0  printfstubs.o ABSOLUTE
    _printf_s                                0x00000000   Number         0  printfstubs.o ABSOLUTE
    _printf_sizespec                         0x00000000   Number         0  printfstubs.o ABSOLUTE
    _printf_str                              0x00000000   Number         0  printfstubs.o ABSOLUTE
    _printf_truncate_signed                  0x00000000   Number         0  printfstubs.o ABSOLUTE
    _printf_truncate_unsigned                0x00000000   Number         0  printfstubs.o ABSOLUTE
    _printf_u                                0x00000000   Number         0  printfstubs.o ABSOLUTE
    _printf_wc                               0x00000000   Number         0  printfstubs.o ABSOLUTE
    _printf_wctomb                           0x00000000   Number         0  printfstubs.o ABSOLUTE
    _printf_widthprec                        0x00000000   Number         0  printfstubs.o ABSOLUTE
    _printf_x                                0x00000000   Number         0  printfstubs.o ABSOLUTE
    __cpp_initialize__aeabi_                  - Undefined Weak Reference
    __cxa_finalize                            - Undefined Weak Reference
    __decompress                              - Undefined Weak Reference
    _clock_init                               - Undefined Weak Reference
    _microlib_exit                            - Undefined Weak Reference
    __Vectors_Size                           0x00000168   Number         0  startup_gd32f1x0.o ABSOLUTE
    __Vectors                                0x08000000   Data           4  startup_gd32f1x0.o(RESET)
    __Vectors_End                            0x08000168   Data           0  startup_gd32f1x0.o(RESET)
    __main                                   0x08000169   Thumb Code     0  entry.o(.ARM.Collect$$$$00000000)
    _main_stk                                0x08000169   Thumb Code     0  entry2.o(.ARM.Collect$$$$00000001)
    _main_scatterload                        0x0800016d   Thumb Code     0  entry5.o(.ARM.Collect$$$$00000004)
    __main_after_scatterload                 0x08000171   Thumb Code     0  entry5.o(.ARM.Collect$$$$00000004)
    _main_clock                              0x08000171   Thumb Code     0  entry7b.o(.ARM.Collect$$$$00000008)
    _main_cpp_init                           0x08000171   Thumb Code     0  entry8b.o(.ARM.Collect$$$$0000000A)
    _main_init                               0x08000171   Thumb Code     0  entry9a.o(.ARM.Collect$$$$0000000B)
    __rt_final_cpp                           0x08000179   Thumb Code     0  entry10a.o(.ARM.Collect$$$$0000000D)
    __rt_final_exit                          0x08000179   Thumb Code     0  entry11a.o(.ARM.Collect$$$$0000000F)
    Reset_Handler                            0x0800017d   Thumb Code     8  startup_gd32f1x0.o(.text)
    ADC_CMP_IRQHandler                       0x08000197   Thumb Code     0  startup_gd32f1x0.o(.text)
    CAN0_RX0_IRQHandler                      0x08000197   Thumb Code     0  startup_gd32f1x0.o(.text)
    CAN0_RX1_IRQHandler                      0x08000197   Thumb Code     0  startup_gd32f1x0.o(.text)
    CAN0_SCE_IRQHandler                      0x08000197   Thumb Code     0  startup_gd32f1x0.o(.text)
    CAN0_TX_IRQHandler                       0x08000197   Thumb Code     0  startup_gd32f1x0.o(.text)
    CAN1_RX0_IRQHandler                      0x08000197   Thumb Code     0  startup_gd32f1x0.o(.text)
    CAN1_RX1_IRQHandler                      0x08000197   Thumb Code     0  startup_gd32f1x0.o(.text)
    CAN1_SCE_IRQHandler                      0x08000197   Thumb Code     0  startup_gd32f1x0.o(.text)
    CAN1_TX_IRQHandler                       0x08000197   Thumb Code     0  startup_gd32f1x0.o(.text)
    CEC_IRQHandler                           0x08000197   Thumb Code     0  startup_gd32f1x0.o(.text)
    DMA_Channel0_IRQHandler                  0x08000197   Thumb Code     0  startup_gd32f1x0.o(.text)
    DMA_Channel1_2_IRQHandler                0x08000197   Thumb Code     0  startup_gd32f1x0.o(.text)
    DMA_Channel3_4_IRQHandler                0x08000197   Thumb Code     0  startup_gd32f1x0.o(.text)
    DMA_Channel5_6_IRQHandler                0x08000197   Thumb Code     0  startup_gd32f1x0.o(.text)
    EXTI0_1_IRQHandler                       0x08000197   Thumb Code     0  startup_gd32f1x0.o(.text)
    EXTI2_3_IRQHandler                       0x08000197   Thumb Code     0  startup_gd32f1x0.o(.text)
    EXTI4_15_IRQHandler                      0x08000197   Thumb Code     0  startup_gd32f1x0.o(.text)
    FMC_IRQHandler                           0x08000197   Thumb Code     0  startup_gd32f1x0.o(.text)
    I2C0_ER_IRQHandler                       0x08000197   Thumb Code     0  startup_gd32f1x0.o(.text)
    I2C0_EV_IRQHandler                       0x08000197   Thumb Code     0  startup_gd32f1x0.o(.text)
    I2C1_ER_IRQHandler                       0x08000197   Thumb Code     0  startup_gd32f1x0.o(.text)
    I2C1_EV_IRQHandler                       0x08000197   Thumb Code     0  startup_gd32f1x0.o(.text)
    I2C2_ER_IRQHandler                       0x08000197   Thumb Code     0  startup_gd32f1x0.o(.text)
    I2C2_EV_IRQHandler                       0x08000197   Thumb Code     0  startup_gd32f1x0.o(.text)
    LVD_IRQHandler                           0x08000197   Thumb Code     0  startup_gd32f1x0.o(.text)
    RCU_IRQHandler                           0x08000197   Thumb Code     0  startup_gd32f1x0.o(.text)
    RTC_IRQHandler                           0x08000197   Thumb Code     0  startup_gd32f1x0.o(.text)
    SLCD_IRQHandler                          0x08000197   Thumb Code     0  startup_gd32f1x0.o(.text)
    SPI0_IRQHandler                          0x08000197   Thumb Code     0  startup_gd32f1x0.o(.text)
    SPI1_IRQHandler                          0x08000197   Thumb Code     0  startup_gd32f1x0.o(.text)
    SPI2_IRQHandler                          0x08000197   Thumb Code     0  startup_gd32f1x0.o(.text)
    TIMER0_BRK_UP_TRG_COM_IRQHandler         0x08000197   Thumb Code     0  startup_gd32f1x0.o(.text)
    TIMER0_Channel_IRQHandler                0x08000197   Thumb Code     0  startup_gd32f1x0.o(.text)
    TIMER13_IRQHandler                       0x08000197   Thumb Code     0  startup_gd32f1x0.o(.text)
    TIMER14_IRQHandler                       0x08000197   Thumb Code     0  startup_gd32f1x0.o(.text)
    TIMER15_IRQHandler                       0x08000197   Thumb Code     0  startup_gd32f1x0.o(.text)
    TIMER16_IRQHandler                       0x08000197   Thumb Code     0  startup_gd32f1x0.o(.text)
    TIMER1_IRQHandler                        0x08000197   Thumb Code     0  startup_gd32f1x0.o(.text)
    TIMER2_IRQHandler                        0x08000197   Thumb Code     0  startup_gd32f1x0.o(.text)
    TIMER5_DAC_IRQHandler                    0x08000197   Thumb Code     0  startup_gd32f1x0.o(.text)
    TSI_IRQHandler                           0x08000197   Thumb Code     0  startup_gd32f1x0.o(.text)
    USART0_IRQHandler                        0x08000197   Thumb Code     0  startup_gd32f1x0.o(.text)
    USART1_IRQHandler                        0x08000197   Thumb Code     0  startup_gd32f1x0.o(.text)
    USBDWakeUp_IRQHandler                    0x08000197   Thumb Code     0  startup_gd32f1x0.o(.text)
    USBD_HP_IRQHandler                       0x08000197   Thumb Code     0  startup_gd32f1x0.o(.text)
    USBD_LP_IRQHandler                       0x08000197   Thumb Code     0  startup_gd32f1x0.o(.text)
    WWDGT_IRQHandler                         0x08000197   Thumb Code     0  startup_gd32f1x0.o(.text)
    __scatterload                            0x080001a1   Thumb Code    28  init.o(.text)
    __scatterload_rt2                        0x080001a1   Thumb Code     0  init.o(.text)
    BusFault_Handler                         0x080001c5   Thumb Code     2  gd32f1x0_it.o(.text.BusFault_Handler)
    DebugMon_Handler                         0x080001c9   Thumb Code     2  gd32f1x0_it.o(.text.DebugMon_Handler)
    HardFault_Handler                        0x080001cd   Thumb Code     2  gd32f1x0_it.o(.text.HardFault_Handler)
    MemManage_Handler                        0x080001d1   Thumb Code     2  gd32f1x0_it.o(.text.MemManage_Handler)
    NMI_Handler                              0x080001d5   Thumb Code     2  gd32f1x0_it.o(.text.NMI_Handler)
    PendSV_Handler                           0x080001e9   Thumb Code     2  gd32f1x0_it.o(.text.PendSV_Handler)
    SVC_Handler                              0x080001ed   Thumb Code     2  gd32f1x0_it.o(.text.SVC_Handler)
    SysTick_Handler                          0x0800021d   Thumb Code    12  gd32f1x0_it.o(.text.SysTick_Handler)
    SystemInit                               0x08000229   Thumb Code   120  system_gd32f1x0.o(.text.SystemInit)
    UsageFault_Handler                       0x080002a1   Thumb Code     2  gd32f1x0_it.o(.text.UsageFault_Handler)
    delay_1ms                                0x080002a5   Thumb Code    20  systick.o(.text.delay_1ms)
    delay_decrement                          0x080002b9   Thumb Code    24  systick.o(.text.delay_decrement)
    fputc                                    0x080002d1   Thumb Code    38  main.o(.text.fputc)
    gd_eval_com_init                         0x080002f9   Thumb Code   136  gd32f1x0_eval.o(.text.gd_eval_com_init)
    gd_eval_led_init                         0x08000381   Thumb Code    76  gd32f1x0_eval.o(.text.gd_eval_led_init)
    gd_eval_led_off                          0x080003cd   Thumb Code    28  gd32f1x0_eval.o(.text.gd_eval_led_off)
    gd_eval_led_on                           0x080003e9   Thumb Code    28  gd32f1x0_eval.o(.text.gd_eval_led_on)
    gd_eval_led_toggle                       0x08000405   Thumb Code    32  gd32f1x0_eval.o(.text.gd_eval_led_toggle)
    gpio_af_set                              0x08000425   Thumb Code   110  gd32f1x0_gpio.o(.text.gpio_af_set)
    gpio_mode_set                            0x08000495   Thumb Code    84  gd32f1x0_gpio.o(.text.gpio_mode_set)
    gpio_output_options_set                  0x080004e9   Thumb Code    70  gd32f1x0_gpio.o(.text.gpio_output_options_set)
    led_spark                                0x08000531   Thumb Code    52  main.o(.text.led_spark)
    main                                     0x08000565   Thumb Code   200  main.o(.text.main)
    rcu_clock_freq_get                       0x0800062d   Thumb Code   336  gd32f1x0_rcu.o(.text.rcu_clock_freq_get)
    rcu_periph_clock_enable                  0x0800077d   Thumb Code    30  gd32f1x0_rcu.o(.text.rcu_periph_clock_enable)
    rcu_periph_reset_disable                 0x0800079d   Thumb Code    32  gd32f1x0_rcu.o(.text.rcu_periph_reset_disable)
    rcu_periph_reset_enable                  0x080007bd   Thumb Code    30  gd32f1x0_rcu.o(.text.rcu_periph_reset_enable)
    systick_config                           0x08000809   Thumb Code    42  systick.o(.text.systick_config)
    usart_baudrate_set                       0x08000835   Thumb Code    90  gd32f1x0_usart.o(.text.usart_baudrate_set)
    usart_data_transmit                      0x08000891   Thumb Code     8  gd32f1x0_usart.o(.text.usart_data_transmit)
    usart_deinit                             0x08000899   Thumb Code    52  gd32f1x0_usart.o(.text.usart_deinit)
    usart_enable                             0x080008cd   Thumb Code    10  gd32f1x0_usart.o(.text.usart_enable)
    usart_flag_get                           0x080008d9   Thumb Code    16  gd32f1x0_usart.o(.text.usart_flag_get)
    usart_receive_config                     0x080008e9   Thumb Code    16  gd32f1x0_usart.o(.text.usart_receive_config)
    usart_transmit_config                    0x080008f9   Thumb Code    16  gd32f1x0_usart.o(.text.usart_transmit_config)
    __0printf$2                              0x08000909   Thumb Code    22  printf2.o(i.__0printf$2)
    __1printf$2                              0x08000909   Thumb Code     0  printf2.o(i.__0printf$2)
    __2printf                                0x08000909   Thumb Code     0  printf2.o(i.__0printf$2)
    __scatterload_copy                       0x08000929   Thumb Code    14  handlers.o(i.__scatterload_copy)
    __scatterload_null                       0x08000937   Thumb Code     2  handlers.o(i.__scatterload_null)
    __scatterload_zeroinit                   0x08000939   Thumb Code    14  handlers.o(i.__scatterload_zeroinit)
    putchar                                  0x08000a1d   Thumb Code     6  putchar.o(i.putchar)
    puts                                     0x08000a29   Thumb Code    30  puts.o(i.puts)
    Region$$Table$$Base                      0x08000a6c   Number         0  anon$$obj.o(Region$$Table)
    Region$$Table$$Limit                     0x08000a8c   Number         0  anon$$obj.o(Region$$Table)
    __stdout                                 0x20000000   Data           4  stdout.o(.data)
    SystemCoreClock                          0x20000004   Data           4  system_gd32f1x0.o(.data.SystemCoreClock)
    __initial_sp                             0x20000410   Data           0  startup_gd32f1x0.o(STACK)



==============================================================================

Memory Map of the image

  Image Entry point : 0x08000169

  Load Region LR_IROM1 (Base: 0x08000000, Size: 0x00000a98, Max: 0x00010000, ABSOLUTE)

    Execution Region ER_IROM1 (Exec base: 0x08000000, Load base: 0x08000000, Size: 0x00000a8c, Max: 0x00010000, ABSOLUTE)

    Exec Addr    Load Addr    Size         Type   Attr      Idx    E Section Name        Object

    0x08000000   0x08000000   0x00000168   Data   RO           80    RESET               startup_gd32f1x0.o
    0x08000168   0x08000168   0x00000000   Code   RO         1343  * .ARM.Collect$$$$00000000  mc_w.l(entry.o)
    0x08000168   0x08000168   0x00000004   Code   RO         1613    .ARM.Collect$$$$00000001  mc_w.l(entry2.o)
    0x0800016c   0x0800016c   0x00000004   Code   RO         1616    .ARM.Collect$$$$00000004  mc_w.l(entry5.o)
    0x08000170   0x08000170   0x00000000   Code   RO         1618    .ARM.Collect$$$$00000008  mc_w.l(entry7b.o)
    0x08000170   0x08000170   0x00000000   Code   RO         1620    .ARM.Collect$$$$0000000A  mc_w.l(entry8b.o)
    0x08000170   0x08000170   0x00000008   Code   RO         1621    .ARM.Collect$$$$0000000B  mc_w.l(entry9a.o)
    0x08000178   0x08000178   0x00000000   Code   RO         1623    .ARM.Collect$$$$0000000D  mc_w.l(entry10a.o)
    0x08000178   0x08000178   0x00000000   Code   RO         1625    .ARM.Collect$$$$0000000F  mc_w.l(entry11a.o)
    0x08000178   0x08000178   0x00000004   Code   RO         1614    .ARM.Collect$$$$00002712  mc_w.l(entry2.o)
    0x0800017c   0x0800017c   0x00000024   Code   RO           81    .text               startup_gd32f1x0.o
    0x080001a0   0x080001a0   0x00000024   Code   RO         1652    .text               mc_w.l(init.o)
    0x080001c4   0x080001c4   0x00000002   Code   RO            8    .text.BusFault_Handler  gd32f1x0_it.o
    0x080001c6   0x080001c6   0x00000002   PAD
    0x080001c8   0x080001c8   0x00000002   Code   RO           14    .text.DebugMon_Handler  gd32f1x0_it.o
    0x080001ca   0x080001ca   0x00000002   PAD
    0x080001cc   0x080001cc   0x00000002   Code   RO            4    .text.HardFault_Handler  gd32f1x0_it.o
    0x080001ce   0x080001ce   0x00000002   PAD
    0x080001d0   0x080001d0   0x00000002   Code   RO            6    .text.MemManage_Handler  gd32f1x0_it.o
    0x080001d2   0x080001d2   0x00000002   PAD
    0x080001d4   0x080001d4   0x00000002   Code   RO            2    .text.NMI_Handler   gd32f1x0_it.o
    0x080001d6   0x080001d6   0x00000002   PAD
    0x080001d8   0x080001d8   0x0000000e   Code   RO           47    .text.NVIC_SetPriority  systick.o
    0x080001e6   0x080001e6   0x00000002   PAD
    0x080001e8   0x080001e8   0x00000002   Code   RO           16    .text.PendSV_Handler  gd32f1x0_it.o
    0x080001ea   0x080001ea   0x00000002   PAD
    0x080001ec   0x080001ec   0x00000002   Code   RO           12    .text.SVC_Handler   gd32f1x0_it.o
    0x080001ee   0x080001ee   0x00000002   PAD
    0x080001f0   0x080001f0   0x0000002a   Code   RO           45    .text.SysTick_Config  systick.o
    0x0800021a   0x0800021a   0x00000002   PAD
    0x0800021c   0x0800021c   0x0000000c   Code   RO           18    .text.SysTick_Handler  gd32f1x0_it.o
    0x08000228   0x08000228   0x00000078   Code   RO           62    .text.SystemInit    system_gd32f1x0.o
    0x080002a0   0x080002a0   0x00000002   Code   RO           10    .text.UsageFault_Handler  gd32f1x0_it.o
    0x080002a2   0x080002a2   0x00000002   PAD
    0x080002a4   0x080002a4   0x00000014   Code   RO           49    .text.delay_1ms     systick.o
    0x080002b8   0x080002b8   0x00000018   Code   RO           51    .text.delay_decrement  systick.o
    0x080002d0   0x080002d0   0x00000026   Code   RO           31    .text.fputc         main.o
    0x080002f6   0x080002f6   0x00000002   PAD
    0x080002f8   0x080002f8   0x00000088   Code   RO         1330    .text.gd_eval_com_init  gd32f1x0_eval.o
    0x08000380   0x08000380   0x0000004c   Code   RO         1318    .text.gd_eval_led_init  gd32f1x0_eval.o
    0x080003cc   0x080003cc   0x0000001c   Code   RO         1322    .text.gd_eval_led_off  gd32f1x0_eval.o
    0x080003e8   0x080003e8   0x0000001c   Code   RO         1320    .text.gd_eval_led_on  gd32f1x0_eval.o
    0x08000404   0x08000404   0x00000020   Code   RO         1324    .text.gd_eval_led_toggle  gd32f1x0_eval.o
    0x08000424   0x08000424   0x0000006e   Code   RO          541    .text.gpio_af_set   gd32f1x0_gpio.o
    0x08000492   0x08000492   0x00000002   PAD
    0x08000494   0x08000494   0x00000054   Code   RO          521    .text.gpio_mode_set  gd32f1x0_gpio.o
    0x080004e8   0x080004e8   0x00000046   Code   RO          523    .text.gpio_output_options_set  gd32f1x0_gpio.o
    0x0800052e   0x0800052e   0x00000002   PAD
    0x08000530   0x08000530   0x00000034   Code   RO           27    .text.led_spark     main.o
    0x08000564   0x08000564   0x000000c8   Code   RO           29    .text.main          main.o
    0x0800062c   0x0800062c   0x00000150   Code   RO          763    .text.rcu_clock_freq_get  gd32f1x0_rcu.o
    0x0800077c   0x0800077c   0x0000001e   Code   RO          683    .text.rcu_periph_clock_enable  gd32f1x0_rcu.o
    0x0800079a   0x0800079a   0x00000002   PAD
    0x0800079c   0x0800079c   0x00000020   Code   RO          693    .text.rcu_periph_reset_disable  gd32f1x0_rcu.o
    0x080007bc   0x080007bc   0x0000001e   Code   RO          691    .text.rcu_periph_reset_enable  gd32f1x0_rcu.o
    0x080007da   0x080007da   0x00000002   PAD
    0x080007dc   0x080007dc   0x00000024   Code   RO           68    .text.system_clock_8m_irc8m  system_gd32f1x0.o
    0x08000800   0x08000800   0x00000008   Code   RO           64    .text.system_clock_config  system_gd32f1x0.o
    0x08000808   0x08000808   0x0000002a   Code   RO           43    .text.systick_config  systick.o
    0x08000832   0x08000832   0x00000002   PAD
    0x08000834   0x08000834   0x0000005a   Code   RO         1154    .text.usart_baudrate_set  gd32f1x0_usart.o
    0x0800088e   0x0800088e   0x00000002   PAD
    0x08000890   0x08000890   0x00000008   Code   RO         1170    .text.usart_data_transmit  gd32f1x0_usart.o
    0x08000898   0x08000898   0x00000034   Code   RO         1152    .text.usart_deinit  gd32f1x0_usart.o
    0x080008cc   0x080008cc   0x0000000a   Code   RO         1162    .text.usart_enable  gd32f1x0_usart.o
    0x080008d6   0x080008d6   0x00000002   PAD
    0x080008d8   0x080008d8   0x00000010   Code   RO         1274    .text.usart_flag_get  gd32f1x0_usart.o
    0x080008e8   0x080008e8   0x00000010   Code   RO         1168    .text.usart_receive_config  gd32f1x0_usart.o
    0x080008f8   0x080008f8   0x00000010   Code   RO         1166    .text.usart_transmit_config  gd32f1x0_usart.o
    0x08000908   0x08000908   0x00000020   Code   RO         1419    i.__0printf$2       mc_w.l(printf2.o)
    0x08000928   0x08000928   0x0000000e   Code   RO         1664    i.__scatterload_copy  mc_w.l(handlers.o)
    0x08000936   0x08000936   0x00000002   Code   RO         1665    i.__scatterload_null  mc_w.l(handlers.o)
    0x08000938   0x08000938   0x0000000e   Code   RO         1666    i.__scatterload_zeroinit  mc_w.l(handlers.o)
    0x08000946   0x08000946   0x000000d6   Code   RO         1426    i._printf_core      mc_w.l(printf2.o)
    0x08000a1c   0x08000a1c   0x0000000c   Code   RO         1348    i.putchar           mc_w.l(putchar.o)
    0x08000a28   0x08000a28   0x00000024   Code   RO         1346    i.puts              mc_w.l(puts.o)
    0x08000a4c   0x08000a4c   0x00000020   Data   RO         1332    .rodata.cst16       gd32f1x0_eval.o
    0x08000a6c   0x08000a6c   0x00000020   Data   RO         1663    Region$$Table       anon$$obj.o


    Execution Region RW_IRAM1 (Exec base: 0x20000000, Load base: 0x08000a90, Size: 0x00000410, Max: 0x00002000, ABSOLUTE)

    Exec Addr    Load Addr    Size         Type   Attr      Idx    E Section Name        Object

    0x20000000   0x08000a90   0x00000004   Data   RW         1627    .data               mc_w.l(stdout.o)
    0x20000004   0x08000a94   0x00000004   Data   RW           70    .data.SystemCoreClock  system_gd32f1x0.o
    0x20000008        -       0x00000004   Zero   RW           53    .bss.delay          systick.o
    0x2000000c        -       0x00000004   Zero   RW           33    .bss.led_spark.timingdelaylocal  main.o
    0x20000010        -       0x00000400   Zero   RW           78    STACK               startup_gd32f1x0.o


==============================================================================

Image component sizes


      Code (inc. data)   RO Data    RW Data    ZI Data      Debug   Object Name

       300          8         32          0          0       3989   gd32f1x0_eval.o
       264          0          0          0          0       4510   gd32f1x0_gpio.o
        28          0          0          0          0       1088   gd32f1x0_it.o
       428         36          0          0          0      13958   gd32f1x0_rcu.o
       208          0          0          0          0      13931   gd32f1x0_usart.o
       290        104          0          0          4       2215   main.o
        36          8        360          0       1024        948   startup_gd32f1x0.o
       164          0          0          4          0       1738   system_gd32f1x0.o
       142          0          0          0          4       3754   systick.o

    ----------------------------------------------------------------------
      1896        156        424          4       1032      46131   Object Totals
         0          0         32          0          0          0   (incl. Generated)
        36          0          0          0          0          0   (incl. Padding)

    ----------------------------------------------------------------------

      Code (inc. data)   RO Data    RW Data    ZI Data      Debug   Library Member Name

         0          0          0          0          0          0   entry.o
         0          0          0          0          0          0   entry10a.o
         0          0          0          0          0          0   entry11a.o
         8          4          0          0          0          0   entry2.o
         4          0          0          0          0          0   entry5.o
         0          0          0          0          0          0   entry7b.o
         0          0          0          0          0          0   entry8b.o
         8          4          0          0          0          0   entry9a.o
        30          0          0          0          0          0   handlers.o
        36          8          0          0          0         68   init.o
       246         10          0          0          0        176   printf2.o
        12          6          0          0          0         68   putchar.o
        36          6          0          0          0         80   puts.o
         0          0          0          4          0          0   stdout.o

    ----------------------------------------------------------------------
       380         38          0          4          0        392   Library Totals
         0          0          0          0          0          0   (incl. Padding)

    ----------------------------------------------------------------------

      Code (inc. data)   RO Data    RW Data    ZI Data      Debug   Library Name

       380         38          0          4          0        392   mc_w.l

    ----------------------------------------------------------------------
       380         38          0          4          0        392   Library Totals

    ----------------------------------------------------------------------

==============================================================================


      Code (inc. data)   RO Data    RW Data    ZI Data      Debug   

      2276        194        424          8       1032      46407   Grand Totals
      2276        194        424          8       1032      46407   ELF Image Totals
      2276        194        424          8          0          0   ROM Totals

==============================================================================

    Total RO  Size (Code + RO Data)                 2700 (   2.64kB)
    Total RW  Size (RW Data + ZI Data)              1040 (   1.02kB)
    Total ROM Size (Code + RO Data + RW Data)       2708 (   2.64kB)

==============================================================================

